Microchip MPLAB XC8 Compiler V1.20 ()

Linker command line:

--edf=C:\Program Files (x86)\Microchip\xc8\v1.20\dat\en_msgs.txt -cs \
  -h+dist/UseC18/production\Framework.X.production.sym \
  --cmf=dist/UseC18/production\Framework.X.production.cmf -z -Q18F2680 \
  -oC:\Users\Ben\AppData\Local\Temp\s6p8.6 \
  -Mdist/UseC18/production/Framework.X.production.map -E1 -ver=XC8 \
  -ACODE=00h-0FFFFh -ACONST=00h-0FFFFh -ASMALLCONST=0D00h-0DFFhx243 \
  -AMEDIUMCONST=0D00h-0FFFFh -ACOMRAM=01h-05Fh -AABS1=00h-0CFFh \
  -ABIGRAM=01h-0CFFh -ARAM=060h-0FFh,0100h-01FFhx12 -ABANK0=060h-0FFh \
  -ABANK1=0100h-01FFh -ABANK2=0200h-02FFh -ABANK3=0300h-03FFh \
  -ABANK4=0400h-04FFh -ABANK5=0500h-05FFh -ABANK6=0600h-06FFh \
  -ABANK7=0700h-07FFh -ABANK8=0800h-08FFh -ABANK9=0900h-09FFh \
  -ABANK10=0A00h-0AFFh -ABANK11=0B00h-0BFFh -ABANK12=0C00h-0CFFh \
  -ASFR=0D00h-0DFFhx2,0F00h-0F5Fh,0F60h-0FFFh \
  -preset_vec=00h,intcode=08h,intcodelo=018h,powerup,init,end_init \
  -pramtop=0D00h -psmallconst=SMALLCONST -pmediumconst=MEDIUMCONST \
  -pconst=CONST -AFARRAM=00h-00h -ACONFIG=0300000h-030000Dh -pconfig=CONFIG \
  -AIDLOC=0200000h-0200007h -pidloc=IDLOC -AEEDATA=0F00000h-0F003FFh \
  -peeprom_data=EEDATA \
  -prdata=COMRAM,nvrram=COMRAM,nvbit=COMRAM,rbss=COMRAM,rbit=COMRAM \
  -pfarbss=FARRAM,fardata=FARRAM,nvFARRAM=FARRAM \
  -pintsave_regs=BIGRAM,bigbss=BIGRAM,bigdata=BIGRAM -pbss=RAM \
  -pidata=CODE,irdata=CODE,ibigdata=CODE,ifardata=CODE \
  C:\Users\Ben\AppData\Local\Temp\s6p8.obj \
  dist/UseC18/production\Framework.X.production.obj 

Object code version is 3.11

Machine type is 18F2680

Call graph: (short form)




                Name                               Link     Load   Length Selector   Space Scale
C:\Users\Ben\AppData\Local\Temp\s6p8.obj
                end_init                             C8       C8        4        C       0
                reset_vec                             0        0        4        0       0
                idloc                            200000   200000        8   200000       0
                config                           300000   300000        E   300000       0
dist/UseC18/production\Framework.X.production.obj
                intcodelo                            18       18       B0        C       0
                intcode                               8        8       10        4       0
                text54                             14B4     14B4       4E        C       0
                text53                              D86      D86       FC        C       0
                text52                             188C     188C       28        C       0
                text51                              F52      F52       C2        C       0
                text50                               CC       CC      658        C       0
                text49                             19AE     19AE       12        C       0
                text48                              B50      B50      12C        C       0
                text47                             180E     180E       2C        C       0
                text46                             1014     1014       BA        C       0
                text45                             19D0     19D0       10        C       0
                text44                             1A04     1A04        6        C       0
                text43                             154C     154C       42        C       0
                text42                             1920     1920       22        C       0
                text41                             164C     164C       38        C       0
                text40                             19FE     19FE        6        C       0
                text39                             199C     199C       12        C       0
                text38                             1756     1756       32        C       0
                text37                             16BA     16BA       36        C       0
                text36                             13A6     13A6       6A        C       0
                intcode_body                       1222     1222       AA        C       0
                text34                             15CE     15CE       40        C       0
                text33                             1178     1178       AA        C       0
                text32                             18FE     18FE       22        C       0
                text31                             198A     198A       12        C       0
                text30                             183A     183A       2A        C       0
                text29                              E82      E82       D0        C       0
                text28                             18B4     18B4       26        C       0
                text27                             19C0     19C0       10        C       0
                text26                             1864     1864       28        C       0
                text24                             19F6     19F6        8        C       0
                text23                             1978     1978       12        C       0
                text22                             12CC     12CC       70        C       0
                text21                             133C     133C       6A        C       0
                text20                             16F0     16F0       34        C       0
                text19                             1966     1966       12        C       0
                text18                             1954     1954       12        C       0
                text17                             1724     1724       32        C       0
                text16                             158E     158E       40        C       0
                text15                             1684     1684       36        C       0
                text14                             1942     1942       12        C       0
                text13                             10CE     10CE       AA        C       0
                text12                             1466     1466       4E        C       0
                text11                              A24      A24      12C        C       0
                text10                             17E2     17E2       2C        C       0
                text9                              19EC     19EC        A        C       0
                text8                               C7C      C7C      10A        C       0
                text7                              17B6     17B6       2C        C       0
                text6                              18DA     18DA       24        C       0
                text5                              19E0     19E0        C        C       0
                text4                              1502     1502       4A        C       0
                text3                              1A0A     1A0A        4        C       0
                text2                              1410     1410       56        C       0
                text1                              160E     160E       3E        C       0
                cstackCOMRAM                          1        1       2F        1       1
                cstackBANK0                          60       60       52       60       1
                cstackBANK1                         1D8      1D8       16      100       1
                bssBANK1                            100      100       D8      100       1
                bssBANK0                             B2       B2        8       60       1
                bssCOMRAM                            30       30       15        1       1
                cinit                              1788     1788       2E        C       0
                text0                               724      724      300        C       0

TOTAL           Name                               Link     Load   Length     Space
        CLASS   CODE           
                end_init                             C8       C8        4         0
                intcodelo                            18       18       B0         0
                intcode                               8        8       10         0
                reset_vec                             0        0        4         0
                text54                             14B4     14B4       4E         0
                text53                              D86      D86       FC         0
                text52                             188C     188C       28         0
                text51                              F52      F52       C2         0
                text50                               CC       CC      658         0
                text49                             19AE     19AE       12         0
                text48                              B50      B50      12C         0
                text47                             180E     180E       2C         0
                text46                             1014     1014       BA         0
                text45                             19D0     19D0       10         0
                text44                             1A04     1A04        6         0
                text43                             154C     154C       42         0
                text42                             1920     1920       22         0
                text41                             164C     164C       38         0
                text40                             19FE     19FE        6         0
                text39                             199C     199C       12         0
                text38                             1756     1756       32         0
                text37                             16BA     16BA       36         0
                text36                             13A6     13A6       6A         0
                intcode_body                       1222     1222       AA         0
                text34                             15CE     15CE       40         0
                text33                             1178     1178       AA         0
                text32                             18FE     18FE       22         0
                text31                             198A     198A       12         0
                text30                             183A     183A       2A         0
                text29                              E82      E82       D0         0
                text28                             18B4     18B4       26         0
                text27                             19C0     19C0       10         0
                text26                             1864     1864       28         0
                text24                             19F6     19F6        8         0
                text23                             1978     1978       12         0
                text22                             12CC     12CC       70         0
                text21                             133C     133C       6A         0
                text20                             16F0     16F0       34         0
                text19                             1966     1966       12         0
                text18                             1954     1954       12         0
                text17                             1724     1724       32         0
                text16                             158E     158E       40         0
                text15                             1684     1684       36         0
                text14                             1942     1942       12         0
                text13                             10CE     10CE       AA         0
                text12                             1466     1466       4E         0
                text11                              A24      A24      12C         0
                text10                             17E2     17E2       2C         0
                text9                              19EC     19EC        A         0
                text8                               C7C      C7C      10A         0
                text7                              17B6     17B6       2C         0
                text6                              18DA     18DA       24         0
                text5                              19E0     19E0        C         0
                text4                              1502     1502       4A         0
                text3                              1A0A     1A0A        4         0
                text2                              1410     1410       56         0
                text1                              160E     160E       3E         0
                cinit                              1788     1788       2E         0
                text0                               724      724      300         0

        CLASS   CONST          

        CLASS   SMALLCONST     

        CLASS   MEDIUMCONST    

        CLASS   COMRAM         
                cstackCOMRAM                          1        1       2F         1
                bssCOMRAM                            30       30       15         1

        CLASS   ABS1           

        CLASS   BIGRAM         

        CLASS   RAM            

        CLASS   BANK0          
                cstackBANK0                          60       60       52         1
                bssBANK0                             B2       B2        8         1

        CLASS   BANK1          
                cstackBANK1                         1D8      1D8       16         1
                bssBANK1                            100      100       D8         1

        CLASS   BANK2          

        CLASS   BANK3          

        CLASS   BANK4          

        CLASS   BANK5          

        CLASS   BANK6          

        CLASS   BANK7          

        CLASS   BANK8          

        CLASS   BANK9          

        CLASS   BANK10         

        CLASS   BANK11         

        CLASS   BANK12         

        CLASS   SFR            

        CLASS   FARRAM         

        CLASS   CONFIG         
                config                           300000   300000        E         0

        CLASS   IDLOC          
                idloc                            200000   200000        8         0

        CLASS   EEDATA         



SEGMENTS        Name                           Load    Length   Top    Selector   Space  Class

                reset_vec                      000000  000004  000004         0       0  CODE    
                cstackCOMRAM                   000001  000044  000045         1       1  COMRAM  
                intcode                        000008  000010  000018         4       0  CODE    
                intcodelo                      000018  0019F6  001A0E         C       0  CODE    
                cstackBANK0                    000060  00005A  0000BA        60       1  BANK0   
                bssBANK1                       000100  0000EE  0001EE       100       1  BANK1   
                idloc                          200000  000008  200008    200000       0  IDLOC   
                config                         300000  00000E  30000E    300000       0  CONFIG  


UNUSED ADDRESS RANGES

        Name                Unused          Largest block    Delta
        BANK0            0000BA-0000FF               46
        BANK1            0001EE-0001FF               12
        BANK10           000A00-000AFF              100
        BANK11           000B00-000BFF              100
        BANK12           000C00-000CFF              100
        BANK2            000200-0002FF              100
        BANK3            000300-0003FF              100
        BANK4            000400-0004FF              100
        BANK5            000500-0005FF              100
        BANK6            000600-0006FF              100
        BANK7            000700-0007FF              100
        BANK8            000800-0008FF              100
        BANK9            000900-0009FF              100
        BIGRAM           000045-00005F               1B
                         0000BA-0000FF               46
                         0001EE-000CFF              B12
        CODE             000004-000007                4
                         001A0E-00FFFF             E5F2
        COMRAM           000045-00005F               1B
        CONST            000004-000007                4
                         001A0E-00FFFF             E5F2
        EEDATA           F00000-F003FF              400
        MEDIUMCONST      001A0E-00FFFF             E5F2
        RAM              0000BA-0000FF               46
                         0001EE-000CFF              100
        SFR              000D00-000FFF              100
        SMALLCONST       001A0E-00FFFF              100

                                  Symbol Table

?_Delay1KTCYx                    cstackBANK0  000093
?_FromMainHigh_recvmsg           cstackCOMRAM 000019
?_OpenI2C                        cstackBANK0  000093
?_OpenTimer1                     cstackBANK0  000093
?_ReadADC                        cstackBANK0  000060
?_ToMainHigh_recvmsg             cstackBANK0  0000AB
?_ToMainHigh_sendmsg             cstackBANK0  000076
?_ToMainLow_recvmsg              cstackBANK0  0000AB
?_ToMainLow_sendmsg              cstackCOMRAM 000017
?_WriteI2C                       cstackBANK0  000093
?_WriteTimer0                    cstackBANK0  000060
?_WriteTimer1                    cstackBANK0  000093
?_WriteUSART                     cstackCOMRAM 000001
?_check_msg                      cstackBANK0  000093
?_handle_start                   cstackBANK0  000060
?_in_high_int                    cstackBANK0  000093
?_in_low_int                     cstackBANK0  000095
?_in_main                        cstackBANK0  000097
?_init_queue                     cstackBANK0  000093
?_init_timer1_lthread            cstackBANK0  000093
?_memcpy                         cstackBANK0  000093
?_recv_msg                       cstackBANK0  00009D
?_send_msg                       cstackCOMRAM 00000B
?_start_i2c_slave_reply          cstackBANK0  000093
?_timer0_lthread                 cstackBANK0  000093
?_timer1_lthread                 cstackBANK0  000095
?_uart_lthread                   cstackBANK0  000093
?i1_WriteTimer1                  cstackCOMRAM 000001
?i1_memcpy                       cstackCOMRAM 000001
?i1_recv_msg                     cstackCOMRAM 00000B
?i2_FromMainHigh_recvmsg         cstackBANK0  000078
?i2_check_msg                    cstackBANK0  000060
?i2_in_high_int                  cstackBANK0  000060
?i2_in_low_int                   cstackBANK0  000062
?i2_memcpy                       cstackBANK0  000060
?i2_recv_msg                     cstackBANK0  00006A
?i2_send_msg                     cstackBANK0  00006A
Delay1KTCYx@unit                 cstackBANK0  000093
FromMainHigh_recvmsg@data        cstackCOMRAM 00001C
FromMainHigh_recvmsg@maxlength   cstackCOMRAM 000019
FromMainHigh_recvmsg@msgtype     cstackCOMRAM 00001A
OpenI2C@slew                     cstackBANK0  000094
OpenI2C@sync_mode                cstackBANK0  000093
OpenTimer1@config                cstackBANK0  000093
ReadUSART@data                   cstackBANK0  000060
ToMainHigh_recvmsg@data          cstackBANK0  0000AE
ToMainHigh_recvmsg@maxlength     cstackBANK0  0000AB
ToMainHigh_recvmsg@msgtype       cstackBANK0  0000AC
ToMainHigh_sendmsg@data          cstackBANK0  000078
ToMainHigh_sendmsg@length        cstackBANK0  000076
ToMainHigh_sendmsg@msgtype       cstackBANK0  000077
ToMainLow_recvmsg@data           cstackBANK0  0000AE
ToMainLow_recvmsg@maxlength      cstackBANK0  0000AB
ToMainLow_recvmsg@msgtype        cstackBANK0  0000AC
ToMainLow_sendmsg@data           cstackCOMRAM 000019
ToMainLow_sendmsg@length         cstackCOMRAM 000017
ToMainLow_sendmsg@msgtype        cstackCOMRAM 000018
WriteI2C@data_out                cstackBANK0  000093
WriteTimer0@timer                cstackBANK0  000062
WriteTimer0@timer0               cstackBANK0  000060
WriteTimer1@timer                cstackBANK0  000095
WriteTimer1@timer1               cstackBANK0  000093
WriteUSART@data                  cstackCOMRAM 000001
_ADCValue                        bssBANK0     0000B2
_ADRESH                          (abs)        000FC4
_ADRESL                          (abs)        000FC3
_CloseI2C                        text3        001A0A
_CloseTimer1                     text44       001A04
_Delay1KTCYx                     text14       001942
_FromMainHigh_MQ                 bssBANK1     000100
_FromMainHigh_recvmsg            text28       0018B4
_FromMainLow_MQ                  bssBANK1     000136
_INTCONbits                      (abs)        000FF2
_IPR1bits                        (abs)        000F9F
_IdleI2C                         text5        0019E0
_InterruptHandlerHigh            intcode      000008
_InterruptHandlerLow             intcodelo    000018
_LATB                            (abs)        000F8A
_LATBbits                        (abs)        000F8A
_MQ_Main_Willing_to_block        bssBANK0     0000B8
_OSCCON                          (abs)        000FD3
_OSCCONbits                      (abs)        000FD3
_OSCTUNEbits                     (abs)        000F9B
_OpenI2C                         text6        0018DA
_OpenTimer1                      text20       0016F0
_PIE1bits                        (abs)        000F9D
_PIR1bits                        (abs)        000F9E
_RCONbits                        (abs)        000FD0
_RCREG                           (abs)        000FAE
_RCSTAbits                       (abs)        000FAB
_ReadADC                         text45       0019D0
_ReadUSART                       text42       001920
_SSPADD                          (abs)        000FC8
_SSPBUF                          (abs)        000FC9
_SSPCON1                         (abs)        000FC6
_SSPCON1bits                     (abs)        000FC6
_SSPCON2                         (abs)        000FC5
_SSPCON2bits                     (abs)        000FC5
_SSPSTAT                         (abs)        000FC7
_SSPSTATbits                     (abs)        000FC7
_SleepIfOkay                     text36       0013A6
_T1CON                           (abs)        000FCD
_T1CONbits                       (abs)        000FCD
_TMR0H                           (abs)        000FD7
_TMR0L                           (abs)        000FD6
_TMR1H                           (abs)        000FCF
_TMR1L                           (abs)        000FCE
_TRISB                           (abs)        000F93
_TRISCbits                       (abs)        000F94
_TXREG                           (abs)        000FAD
_TXSTAbits                       (abs)        000FAC
_ToMainHigh_MQ                   bssBANK1     00016C
_ToMainHigh_recvmsg              text10       0017E2
_ToMainHigh_sendmsg              text52       00188C
_ToMainLow_MQ                    bssBANK1     0001A2
_ToMainLow_recvmsg               text7        0017B6
_ToMainLow_sendmsg               text32       0018FE
_USART_Status                    bssCOMRAM    000036
_WriteI2C                        text4        001502
_WriteTimer0                     text49       0019AE
_WriteTimer1                     text19       001966
_WriteUSART                      text27       0019C0
__CFG_BBSIZ$1024                 (abs)        000000
__CFG_BOREN$OFF                  (abs)        000000
__CFG_BORV$3                     (abs)        000000
__CFG_FCMEN$OFF                  (abs)        000000
__CFG_IESO$OFF                   (abs)        000000
__CFG_LPT1OSC$OFF                (abs)        000000
__CFG_LVP$OFF                    (abs)        000000
__CFG_MCLRE$ON                   (abs)        000000
__CFG_OSC$IRCIO67                (abs)        000000
__CFG_PBADEN$OFF                 (abs)        000000
__CFG_PWRT$OFF                   (abs)        000000
__CFG_STVREN$OFF                 (abs)        000000
__CFG_WDT$OFF                    (abs)        000000
__CFG_WDTPS$32768                (abs)        000000
__HRAM                           (abs)        000000
__Habs1                          abs1         000000
__Hbank0                         bank0        000000
__Hbank1                         bank1        000000
__Hbank10                        bank10       000000
__Hbank11                        bank11       000000
__Hbank12                        bank12       000000
__Hbank2                         bank2        000000
__Hbank3                         bank3        000000
__Hbank4                         bank4        000000
__Hbank5                         bank5        000000
__Hbank6                         bank6        000000
__Hbank7                         bank7        000000
__Hbank8                         bank8        000000
__Hbank9                         bank9        000000
__Hbigbss                        bigbss       000000
__Hbigdata                       bigdata      000000
__Hbigram                        bigram       000000
__Hbss                           bss          000000
__HbssBANK0                      bssBANK0     000000
__HbssBANK1                      bssBANK1     000000
__HbssCOMRAM                     bssCOMRAM    000000
__Hcinit                         cinit        000000
__Hclrtext                       clrtext      000000
__Hcomram                        comram       000000
__Hconfig                        config       30000E
__Hconst                         const        000000
__HcstackBANK0                   cstackBANK0  000000
__HcstackBANK1                   cstackBANK1  000000
__HcstackCOMRAM                  cstackCOMRAM 000000
__Hdata                          data         000000
__Heeprom_data                   eeprom_data  000000
__Hend_init                      end_init     0000CC
__Hfarbss                        farbss       000000
__Hfardata                       fardata      000000
__Hibigdata                      ibigdata     000000
__Hidata                         idata        000000
__Hidloc                         idloc        200008
__Hifardata                      ifardata     000000
__Hinit                          init         0000C8
__Hintcode                       intcode      000018
__Hintcode_body                  intcode_body 000000
__Hintcodelo                     intcodelo    0000C8
__Hintentry                      intentry     000000
__Hintret                        intret       000000
__Hintsave_regs                  intsave_regs 000000
__Hirdata                        irdata       000000
__Hmediumconst                   mediumconst  000000
__HnvFARRAM                      nvFARRAM     000000
__Hnvbit                         nvbit        000000
__Hnvrram                        nvrram       000000
__Hparam                         param0       000000
__Hparam0                        param0       000000
__Hpowerup                       powerup      0000C8
__Hram                           ram          000000
__Hramtop                        ramtop       000D00
__Hrbit                          rbit         000000
__Hrbss                          rbss         000000
__Hrdata                         rdata        000000
__Hreset_vec                     reset_vec    000004
__Hsfr                           sfr          000000
__Hsmallconst                    smallconst   000000
__Hstruct                        struct       000000
__Htemp                          temp         000000
__Htext                          text         000000
__Htext0                         text0        000000
__Htext1                         text1        000000
__Htext10                        text10       000000
__Htext11                        text11       000000
__Htext12                        text12       000000
__Htext13                        text13       000000
__Htext14                        text14       000000
__Htext15                        text15       000000
__Htext16                        text16       000000
__Htext17                        text17       000000
__Htext18                        text18       000000
__Htext19                        text19       000000
__Htext2                         text2        000000
__Htext20                        text20       000000
__Htext21                        text21       000000
__Htext22                        text22       000000
__Htext23                        text23       000000
__Htext24                        text24       000000
__Htext26                        text26       000000
__Htext27                        text27       000000
__Htext28                        text28       000000
__Htext29                        text29       000000
__Htext3                         text3        000000
__Htext30                        text30       000000
__Htext31                        text31       000000
__Htext32                        text32       000000
__Htext33                        text33       000000
__Htext34                        text34       000000
__Htext36                        text36       000000
__Htext37                        text37       000000
__Htext38                        text38       000000
__Htext39                        text39       000000
__Htext4                         text4        000000
__Htext40                        text40       000000
__Htext41                        text41       000000
__Htext42                        text42       000000
__Htext43                        text43       000000
__Htext44                        text44       000000
__Htext45                        text45       000000
__Htext46                        text46       000000
__Htext47                        text47       000000
__Htext48                        text48       000000
__Htext49                        text49       000000
__Htext5                         text5        000000
__Htext50                        text50       000000
__Htext51                        text51       000000
__Htext52                        text52       000000
__Htext53                        text53       000000
__Htext54                        text54       000000
__Htext6                         text6        000000
__Htext7                         text7        000000
__Htext8                         text8        000000
__Htext9                         text9        000000
__LRAM                           (abs)        000001
__Labs1                          abs1         000000
__Lbank0                         bank0        000000
__Lbank1                         bank1        000000
__Lbank10                        bank10       000000
__Lbank11                        bank11       000000
__Lbank12                        bank12       000000
__Lbank2                         bank2        000000
__Lbank3                         bank3        000000
__Lbank4                         bank4        000000
__Lbank5                         bank5        000000
__Lbank6                         bank6        000000
__Lbank7                         bank7        000000
__Lbank8                         bank8        000000
__Lbank9                         bank9        000000
__Lbigbss                        bigbss       000000
__Lbigdata                       bigdata      000000
__Lbigram                        bigram       000000
__Lbss                           bss          000000
__LbssBANK0                      bssBANK0     000000
__LbssBANK1                      bssBANK1     000000
__LbssCOMRAM                     bssCOMRAM    000000
__Lcinit                         cinit        000000
__Lclrtext                       clrtext      000000
__Lcomram                        comram       000000
__Lconfig                        config       300000
__Lconst                         const        000000
__LcstackBANK0                   cstackBANK0  000000
__LcstackBANK1                   cstackBANK1  000000
__LcstackCOMRAM                  cstackCOMRAM 000000
__Ldata                          data         000000
__Leeprom_data                   eeprom_data  000000
__Lend_init                      end_init     0000C8
__Lfarbss                        farbss       000000
__Lfardata                       fardata      000000
__Libigdata                      ibigdata     000000
__Lidata                         idata        000000
__Lidloc                         idloc        200000
__Lifardata                      ifardata     000000
__Linit                          init         0000C8
__Lintcode                       intcode      000008
__Lintcode_body                  intcode_body 000000
__Lintcodelo                     intcodelo    000018
__Lintentry                      intentry     000000
__Lintret                        intret       000000
__Lintsave_regs                  intsave_regs 000000
__Lirdata                        irdata       000000
__Lmediumconst                   mediumconst  000000
__LnvFARRAM                      nvFARRAM     000000
__Lnvbit                         nvbit        000000
__Lnvrram                        nvrram       000000
__Lparam                         param0       000000
__Lparam0                        param0       000000
__Lpowerup                       powerup      0000C8
__Lram                           ram          000000
__Lramtop                        ramtop       000D00
__Lrbit                          rbit         000000
__Lrbss                          rbss         000000
__Lrdata                         rdata        000000
__Lreset_vec                     reset_vec    000000
__Lsfr                           sfr          000000
__Lsmallconst                    smallconst   000000
__Lstruct                        struct       000000
__Ltemp                          temp         000000
__Ltext                          text         000000
__Ltext0                         text0        000000
__Ltext1                         text1        000000
__Ltext10                        text10       000000
__Ltext11                        text11       000000
__Ltext12                        text12       000000
__Ltext13                        text13       000000
__Ltext14                        text14       000000
__Ltext15                        text15       000000
__Ltext16                        text16       000000
__Ltext17                        text17       000000
__Ltext18                        text18       000000
__Ltext19                        text19       000000
__Ltext2                         text2        000000
__Ltext20                        text20       000000
__Ltext21                        text21       000000
__Ltext22                        text22       000000
__Ltext23                        text23       000000
__Ltext24                        text24       000000
__Ltext26                        text26       000000
__Ltext27                        text27       000000
__Ltext28                        text28       000000
__Ltext29                        text29       000000
__Ltext3                         text3        000000
__Ltext30                        text30       000000
__Ltext31                        text31       000000
__Ltext32                        text32       000000
__Ltext33                        text33       000000
__Ltext34                        text34       000000
__Ltext36                        text36       000000
__Ltext37                        text37       000000
__Ltext38                        text38       000000
__Ltext39                        text39       000000
__Ltext4                         text4        000000
__Ltext40                        text40       000000
__Ltext41                        text41       000000
__Ltext42                        text42       000000
__Ltext43                        text43       000000
__Ltext44                        text44       000000
__Ltext45                        text45       000000
__Ltext46                        text46       000000
__Ltext47                        text47       000000
__Ltext48                        text48       000000
__Ltext49                        text49       000000
__Ltext5                         text5        000000
__Ltext50                        text50       000000
__Ltext51                        text51       000000
__Ltext52                        text52       000000
__Ltext53                        text53       000000
__Ltext54                        text54       000000
__Ltext6                         text6        000000
__Ltext7                         text7        000000
__Ltext8                         text8        000000
__Ltext9                         text9        000000
__S0                             (abs)        30000E
__S1                             (abs)        0001EE
__accesstop                      (abs)        000060
__activetblptr                   (abs)        000002
__end_of_CloseI2C                text3        001A0E
__end_of_CloseTimer1             text44       001A0A
__end_of_Delay1KTCYx             text14       001954
__end_of_FromMainHigh_recvmsg    text28       0018DA
__end_of_IdleI2C                 text5        0019EC
__end_of_InterruptHandlerHigh    intcode_body 0012CC
__end_of_InterruptHandlerLow     intcodelo    0000C8
__end_of_OpenI2C                 text6        0018FE
__end_of_OpenTimer1              text20       001724
__end_of_ReadADC                 text45       0019E0
__end_of_ReadUSART               text42       001942
__end_of_SleepIfOkay             text36       001410
__end_of_ToMainHigh_recvmsg      text10       00180E
__end_of_ToMainHigh_sendmsg      text52       0018B4
__end_of_ToMainLow_recvmsg       text7        0017E2
__end_of_ToMainLow_sendmsg       text32       001920
__end_of_WriteI2C                text4        00154C
__end_of_WriteTimer0             text49       0019C0
__end_of_WriteTimer1             text19       001978
__end_of_WriteUSART              text27       0019D0
__end_of__initialization         cinit        0017AC
__end_of_adc_int_handler         text43       00158E
__end_of_block_on_To_msgqueues   text13       001178
__end_of_check_msg               text15       0016BA
__end_of_enable_interrupts       text24       0019FE
__end_of_enter_sleep_mode        text40       001A04
__end_of_handle_start            text51       001014
__end_of_i2c_int_handler         text50       000724
__end_of_in_high_int             text18       001966
__end_of_in_low_int              text17       001756
__end_of_in_main                 text16       0015CE
__end_of_init_queue              text22       00133C
__end_of_init_queues             text21       0013A6
__end_of_init_timer1_lthread     text23       00198A
__end_of_main                    text0        000A24
__end_of_memcpy                  text12       0014B4
__end_of_recv_msg                text11       000B50
__end_of_send_msg                text33       001222
__end_of_start_i2c_slave_reply   text8        000D86
__end_of_timer0_int_handler      text46       0010CE
__end_of_timer0_lthread          text9        0019F6
__end_of_timer1_int_handler      text30       001864
__end_of_timer1_lthread          text2        001466
__end_of_uart_lthread            text1        00164C
__end_of_uart_rx_int_handler     text41       001684
__end_of_uart_tx_int_handler     text26       00188C
__end_ofi1_WriteTimer1           text31       00199C
__end_ofi1_memcpy                text34       00160E
__end_ofi1_recv_msg              text29       000F52
__end_ofi2_FromMainHigh_recvmsg  text47       00183A
__end_ofi2_check_msg             text37       0016F0
__end_ofi2_in_high_int           text39       0019AE
__end_ofi2_in_low_int            text38       001788
__end_ofi2_memcpy                text54       001502
__end_ofi2_recv_msg              text48       000C7C
__end_ofi2_send_msg              text53       000E82
__initialization                 cinit        001788
__mediumconst                    mediumconst  000000
__pbssBANK0                      bssBANK0     0000B2
__pbssBANK1                      bssBANK1     000100
__pbssCOMRAM                     bssCOMRAM    000030
__pcinit                         cinit        001788
__pcstackBANK0                   cstackBANK0  000060
__pcstackBANK1                   cstackBANK1  0001D8
__pcstackCOMRAM                  cstackCOMRAM 000001
__pintcode                       intcode      000008
__pintcode_body                  intcode_body 001222
__pintcodelo                     intcodelo    000018
__ptext0                         text0        000724
__ptext1                         text1        00160E
__ptext10                        text10       0017E2
__ptext11                        text11       000A24
__ptext12                        text12       001466
__ptext13                        text13       0010CE
__ptext14                        text14       001942
__ptext15                        text15       001684
__ptext16                        text16       00158E
__ptext17                        text17       001724
__ptext18                        text18       001954
__ptext19                        text19       001966
__ptext2                         text2        001410
__ptext20                        text20       0016F0
__ptext21                        text21       00133C
__ptext22                        text22       0012CC
__ptext23                        text23       001978
__ptext24                        text24       0019F6
__ptext26                        text26       001864
__ptext27                        text27       0019C0
__ptext28                        text28       0018B4
__ptext29                        text29       000E82
__ptext3                         text3        001A0A
__ptext30                        text30       00183A
__ptext31                        text31       00198A
__ptext32                        text32       0018FE
__ptext33                        text33       001178
__ptext34                        text34       0015CE
__ptext36                        text36       0013A6
__ptext37                        text37       0016BA
__ptext38                        text38       001756
__ptext39                        text39       00199C
__ptext4                         text4        001502
__ptext40                        text40       0019FE
__ptext41                        text41       00164C
__ptext42                        text42       001920
__ptext43                        text43       00154C
__ptext44                        text44       001A04
__ptext45                        text45       0019D0
__ptext46                        text46       001014
__ptext47                        text47       00180E
__ptext48                        text48       000B50
__ptext49                        text49       0019AE
__ptext5                         text5        0019E0
__ptext50                        text50       0000CC
__ptext51                        text51       000F52
__ptext52                        text52       00188C
__ptext53                        text53       000D86
__ptext54                        text54       0014B4
__ptext6                         text6        0018DA
__ptext7                         text7        0017B6
__ptext8                         text8        000C7C
__ptext9                         text9        0019EC
__ramtop                         ramtop       000D00
__size_of_CloseI2C               (abs)        000000
__size_of_CloseTimer1            (abs)        000000
__size_of_Delay1KTCYx            (abs)        000000
__size_of_FromMainHigh_recvmsg   (abs)        000000
__size_of_IdleI2C                (abs)        000000
__size_of_InterruptHandlerHigh   (abs)        000000
__size_of_InterruptHandlerLow    (abs)        000000
__size_of_OpenI2C                (abs)        000000
__size_of_OpenTimer1             (abs)        000000
__size_of_ReadADC                (abs)        000000
__size_of_ReadUSART              (abs)        000000
__size_of_SleepIfOkay            (abs)        000000
__size_of_ToMainHigh_recvmsg     (abs)        000000
__size_of_ToMainHigh_sendmsg     (abs)        000000
__size_of_ToMainLow_recvmsg      (abs)        000000
__size_of_ToMainLow_sendmsg      (abs)        000000
__size_of_WriteI2C               (abs)        000000
__size_of_WriteTimer0            (abs)        000000
__size_of_WriteTimer1            (abs)        000000
__size_of_WriteUSART             (abs)        000000
__size_of_adc_int_handler        (abs)        000000
__size_of_block_on_To_msgqueues  (abs)        000000
__size_of_check_msg              (abs)        000000
__size_of_enable_interrupts      (abs)        000000
__size_of_enter_sleep_mode       (abs)        000000
__size_of_handle_start           (abs)        000000
__size_of_i2c_int_handler        (abs)        000000
__size_of_in_high_int            (abs)        000000
__size_of_in_low_int             (abs)        000000
__size_of_in_main                (abs)        000000
__size_of_init_queue             (abs)        000000
__size_of_init_queues            (abs)        000000
__size_of_init_timer1_lthread    (abs)        000000
__size_of_main                   (abs)        000000
__size_of_memcpy                 (abs)        000000
__size_of_recv_msg               (abs)        000000
__size_of_send_msg               (abs)        000000
__size_of_start_i2c_slave_reply  (abs)        000000
__size_of_timer0_int_handler     (abs)        000000
__size_of_timer0_lthread         (abs)        000000
__size_of_timer1_int_handler     (abs)        000000
__size_of_timer1_lthread         (abs)        000000
__size_of_uart_lthread           (abs)        000000
__size_of_uart_rx_int_handler    (abs)        000000
__size_of_uart_tx_int_handler    (abs)        000000
__size_ofi1_WriteTimer1          (abs)        000000
__size_ofi1_memcpy               (abs)        000000
__size_ofi1_recv_msg             (abs)        000000
__size_ofi2_FromMainHigh_recvmsg (abs)        000000
__size_ofi2_check_msg            (abs)        000000
__size_ofi2_in_high_int          (abs)        000000
__size_ofi2_in_low_int           (abs)        000000
__size_ofi2_memcpy               (abs)        000000
__size_ofi2_recv_msg             (abs)        000000
__size_ofi2_send_msg             (abs)        000000
__smallconst                     smallconst   000000
_adc_int_handler                 text43       00154C
_block_on_To_msgqueues           text13       0010CE
_check_msg                       text15       001684
_counter2                        bssBANK0     0000B4
_enable_interrupts               text24       0019F6
_enter_sleep_mode                text40       0019FE
_handle_start                    text51       000F52
_i2c_int_handler                 text50       0000CC
_ic_ptr                          bssBANK0     0000B6
_in_high_int                     text18       001954
_in_low_int                      text17       001724
_in_main                         text16       00158E
_init_queue                      text22       0012CC
_init_queues                     text21       00133C
_init_timer1_lthread             text23       001978
_last_reg_recvd                  bssCOMRAM    000037
_length                          bssCOMRAM    000030
_main                            text0        000724
_memcpy                          text12       001466
_message                         bssBANK0     0000B9
_msgbuffer                       bssCOMRAM    000039
_msgtype                         bssCOMRAM    000044
_recv_msg                        text11       000A24
_send_msg                        text33       001178
_start_i2c_slave_reply           text8        000C7C
_test                            bssCOMRAM    000032
_testbuffer                      bssCOMRAM    000038
_timer0_int_handler              text46       001014
_timer0_lthread                  text9        0019EC
_timer1_int_handler              text30       00183A
_timer1_lthread                  text2        001410
_uart_lthread                    text1        00160E
_uart_rx_int_handler             text41       00164C
_uart_tx_int_handler             text26       001864
_uc_ptr                          bssCOMRAM    000034
check_msg@qptr                   cstackBANK0  000093
end_of_initialization            cinit        0017AC
handle_start@data_read           cstackBANK0  000060
i1WriteTimer1@timer              cstackCOMRAM 000003
i1WriteTimer1@timer1             cstackCOMRAM 000001
i1_WriteTimer1                   text31       00198A
i1_memcpy                        text34       0015CE
i1_recv_msg                      text29       000E82
i1memcpy@d                       cstackCOMRAM 000007
i1memcpy@d1                      cstackCOMRAM 000001
i1memcpy@n                       cstackCOMRAM 000005
i1memcpy@s                       cstackCOMRAM 000009
i1memcpy@s1                      cstackCOMRAM 000003
i1recv_msg@data                  cstackCOMRAM 000010
i1recv_msg@maxlength             cstackCOMRAM 00000D
i1recv_msg@msgtype               cstackCOMRAM 00000E
i1recv_msg@qmsg                  cstackCOMRAM 000017
i1recv_msg@qptr                  cstackCOMRAM 00000B
i1recv_msg@slot                  cstackCOMRAM 000014
i1recv_msg@tlength               cstackCOMRAM 000015
i2FromMainHigh_recvmsg@data      cstackBANK0  00007B
i2FromMainHigh_recvmsg@maxlength cstackBANK0  000078
i2FromMainHigh_recvmsg@msgtype   cstackBANK0  000079
i2_FromMainHigh_recvmsg          text47       00180E
i2_check_msg                     text37       0016BA
i2_in_high_int                   text39       00199C
i2_in_low_int                    text38       001756
i2_memcpy                        text54       0014B4
i2_recv_msg                      text48       000B50
i2_send_msg                      text53       000D86
i2c_int_handler@data_read        cstackBANK0  000084
i2c_int_handler@data_written     cstackBANK0  00007F
i2c_int_handler@error_buf        cstackBANK0  00007C
i2c_int_handler@i2c_data         cstackBANK0  000082
i2c_int_handler@msg_ready        cstackBANK0  000083
i2c_int_handler@msg_to_send      cstackBANK0  000081
i2c_int_handler@overrun_error    cstackBANK0  000080
i2check_msg@qptr                 cstackBANK0  000060
i2memcpy@d                       cstackBANK0  000066
i2memcpy@d1                      cstackBANK0  000060
i2memcpy@n                       cstackBANK0  000064
i2memcpy@s                       cstackBANK0  000068
i2memcpy@s1                      cstackBANK0  000062
i2recv_msg@data                  cstackBANK0  00006F
i2recv_msg@maxlength             cstackBANK0  00006C
i2recv_msg@msgtype               cstackBANK0  00006D
i2recv_msg@qmsg                  cstackBANK0  000076
i2recv_msg@qptr                  cstackBANK0  00006A
i2recv_msg@slot                  cstackBANK0  000073
i2recv_msg@tlength               cstackBANK0  000074
i2send_msg@data                  cstackBANK0  00006E
i2send_msg@length                cstackBANK0  00006C
i2send_msg@msgtype               cstackBANK0  00006D
i2send_msg@qmsg                  cstackBANK0  000074
i2send_msg@qptr                  cstackBANK0  00006A
i2send_msg@slot                  cstackBANK0  000073
i2send_msg@tlength               cstackBANK0  000071
init_queue@i                     cstackBANK0  000096
init_queue@qptr                  cstackBANK0  000093
init_timer1_lthread@tptr         cstackBANK0  000093
int_func                         intcode_body 001222
intlevel0                        text         000000
intlevel1                        text         000000
intlevel2                        text         000000
intlevel3                        text         000000
main@last_reg_recvd              cstackBANK1  0001E7
main@length                      cstackBANK1  0001ED
main@msgbuffer                   cstackBANK1  0001D8
main@msgtype                     cstackBANK1  0001EC
main@t0thread_data               cstackBANK1  0001E5
main@t1thread_data               cstackBANK1  0001EA
main@test_var                    cstackBANK1  0001E8
main@uthread_data                cstackBANK1  0001E3
memcpy@d                         cstackBANK0  000099
memcpy@d1                        cstackBANK0  000093
memcpy@n                         cstackBANK0  000097
memcpy@s                         cstackBANK0  00009B
memcpy@s1                        cstackBANK0  000095
recv_msg@data                    cstackBANK0  0000A2
recv_msg@maxlength               cstackBANK0  00009F
recv_msg@msgtype                 cstackBANK0  0000A0
recv_msg@qmsg                    cstackBANK0  0000A9
recv_msg@qptr                    cstackBANK0  00009D
recv_msg@slot                    cstackBANK0  0000A6
recv_msg@tlength                 cstackBANK0  0000A7
send_msg@data                    cstackCOMRAM 00000F
send_msg@length                  cstackCOMRAM 00000D
send_msg@msgtype                 cstackCOMRAM 00000E
send_msg@qmsg                    cstackCOMRAM 000015
send_msg@qptr                    cstackCOMRAM 00000B
send_msg@slot                    cstackCOMRAM 000014
send_msg@tlength                 cstackCOMRAM 000012
start                            init         0000C8
start_i2c_slave_reply@length     cstackBANK0  000093
start_i2c_slave_reply@msg        cstackBANK0  000094
start_initialization             cinit        001788
timer0_int_handler@length        cstackBANK0  00007F
timer0_int_handler@msgtype       cstackBANK0  000081
timer0_int_handler@val           cstackBANK0  000083
timer0_lthread@msgbuffer         cstackBANK0  000099
timer0_lthread@msgval            cstackBANK0  00009B
uart_lthread@length              cstackBANK0  000097
uart_lthread@msgbuffer           cstackBANK0  000099
uart_lthread@msgtype             cstackBANK0  000095


FUNCTION INFORMATION:

 *************** function _main *****************
 Defined at:
		line 85 in file "../src/main.c"
 Parameters:    Size  Location     Type
		None
 Auto vars:     Size  Location     Type
  ic             28    0        struct __i2c_comm
  msgbuffer      11    0[BANK1 ] unsigned char [11]
  uc              5    0        struct __uart_comm
  t1thread_dat    2   18[BANK1 ] struct __timer1_thread_s
  test_var        2   16[BANK1 ] int 
  t0thread_dat    2   13[BANK1 ] struct __timer0_thread_s
  uthread_data    2   11[BANK1 ] struct __uart_thread_str
  length          1   21[BANK1 ] char 
  msgtype         1   20[BANK1 ] unsigned char 
  last_reg_rec    1   15[BANK1 ] unsigned char 
  i               1    0        unsigned char 
  c               1    0        unsigned char 
 Return value:  Size  Location     Type
		None               void
 Registers used:
		wreg, fsr1l, fsr1h, fsr2l, fsr2h, status,2, status,0, prodl, prodh, cstack
 Tracked objects:
		On entry : 
		On exit  : 
		Unchanged: 
 Data sizes:     COMRAM   BANK0   BANK1   BANK2   BANK3   BANK4   BANK5   BANK6   BANK7   BANK8   BANK9  BANK10  BANK11  BANK12
      Params:         0       0       0       0       0       0       0       0       0       0       0       0       0       0
      Locals:         0       0      22       0       0       0       0       0       0       0       0       0       0       0
      Temps:          0       2       0       0       0       0       0       0       0       0       0       0       0       0
      Totals:         0       2      22       0       0       0       0       0       0       0       0       0       0       0
Total ram usage:       24 bytes
 Hardware stack levels required when called:   14
 This function calls:
		_enable_interrupts
		_init_timer1_lthread
		_init_queues
		_OpenTimer1
		_WriteTimer1
		_OpenI2C
		_block_on_To_msgqueues
		_ToMainHigh_recvmsg
		_timer0_lthread
		_start_i2c_slave_reply
		_ToMainLow_recvmsg
		_timer1_lthread
		_uart_lthread
 This function is called by:
		Startup code after reset
 This function uses a non-reentrant model


 *************** function _uart_lthread *****************
 Defined at:
		line 9 in file "../src/uart_thread.c"
 Parameters:    Size  Location     Type
  uptr            2   51[BANK0 ] PTR struct __uart_thread
		 -> main@uthread_data(2), 
  msgtype         2   53[BANK0 ] int 
  length          2   55[BANK0 ] int 
  msgbuffer       2   57[BANK0 ] PTR unsigned char 
		 -> main@msgbuffer(11), 
 Auto vars:     Size  Location     Type
		None
 Return value:  Size  Location     Type
                  2   51[BANK0 ] int 
 Registers used:
		wreg, fsr2l, fsr2h, status,2, status,0
 Tracked objects:
		On entry : 
		On exit  : 
		Unchanged: 
 Data sizes:     COMRAM   BANK0   BANK1   BANK2   BANK3   BANK4   BANK5   BANK6   BANK7   BANK8   BANK9  BANK10  BANK11  BANK12
      Params:         0       8       0       0       0       0       0       0       0       0       0       0       0       0
      Locals:         0       0       0       0       0       0       0       0       0       0       0       0       0       0
      Temps:          0       0       0       0       0       0       0       0       0       0       0       0       0       0
      Totals:         0       8       0       0       0       0       0       0       0       0       0       0       0       0
Total ram usage:        8 bytes
 Hardware stack levels used:    1
 Hardware stack levels required when called:   10
 This function calls:
		Nothing
 This function is called by:
		_main
 This function uses a non-reentrant model


 *************** function _timer1_lthread *****************
 Defined at:
		line 19 in file "../src/timer1_thread.c"
 Parameters:    Size  Location     Type
  tptr            2   53[BANK0 ] PTR struct __timer1_thre
		 -> main@t1thread_data(2), 
  msgtype         2   55[BANK0 ] int 
  length          2   57[BANK0 ] int 
  msgbuffer       2   59[BANK0 ] PTR unsigned char 
		 -> main@msgbuffer(11), 
 Auto vars:     Size  Location     Type
  retval          1    0        char 
 Return value:  Size  Location     Type
                  2   53[BANK0 ] int 
 Registers used:
		wreg, status,2, status,0, cstack
 Tracked objects:
		On entry : 
		On exit  : 
		Unchanged: 
 Data sizes:     COMRAM   BANK0   BANK1   BANK2   BANK3   BANK4   BANK5   BANK6   BANK7   BANK8   BANK9  BANK10  BANK11  BANK12
      Params:         0       8       0       0       0       0       0       0       0       0       0       0       0       0
      Locals:         0       0       0       0       0       0       0       0       0       0       0       0       0       0
      Temps:          0       2       0       0       0       0       0       0       0       0       0       0       0       0
      Totals:         0      10       0       0       0       0       0       0       0       0       0       0       0       0
Total ram usage:       10 bytes
 Hardware stack levels used:    1
 Hardware stack levels required when called:   12
 This function calls:
		_OpenI2C
		_IdleI2C
		_WriteI2C
		_CloseI2C
 This function is called by:
		_main
 This function uses a non-reentrant model


 *************** function _CloseI2C *****************
 Defined at:
		line 20 in file "C:\Program Files (x86)\Microchip\xc8\v1.20\sources\pic18\plib\i2c\i2c_clos.c"
 Parameters:    Size  Location     Type
		None
 Auto vars:     Size  Location     Type
		None
 Return value:  Size  Location     Type
		None               void
 Registers used:
		status,2, status,0
 Tracked objects:
		On entry : 
		On exit  : 
		Unchanged: 
 Data sizes:     COMRAM   BANK0   BANK1   BANK2   BANK3   BANK4   BANK5   BANK6   BANK7   BANK8   BANK9  BANK10  BANK11  BANK12
      Params:         0       0       0       0       0       0       0       0       0       0       0       0       0       0
      Locals:         0       0       0       0       0       0       0       0       0       0       0       0       0       0
      Temps:          0       0       0       0       0       0       0       0       0       0       0       0       0       0
      Totals:         0       0       0       0       0       0       0       0       0       0       0       0       0       0
Total ram usage:        0 bytes
 Hardware stack levels used:    1
 Hardware stack levels required when called:   10
 This function calls:
		Nothing
 This function is called by:
		_timer1_lthread
 This function uses a non-reentrant model


 *************** function _WriteI2C *****************
 Defined at:
		line 13 in file "C:\Program Files (x86)\Microchip\xc8\v1.20\sources\pic18\plib\i2c\i2c_writ.c"
 Parameters:    Size  Location     Type
  data_out        1   51[BANK0 ] unsigned char 
 Auto vars:     Size  Location     Type
		None
 Return value:  Size  Location     Type
                  1    wreg      char 
 Registers used:
		wreg, status,2, status,0, cstack
 Tracked objects:
		On entry : 
		On exit  : 
		Unchanged: 
 Data sizes:     COMRAM   BANK0   BANK1   BANK2   BANK3   BANK4   BANK5   BANK6   BANK7   BANK8   BANK9  BANK10  BANK11  BANK12
      Params:         0       1       0       0       0       0       0       0       0       0       0       0       0       0
      Locals:         0       0       0       0       0       0       0       0       0       0       0       0       0       0
      Temps:          0       0       0       0       0       0       0       0       0       0       0       0       0       0
      Totals:         0       1       0       0       0       0       0       0       0       0       0       0       0       0
Total ram usage:        1 bytes
 Hardware stack levels used:    1
 Hardware stack levels required when called:   11
 This function calls:
		_IdleI2C
 This function is called by:
		_timer1_lthread
 This function uses a non-reentrant model


 *************** function _IdleI2C *****************
 Defined at:
		line 25 in file "C:\Program Files (x86)\Microchip\xc8\v1.20\sources\pic18\plib\i2c\i2c_idle.c"
 Parameters:    Size  Location     Type
		None
 Auto vars:     Size  Location     Type
		None
 Return value:  Size  Location     Type
		None               void
 Registers used:
		wreg, status,2, status,0
 Tracked objects:
		On entry : 
		On exit  : 
		Unchanged: 
 Data sizes:     COMRAM   BANK0   BANK1   BANK2   BANK3   BANK4   BANK5   BANK6   BANK7   BANK8   BANK9  BANK10  BANK11  BANK12
      Params:         0       0       0       0       0       0       0       0       0       0       0       0       0       0
      Locals:         0       0       0       0       0       0       0       0       0       0       0       0       0       0
      Temps:          0       0       0       0       0       0       0       0       0       0       0       0       0       0
      Totals:         0       0       0       0       0       0       0       0       0       0       0       0       0       0
Total ram usage:        0 bytes
 Hardware stack levels used:    1
 Hardware stack levels required when called:   10
 This function calls:
		Nothing
 This function is called by:
		_timer1_lthread
		_WriteI2C
 This function uses a non-reentrant model


 *************** function _OpenI2C *****************
 Defined at:
		line 15 in file "C:\Program Files (x86)\Microchip\xc8\v1.20\sources\pic18\plib\i2c\i2c_open.c"
 Parameters:    Size  Location     Type
  sync_mode       1   51[BANK0 ] unsigned char 
  slew            1   52[BANK0 ] unsigned char 
 Auto vars:     Size  Location     Type
		None
 Return value:  Size  Location     Type
		None               void
 Registers used:
		wreg, status,2, status,0
 Tracked objects:
		On entry : 
		On exit  : 
		Unchanged: 
 Data sizes:     COMRAM   BANK0   BANK1   BANK2   BANK3   BANK4   BANK5   BANK6   BANK7   BANK8   BANK9  BANK10  BANK11  BANK12
      Params:         0       2       0       0       0       0       0       0       0       0       0       0       0       0
      Locals:         0       0       0       0       0       0       0       0       0       0       0       0       0       0
      Temps:          0       0       0       0       0       0       0       0       0       0       0       0       0       0
      Totals:         0       2       0       0       0       0       0       0       0       0       0       0       0       0
Total ram usage:        2 bytes
 Hardware stack levels used:    1
 Hardware stack levels required when called:   10
 This function calls:
		Nothing
 This function is called by:
		_main
		_timer1_lthread
 This function uses a non-reentrant model


 *************** function _ToMainLow_recvmsg *****************
 Defined at:
		line 112 in file "../src/messages.c"
 Parameters:    Size  Location     Type
  maxlength       1   75[BANK0 ] unsigned char 
  msgtype         2   76[BANK0 ] PTR unsigned char 
		 -> main@msgtype(1), 
  data            2   78[BANK0 ] PTR void 
		 -> main@msgbuffer(11), 
 Auto vars:     Size  Location     Type
		None
 Return value:  Size  Location     Type
                  1    wreg      char 
 Registers used:
		wreg, fsr1l, fsr1h, fsr2l, fsr2h, status,2, status,0, prodl, prodh, cstack
 Tracked objects:
		On entry : 
		On exit  : 
		Unchanged: 
 Data sizes:     COMRAM   BANK0   BANK1   BANK2   BANK3   BANK4   BANK5   BANK6   BANK7   BANK8   BANK9  BANK10  BANK11  BANK12
      Params:         0       5       0       0       0       0       0       0       0       0       0       0       0       0
      Locals:         0       0       0       0       0       0       0       0       0       0       0       0       0       0
      Temps:          0       0       0       0       0       0       0       0       0       0       0       0       0       0
      Totals:         0       5       0       0       0       0       0       0       0       0       0       0       0       0
Total ram usage:        5 bytes
 Hardware stack levels used:    1
 Hardware stack levels required when called:   12
 This function calls:
		_recv_msg
 This function is called by:
		_main
 This function uses a non-reentrant model


 *************** function _start_i2c_slave_reply *****************
 Defined at:
		line 56 in file "../src/my_i2c.c"
 Parameters:    Size  Location     Type
  length          1   51[BANK0 ] unsigned char 
  msg             2   52[BANK0 ] PTR unsigned char 
		 -> main@msgbuffer(11), 
 Auto vars:     Size  Location     Type
		None
 Return value:  Size  Location     Type
		None               void
 Registers used:
		wreg, fsr1l, fsr1h, fsr2l, fsr2h, status,2, status,0, prodl, prodh
 Tracked objects:
		On entry : 
		On exit  : 
		Unchanged: 
 Data sizes:     COMRAM   BANK0   BANK1   BANK2   BANK3   BANK4   BANK5   BANK6   BANK7   BANK8   BANK9  BANK10  BANK11  BANK12
      Params:         0       3       0       0       0       0       0       0       0       0       0       0       0       0
      Locals:         0       0       0       0       0       0       0       0       0       0       0       0       0       0
      Temps:          0       2       0       0       0       0       0       0       0       0       0       0       0       0
      Totals:         0       5       0       0       0       0       0       0       0       0       0       0       0       0
Total ram usage:        5 bytes
 Hardware stack levels used:    1
 Hardware stack levels required when called:   10
 This function calls:
		Nothing
 This function is called by:
		_main
 This function uses a non-reentrant model


 *************** function _timer0_lthread *****************
 Defined at:
		line 9 in file "../src/timer0_thread.c"
 Parameters:    Size  Location     Type
  tptr            2   51[BANK0 ] PTR struct __timer0_thre
		 -> main@t0thread_data(2), 
  msgtype         2   53[BANK0 ] int 
  length          2   55[BANK0 ] int 
  msgbuffer       2   57[BANK0 ] PTR unsigned char 
		 -> main@msgbuffer(11), 
 Auto vars:     Size  Location     Type
  msgval          2   59[BANK0 ] PTR unsigned int 
		 -> main@msgbuffer(11), 
 Return value:  Size  Location     Type
                  2   51[BANK0 ] int 
 Registers used:
		None
 Tracked objects:
		On entry : 
		On exit  : 
		Unchanged: 
 Data sizes:     COMRAM   BANK0   BANK1   BANK2   BANK3   BANK4   BANK5   BANK6   BANK7   BANK8   BANK9  BANK10  BANK11  BANK12
      Params:         0       8       0       0       0       0       0       0       0       0       0       0       0       0
      Locals:         0       2       0       0       0       0       0       0       0       0       0       0       0       0
      Temps:          0       0       0       0       0       0       0       0       0       0       0       0       0       0
      Totals:         0      10       0       0       0       0       0       0       0       0       0       0       0       0
Total ram usage:       10 bytes
 Hardware stack levels used:    1
 Hardware stack levels required when called:   10
 This function calls:
		Nothing
 This function is called by:
		_main
 This function uses a non-reentrant model


 *************** function _ToMainHigh_recvmsg *****************
 Defined at:
		line 135 in file "../src/messages.c"
 Parameters:    Size  Location     Type
  maxlength       1   75[BANK0 ] unsigned char 
  msgtype         2   76[BANK0 ] PTR unsigned char 
		 -> main@msgtype(1), 
  data            2   78[BANK0 ] PTR void 
		 -> main@msgbuffer(11), 
 Auto vars:     Size  Location     Type
		None
 Return value:  Size  Location     Type
                  1    wreg      char 
 Registers used:
		wreg, fsr1l, fsr1h, fsr2l, fsr2h, status,2, status,0, prodl, prodh, cstack
 Tracked objects:
		On entry : 
		On exit  : 
		Unchanged: 
 Data sizes:     COMRAM   BANK0   BANK1   BANK2   BANK3   BANK4   BANK5   BANK6   BANK7   BANK8   BANK9  BANK10  BANK11  BANK12
      Params:         0       5       0       0       0       0       0       0       0       0       0       0       0       0
      Locals:         0       0       0       0       0       0       0       0       0       0       0       0       0       0
      Temps:          0       0       0       0       0       0       0       0       0       0       0       0       0       0
      Totals:         0       5       0       0       0       0       0       0       0       0       0       0       0       0
Total ram usage:        5 bytes
 Hardware stack levels used:    1
 Hardware stack levels required when called:   12
 This function calls:
		_recv_msg
 This function is called by:
		_main
 This function uses a non-reentrant model


 *************** function _recv_msg *****************
 Defined at:
		line 63 in file "../src/messages.c"
 Parameters:    Size  Location     Type
  qptr            2   61[BANK0 ] PTR struct __msg_queue
		 -> FromMainHigh_MQ(54), FromMainLow_MQ(54), ToMainHigh_MQ(54), ToMainLow_MQ(54), 
  maxlength       1   63[BANK0 ] unsigned char 
  msgtype         2   64[BANK0 ] PTR unsigned char 
		 -> msgtype(1), timer0_int_handler@msgtype(2), main@msgtype(1), 
  data            2   66[BANK0 ] PTR void 
		 -> msgbuffer(11), timer0_int_handler@val(2), main@msgbuffer(11), 
 Auto vars:     Size  Location     Type
  qmsg            2   73[BANK0 ] PTR struct __msg
		 -> FromMainHigh_MQ(54), FromMainLow_MQ(54), ToMainHigh_MQ(54), ToMainLow_MQ(54), 
  tlength         2   71[BANK0 ] unsigned int 
  slot            1   70[BANK0 ] unsigned char 
 Return value:  Size  Location     Type
                  1    wreg      char 
 Registers used:
		wreg, fsr1l, fsr1h, fsr2l, fsr2h, status,2, status,0, prodl, prodh, cstack
 Tracked objects:
		On entry : 
		On exit  : 
		Unchanged: 
 Data sizes:     COMRAM   BANK0   BANK1   BANK2   BANK3   BANK4   BANK5   BANK6   BANK7   BANK8   BANK9  BANK10  BANK11  BANK12
      Params:         0       7       0       0       0       0       0       0       0       0       0       0       0       0
      Locals:         0       5       0       0       0       0       0       0       0       0       0       0       0       0
      Temps:          0       2       0       0       0       0       0       0       0       0       0       0       0       0
      Totals:         0      14       0       0       0       0       0       0       0       0       0       0       0       0
Total ram usage:       14 bytes
 Hardware stack levels used:    1
 Hardware stack levels required when called:   11
 This function calls:
		_memcpy
 This function is called by:
		_ToMainLow_recvmsg
		_ToMainHigh_recvmsg
		_FromMainLow_recvmsg
 This function uses a non-reentrant model


 *************** function _memcpy *****************
 Defined at:
		line 13 in file "C:\Program Files (x86)\Microchip\xc8\v1.20\sources\common\memcpy.c"
 Parameters:    Size  Location     Type
  d1              2   51[BANK0 ] PTR void 
		 -> msgbuffer(11), timer0_int_handler@val(2), FromMainHigh_MQ(54), FromMainLow_MQ(54), 
		 -> ToMainHigh_MQ(54), ToMainLow_MQ(54), main@msgbuffer(11), 
  s1              2   53[BANK0 ] PTR const void 
		 -> RAM(3327), timer0_int_handler@val(2), NULL(0), i2c_int_handler@error_buf(3), 
		 -> FromMainHigh_MQ(54), FromMainLow_MQ(54), ToMainHigh_MQ(54), ToMainLow_MQ(54), 
  n               2   55[BANK0 ] unsigned int 
 Auto vars:     Size  Location     Type
  s               2   59[BANK0 ] PTR const unsigned char 
		 -> RAM(3327), timer0_int_handler@val(2), NULL(0), i2c_int_handler@error_buf(3), 
		 -> FromMainHigh_MQ(54), FromMainLow_MQ(54), ToMainHigh_MQ(54), ToMainLow_MQ(54), 
  d               2   57[BANK0 ] PTR unsigned char 
		 -> msgbuffer(11), timer0_int_handler@val(2), FromMainHigh_MQ(54), FromMainLow_MQ(54), 
		 -> ToMainHigh_MQ(54), ToMainLow_MQ(54), main@msgbuffer(11), 
 Return value:  Size  Location     Type
                  2   51[BANK0 ] PTR void 
 Registers used:
		wreg, fsr1l, fsr1h, fsr2l, fsr2h, status,2, status,0
 Tracked objects:
		On entry : 
		On exit  : 
		Unchanged: 
 Data sizes:     COMRAM   BANK0   BANK1   BANK2   BANK3   BANK4   BANK5   BANK6   BANK7   BANK8   BANK9  BANK10  BANK11  BANK12
      Params:         0       6       0       0       0       0       0       0       0       0       0       0       0       0
      Locals:         0       4       0       0       0       0       0       0       0       0       0       0       0       0
      Temps:          0       0       0       0       0       0       0       0       0       0       0       0       0       0
      Totals:         0      10       0       0       0       0       0       0       0       0       0       0       0       0
Total ram usage:       10 bytes
 Hardware stack levels used:    1
 Hardware stack levels required when called:   10
 This function calls:
		Nothing
 This function is called by:
		_recv_msg
 This function uses a non-reentrant model


 *************** function _block_on_To_msgqueues *****************
 Defined at:
		line 258 in file "../src/messages.c"
 Parameters:    Size  Location     Type
		None
 Auto vars:     Size  Location     Type
		None
 Return value:  Size  Location     Type
		None               void
 Registers used:
		wreg, fsr2l, fsr2h, status,2, status,0, prodl, prodh, cstack
 Tracked objects:
		On entry : 
		On exit  : 
		Unchanged: 
 Data sizes:     COMRAM   BANK0   BANK1   BANK2   BANK3   BANK4   BANK5   BANK6   BANK7   BANK8   BANK9  BANK10  BANK11  BANK12
      Params:         0       0       0       0       0       0       0       0       0       0       0       0       0       0
      Locals:         0       0       0       0       0       0       0       0       0       0       0       0       0       0
      Temps:          0       1       0       0       0       0       0       0       0       0       0       0       0       0
      Totals:         0       1       0       0       0       0       0       0       0       0       0       0       0       0
Total ram usage:        1 bytes
 Hardware stack levels used:    1
 Hardware stack levels required when called:   13
 This function calls:
		_in_main
		_check_msg
		_Delay1KTCYx
 This function is called by:
		_main
 This function uses a non-reentrant model


 *************** function _Delay1KTCYx *****************
 Defined at:
		line 9 in file "C:\Program Files (x86)\Microchip\xc8\v1.20\sources\pic18\d1ktcyx.c"
 Parameters:    Size  Location     Type
  unit            1   51[BANK0 ] unsigned char 
 Auto vars:     Size  Location     Type
		None
 Return value:  Size  Location     Type
		None               void
 Registers used:
		wreg
 Tracked objects:
		On entry : 
		On exit  : 
		Unchanged: 
 Data sizes:     COMRAM   BANK0   BANK1   BANK2   BANK3   BANK4   BANK5   BANK6   BANK7   BANK8   BANK9  BANK10  BANK11  BANK12
      Params:         0       1       0       0       0       0       0       0       0       0       0       0       0       0
      Locals:         0       0       0       0       0       0       0       0       0       0       0       0       0       0
      Temps:          0       0       0       0       0       0       0       0       0       0       0       0       0       0
      Totals:         0       1       0       0       0       0       0       0       0       0       0       0       0       0
Total ram usage:        1 bytes
 Hardware stack levels used:    1
 Hardware stack levels required when called:   10
 This function calls:
		Nothing
 This function is called by:
		_block_on_To_msgqueues
 This function uses a non-reentrant model


 *************** function _check_msg *****************
 Defined at:
		line 222 in file "../src/messages.c"
 Parameters:    Size  Location     Type
  qptr            2   51[BANK0 ] PTR struct __msg_queue
		 -> ToMainHigh_MQ(54), ToMainLow_MQ(54), 
 Auto vars:     Size  Location     Type
		None
 Return value:  Size  Location     Type
                  1    wreg      unsigned char 
 Registers used:
		wreg, fsr2l, fsr2h, status,2, status,0, prodl, prodh
 Tracked objects:
		On entry : 
		On exit  : 
		Unchanged: 
 Data sizes:     COMRAM   BANK0   BANK1   BANK2   BANK3   BANK4   BANK5   BANK6   BANK7   BANK8   BANK9  BANK10  BANK11  BANK12
      Params:         0       2       0       0       0       0       0       0       0       0       0       0       0       0
      Locals:         0       0       0       0       0       0       0       0       0       0       0       0       0       0
      Temps:          0       1       0       0       0       0       0       0       0       0       0       0       0       0
      Totals:         0       3       0       0       0       0       0       0       0       0       0       0       0       0
Total ram usage:        3 bytes
 Hardware stack levels used:    1
 Hardware stack levels required when called:   10
 This function calls:
		Nothing
 This function is called by:
[...]
      Temps:          0       2       0       0       0       0       0       0       0       0       0       0       0       0
      Totals:         0       8       0       0       0       0       0       0       0       0       0       0       0       0
Total ram usage:        8 bytes
 Hardware stack levels used:    1
 Hardware stack levels required when called:    3
 This function calls:
		_ToMainHigh_sendmsg
		_WriteTimer0
		i2_FromMainHigh_recvmsg
 This function is called by:
		_InterruptHandlerHigh
 This function uses a non-reentrant model


 *************** function i2_FromMainHigh_recvmsg *****************
 Defined at:
		line 183 in file "../src/messages.c"
 Parameters:    Size  Location     Type
  FromMainHigh    1   24[BANK0 ] unsigned char 
  FromMainHigh    2   25[BANK0 ] PTR unsigned char 
		 -> msgtype(1), timer0_int_handler@msgtype(2), 
  FromMainHigh    2   27[BANK0 ] PTR void 
		 -> msgbuffer(11), timer0_int_handler@val(2), 
 Auto vars:     Size  Location     Type
		None
 Return value:  Size  Location     Type
                  1    wreg      char 
 Registers used:
		wreg, fsr1l, fsr1h, fsr2l, fsr2h, status,2, status,0, prodl, prodh, cstack
 Tracked objects:
		On entry : 
		On exit  : 
		Unchanged: 
 Data sizes:     COMRAM   BANK0   BANK1   BANK2   BANK3   BANK4   BANK5   BANK6   BANK7   BANK8   BANK9  BANK10  BANK11  BANK12
      Params:         0       5       0       0       0       0       0       0       0       0       0       0       0       0
      Locals:         0       0       0       0       0       0       0       0       0       0       0       0       0       0
      Temps:          0       0       0       0       0       0       0       0       0       0       0       0       0       0
      Totals:         0       5       0       0       0       0       0       0       0       0       0       0       0       0
Total ram usage:        5 bytes
 Hardware stack levels used:    1
 Hardware stack levels required when called:    2
 This function calls:
		i2_recv_msg
 This function is called by:
		_timer0_int_handler
 This function uses a non-reentrant model


 *************** function i2_recv_msg *****************
 Defined at:
		line 63 in file "../src/messages.c"
 Parameters:    Size  Location     Type
  recv_msg        2   10[BANK0 ] PTR struct __msg_queue
		 -> FromMainHigh_MQ(54), FromMainLow_MQ(54), ToMainHigh_MQ(54), ToMainLow_MQ(54), 
  recv_msg        1   12[BANK0 ] unsigned char 
  recv_msg        2   13[BANK0 ] PTR unsigned char 
		 -> msgtype(1), timer0_int_handler@msgtype(2), main@msgtype(1), 
  recv_msg        2   15[BANK0 ] PTR void 
		 -> msgbuffer(11), timer0_int_handler@val(2), main@msgbuffer(11), 
 Auto vars:     Size  Location     Type
  recv_msg        2   22[BANK0 ] PTR struct __msg
		 -> FromMainHigh_MQ(54), FromMainLow_MQ(54), ToMainHigh_MQ(54), ToMainLow_MQ(54), 
  recv_msg        2   20[BANK0 ] unsigned int 
  recv_msg        1   19[BANK0 ] unsigned char 
 Return value:  Size  Location     Type
                  1    wreg      char 
 Registers used:
		wreg, fsr1l, fsr1h, fsr2l, fsr2h, status,2, status,0, prodl, prodh, cstack
 Tracked objects:
		On entry : 
		On exit  : 
		Unchanged: 
 Data sizes:     COMRAM   BANK0   BANK1   BANK2   BANK3   BANK4   BANK5   BANK6   BANK7   BANK8   BANK9  BANK10  BANK11  BANK12
      Params:         0       7       0       0       0       0       0       0       0       0       0       0       0       0
      Locals:         0       5       0       0       0       0       0       0       0       0       0       0       0       0
      Temps:          0       2       0       0       0       0       0       0       0       0       0       0       0       0
      Totals:         0      14       0       0       0       0       0       0       0       0       0       0       0       0
Total ram usage:       14 bytes
 Hardware stack levels used:    1
 Hardware stack levels required when called:    1
 This function calls:
		i2_memcpy
 This function is called by:
		i2_FromMainHigh_recvmsg
 This function uses a non-reentrant model


 *************** function _WriteTimer0 *****************
 Defined at:
		line 17 in file "C:\Program Files (x86)\Microchip\xc8\v1.20\sources\pic18\plib\Timers\t0write.c"
 Parameters:    Size  Location     Type
  timer0          2    0[BANK0 ] unsigned int 
 Auto vars:     Size  Location     Type
  timer           2    2[BANK0 ] struct Timers
 Return value:  Size  Location     Type
		None               void
 Registers used:
		None
 Tracked objects:
		On entry : 
		On exit  : 
		Unchanged: 
 Data sizes:     COMRAM   BANK0   BANK1   BANK2   BANK3   BANK4   BANK5   BANK6   BANK7   BANK8   BANK9  BANK10  BANK11  BANK12
      Params:         0       2       0       0       0       0       0       0       0       0       0       0       0       0
      Locals:         0       2       0       0       0       0       0       0       0       0       0       0       0       0
      Temps:          0       0       0       0       0       0       0       0       0       0       0       0       0       0
      Totals:         0       4       0       0       0       0       0       0       0       0       0       0       0       0
Total ram usage:        4 bytes
 Hardware stack levels used:    1
 This function calls:
		Nothing
 This function is called by:
		_timer0_int_handler
 This function uses a non-reentrant model


 *************** function _i2c_int_handler *****************
 Defined at:
		line 103 in file "../src/my_i2c.c"
 Parameters:    Size  Location     Type
		None
 Auto vars:     Size  Location     Type
  error_buf       3   28[BANK0 ] unsigned char [3]
  data_read       1   36[BANK0 ] unsigned char 
  msg_ready       1   35[BANK0 ] unsigned char 
  i2c_data        1   34[BANK0 ] unsigned char 
  msg_to_send     1   33[BANK0 ] unsigned char 
  overrun_erro    1   32[BANK0 ] unsigned char 
  data_written    1   31[BANK0 ] unsigned char 
 Return value:  Size  Location     Type
		None               void
 Registers used:
		wreg, fsr1l, fsr1h, fsr2l, fsr2h, status,2, status,0, prodl, prodh, cstack
 Tracked objects:
		On entry : 
		On exit  : 
		Unchanged: 
 Data sizes:     COMRAM   BANK0   BANK1   BANK2   BANK3   BANK4   BANK5   BANK6   BANK7   BANK8   BANK9  BANK10  BANK11  BANK12
      Params:         0       0       0       0       0       0       0       0       0       0       0       0       0       0
      Locals:         0       9       0       0       0       0       0       0       0       0       0       0       0       0
      Temps:          0       2       0       0       0       0       0       0       0       0       0       0       0       0
      Totals:         0      11       0       0       0       0       0       0       0       0       0       0       0       0
Total ram usage:       11 bytes
 Hardware stack levels used:    1
 Hardware stack levels required when called:    3
 This function calls:
		_ToMainHigh_sendmsg
		_handle_start
 This function is called by:
		_InterruptHandlerHigh
 This function uses a non-reentrant model


 *************** function _handle_start *****************
 Defined at:
		line 74 in file "../src/my_i2c.c"
 Parameters:    Size  Location     Type
  data_read       1    0[BANK0 ] unsigned char 
 Auto vars:     Size  Location     Type
		None
 Return value:  Size  Location     Type
		None               void
 Registers used:
		wreg, fsr2l, fsr2h, status,2, status,0
 Tracked objects:
		On entry : 
		On exit  : 
		Unchanged: 
 Data sizes:     COMRAM   BANK0   BANK1   BANK2   BANK3   BANK4   BANK5   BANK6   BANK7   BANK8   BANK9  BANK10  BANK11  BANK12
      Params:         0       1       0       0       0       0       0       0       0       0       0       0       0       0
      Locals:         0       0       0       0       0       0       0       0       0       0       0       0       0       0
      Temps:          0       0       0       0       0       0       0       0       0       0       0       0       0       0
      Totals:         0       1       0       0       0       0       0       0       0       0       0       0       0       0
Total ram usage:        1 bytes
 Hardware stack levels used:    1
 This function calls:
		Nothing
 This function is called by:
		_i2c_int_handler
 This function uses a non-reentrant model


 *************** function _ToMainHigh_sendmsg *****************
 Defined at:
		line 126 in file "../src/messages.c"
 Parameters:    Size  Location     Type
  length          1   22[BANK0 ] unsigned char 
  msgtype         1   23[BANK0 ] unsigned char 
  data            2   24[BANK0 ] PTR void 
		 -> RAM(3327), timer0_int_handler@val(2), NULL(0), i2c_int_handler@error_buf(3), 
 Auto vars:     Size  Location     Type
		None
 Return value:  Size  Location     Type
                  1    wreg      char 
 Registers used:
		wreg, fsr1l, fsr1h, fsr2l, fsr2h, status,2, status,0, prodl, prodh, cstack
 Tracked objects:
		On entry : 
		On exit  : 
		Unchanged: 
 Data sizes:     COMRAM   BANK0   BANK1   BANK2   BANK3   BANK4   BANK5   BANK6   BANK7   BANK8   BANK9  BANK10  BANK11  BANK12
      Params:         0       4       0       0       0       0       0       0       0       0       0       0       0       0
      Locals:         0       0       0       0       0       0       0       0       0       0       0       0       0       0
      Temps:          0       0       0       0       0       0       0       0       0       0       0       0       0       0
      Totals:         0       4       0       0       0       0       0       0       0       0       0       0       0       0
Total ram usage:        4 bytes
 Hardware stack levels used:    1
 Hardware stack levels required when called:    2
 This function calls:
		i2_send_msg
 This function is called by:
		_i2c_int_handler
		_timer0_int_handler
		_uart_rx_int_handler
 This function uses a non-reentrant model


 *************** function i2_send_msg *****************
 Defined at:
		line 24 in file "../src/messages.c"
 Parameters:    Size  Location     Type
  send_msg        2   10[BANK0 ] PTR struct __msg_queue
		 -> FromMainHigh_MQ(54), FromMainLow_MQ(54), ToMainHigh_MQ(54), ToMainLow_MQ(54), 
  send_msg        1   12[BANK0 ] unsigned char 
  send_msg        1   13[BANK0 ] unsigned char 
  send_msg        2   14[BANK0 ] PTR void 
		 -> RAM(3327), timer0_int_handler@val(2), NULL(0), i2c_int_handler@error_buf(3), 
 Auto vars:     Size  Location     Type
  send_msg        2   20[BANK0 ] PTR struct __msg
		 -> FromMainHigh_MQ(54), FromMainLow_MQ(54), ToMainHigh_MQ(54), ToMainLow_MQ(54), 
  send_msg        2   17[BANK0 ] unsigned int 
  send_msg        1   19[BANK0 ] unsigned char 
 Return value:  Size  Location     Type
                  1    wreg      char 
 Registers used:
		wreg, fsr1l, fsr1h, fsr2l, fsr2h, status,2, status,0, prodl, prodh, cstack
 Tracked objects:
		On entry : 
		On exit  : 
		Unchanged: 
 Data sizes:     COMRAM   BANK0   BANK1   BANK2   BANK3   BANK4   BANK5   BANK6   BANK7   BANK8   BANK9  BANK10  BANK11  BANK12
      Params:         0       6       0       0       0       0       0       0       0       0       0       0       0       0
      Locals:         0       5       0       0       0       0       0       0       0       0       0       0       0       0
      Temps:          0       1       0       0       0       0       0       0       0       0       0       0       0       0
      Totals:         0      12       0       0       0       0       0       0       0       0       0       0       0       0
Total ram usage:       12 bytes
 Hardware stack levels used:    1
 Hardware stack levels required when called:    1
 This function calls:
		i2_memcpy
 This function is called by:
		_ToMainHigh_sendmsg
 This function uses a non-reentrant model


 *************** function i2_memcpy *****************
 Defined at:
		line 13 in file "C:\Program Files (x86)\Microchip\xc8\v1.20\sources\common\memcpy.c"
 Parameters:    Size  Location     Type
  memcpy          2    0[BANK0 ] PTR void 
		 -> msgbuffer(11), timer0_int_handler@val(2), FromMainHigh_MQ(54), FromMainLow_MQ(54), 
		 -> ToMainHigh_MQ(54), ToMainLow_MQ(54), main@msgbuffer(11), 
  memcpy          2    2[BANK0 ] PTR const void 
		 -> RAM(3327), timer0_int_handler@val(2), NULL(0), i2c_int_handler@error_buf(3), 
		 -> FromMainHigh_MQ(54), FromMainLow_MQ(54), ToMainHigh_MQ(54), ToMainLow_MQ(54), 
  memcpy          2    4[BANK0 ] unsigned int 
 Auto vars:     Size  Location     Type
  memcpy          2    8[BANK0 ] PTR const unsigned char 
		 -> RAM(3327), timer0_int_handler@val(2), NULL(0), i2c_int_handler@error_buf(3), 
		 -> FromMainHigh_MQ(54), FromMainLow_MQ(54), ToMainHigh_MQ(54), ToMainLow_MQ(54), 
  memcpy          2    6[BANK0 ] PTR unsigned char 
		 -> msgbuffer(11), timer0_int_handler@val(2), FromMainHigh_MQ(54), FromMainLow_MQ(54), 
		 -> ToMainHigh_MQ(54), ToMainLow_MQ(54), main@msgbuffer(11), 
 Return value:  Size  Location     Type
                  2    0[BANK0 ] PTR void 
 Registers used:
		wreg, fsr1l, fsr1h, fsr2l, fsr2h, status,2, status,0
 Tracked objects:
		On entry : 
		On exit  : 
		Unchanged: 
 Data sizes:     COMRAM   BANK0   BANK1   BANK2   BANK3   BANK4   BANK5   BANK6   BANK7   BANK8   BANK9  BANK10  BANK11  BANK12
      Params:         0       6       0       0       0       0       0       0       0       0       0       0       0       0
      Locals:         0       4       0       0       0       0       0       0       0       0       0       0       0       0
      Temps:          0       0       0       0       0       0       0       0       0       0       0       0       0       0
      Totals:         0      10       0       0       0       0       0       0       0       0       0       0       0       0
Total ram usage:       10 bytes
 Hardware stack levels used:    1
 This function calls:
		Nothing
 This function is called by:
		i2_send_msg
		i2_recv_msg
 This function uses a non-reentrant model



MODULE INFORMATION

Module		Function		Class		Link	Load	Size
C:\Program Files (x86)\Microchip\xc8\v1.20\sources\pic18\plib\i2c\i2c_writ.c
		_WriteI2C      		CODE           	1502	0000	74

C:\Program Files (x86)\Microchip\xc8\v1.20\sources\pic18\plib\i2c\i2c_writ.c estimated size: 74

C:\Program Files (x86)\Microchip\xc8\v1.20\sources\pic18\plib\Timers\t0write.c
		_WriteTimer0   		CODE           	19AE	0000	18

C:\Program Files (x86)\Microchip\xc8\v1.20\sources\pic18\plib\Timers\t0write.c estimated size: 18

C:\Program Files (x86)\Microchip\xc8\v1.20\sources\pic18\plib\Timers\t1write.c
		_WriteTimer1   		CODE           	1966	0000	18

C:\Program Files (x86)\Microchip\xc8\v1.20\sources\pic18\plib\Timers\t1write.c estimated size: 18

C:\Program Files (x86)\Microchip\xc8\v1.20\sources\pic18\plib\i2c\i2c_clos.c
		_CloseI2C      		CODE           	1A0A	0000	4

C:\Program Files (x86)\Microchip\xc8\v1.20\sources\pic18\plib\i2c\i2c_clos.c estimated size: 4

../src/user_interrupts.c
		_timer0_int_han		CODE           	1014	0000	186
		_uart_tx_int_ha		CODE           	1864	0000	40
		_timer1_int_han		CODE           	183A	0000	42
		_uart_rx_int_ha		CODE           	164C	0000	56
		_adc_int_handle		CODE           	154C	0000	66

../src/user_interrupts.c estimated size: 390

../src/timer0_thread.c
		_timer0_lthread		CODE           	19EC	0000	10

../src/timer0_thread.c estimated size: 10

shared
		i2_send_msg    		CODE           	0D86	0000	252
		i2_FromMainHigh		CODE           	180E	0000	44
		i2_in_high_int 		CODE           	199C	0000	18
		i1_recv_msg    		CODE           	0E82	0000	208
		i2_recv_msg    		CODE           	0B50	0000	300
		__initializatio		CODE           	1788	0000	36
		i2_in_low_int  		CODE           	1756	0000	50
		i1_WriteTimer1 		CODE           	198A	0000	18
		i1_memcpy      		CODE           	15CE	0000	64
		i2_memcpy      		CODE           	14B4	0000	78
		i2_check_msg   		CODE           	16BA	0000	54

shared estimated size: 1122

C:\Program Files (x86)\Microchip\xc8\v1.20\sources\pic18\plib\Timers\t1close.c
		_CloseTimer1   		CODE           	1A04	0000	6

C:\Program Files (x86)\Microchip\xc8\v1.20\sources\pic18\plib\Timers\t1close.c estimated size: 6

../src/timer1_thread.c
		_timer1_lthread		CODE           	1410	0000	86
		_init_timer1_lt		CODE           	1978	0000	18

../src/timer1_thread.c estimated size: 104

../src/my_i2c.c
		_start_i2c_slav		CODE           	0C7C	0000	266
		_handle_start  		CODE           	0F52	0000	194
		_i2c_int_handle		CODE           	00CC	0000	1624

../src/my_i2c.c estimated size: 2084

C:\Program Files (x86)\Microchip\xc8\v1.20\sources\pic18\d1ktcyx.c
		_Delay1KTCYx   		CODE           	1942	0000	18

C:\Program Files (x86)\Microchip\xc8\v1.20\sources\pic18\d1ktcyx.c estimated size: 18

C:\Program Files (x86)\Microchip\xc8\v1.20\sources\pic18\plib\USART\uread.c
		_ReadUSART     		CODE           	1920	0000	34

C:\Program Files (x86)\Microchip\xc8\v1.20\sources\pic18\plib\USART\uread.c estimated size: 34

C:\Program Files (x86)\Microchip\xc8\v1.20\sources\pic18\plib\Timers\t1open.c
		_OpenTimer1    		CODE           	16F0	0000	52

C:\Program Files (x86)\Microchip\xc8\v1.20\sources\pic18\plib\Timers\t1open.c estimated size: 52

C:\Program Files (x86)\Microchip\xc8\v1.20\sources\common\memcpy.c
		_memcpy        		CODE           	1466	0000	78

C:\Program Files (x86)\Microchip\xc8\v1.20\sources\common\memcpy.c estimated size: 78

../src/uart_thread.c
		_uart_lthread  		CODE           	160E	0000	62

../src/uart_thread.c estimated size: 62

C:\Program Files (x86)\Microchip\xc8\v1.20\sources\pic18\plib\i2c\i2c_open.c
		_OpenI2C       		CODE           	18DA	0000	36

C:\Program Files (x86)\Microchip\xc8\v1.20\sources\pic18\plib\i2c\i2c_open.c estimated size: 36

../src/interrupts.c
		_enable_interru		CODE           	19F6	0000	8
		_in_low_int    		CODE           	1724	0000	50
		_in_main       		CODE           	158E	0000	64
		_in_high_int   		CODE           	1954	0000	18
		_InterruptHandl		CODE           	0018	0000	176
		_InterruptHandl		CODE           	0008	0000	4804

../src/interrupts.c estimated size: 5120

C:\Program Files (x86)\Microchip\xc8\v1.20\sources\pic18\plib\USART\uwrite.c
		_WriteUSART    		CODE           	19C0	0000	16

C:\Program Files (x86)\Microchip\xc8\v1.20\sources\pic18\plib\USART\uwrite.c estimated size: 16

C:\Program Files (x86)\Microchip\xc8\v1.20\sources\pic18\plib\i2c\i2c_idle.c
		_IdleI2C       		CODE           	19E0	0000	12

C:\Program Files (x86)\Microchip\xc8\v1.20\sources\pic18\plib\i2c\i2c_idle.c estimated size: 12

../src/messages.c
		_ToMainHigh_sen		CODE           	188C	0000	40
		_ToMainHigh_rec		CODE           	17E2	0000	44
		_block_on_To_ms		CODE           	10CE	0000	170
		_check_msg     		CODE           	1684	0000	54
		_ToMainLow_send		CODE           	18FE	0000	34
		_ToMainLow_recv		CODE           	17B6	0000	44
		_enter_sleep_mo		CODE           	19FE	0000	6
		_send_msg      		CODE           	1178	0000	170
		_FromMainHigh_r		CODE           	18B4	0000	38
		_init_queue    		CODE           	12CC	0000	112
		_init_queues   		CODE           	133C	0000	106
		_recv_msg      		CODE           	0A24	0000	300
		_SleepIfOkay   		CODE           	13A6	0000	106

../src/messages.c estimated size: 1224

C:\Program Files (x86)\Microchip\xc8\v1.20\sources\pic18\plib\ADC\adcread.c
		_ReadADC       		CODE           	19D0	0000	16

C:\Program Files (x86)\Microchip\xc8\v1.20\sources\pic18\plib\ADC\adcread.c estimated size: 16

../src/main.c
		_main          		CODE           	0724	0000	768

../src/main.c estimated size: 768

