Microchip MPLAB XC8 Compiler V1.20 ()

Linker command line:

--edf=C:\Program Files (x86)\Microchip\xc8\v1.20\dat\en_msgs.txt -cs \
  -h+dist/UseC18/production\Framework.X.production.sym \
  --cmf=dist/UseC18/production\Framework.X.production.cmf -z -Q18F45J10 \
  -oC:\Users\Ben\AppData\Local\Temp\s964.6 \
  -Mdist/UseC18/production/Framework.X.production.map -E1 -ver=XC8 \
  -ACODE=00h-07FF7h -ACONST=00h-07FF7h \
  -ASMALLCONST=0400h-04FFhx123,07F00h-07FF7h -AMEDIUMCONST=0400h-07FF7h \
  -ACOMRAM=01h-07Fh -AABS1=00h-03FFh -ABIGRAM=01h-03FFh \
  -ARAM=080h-0FFh,0100h-01FFhx3 -ABANK0=080h-0FFh -ABANK1=0100h-01FFh \
  -ABANK2=0200h-02FFh -ABANK3=0300h-03FFh -ASFR=0F80h-0FFFh \
  -preset_vec=00h,intcode=08h,intcodelo=018h,powerup,init,end_init \
  -pramtop=0400h -psmallconst=SMALLCONST -pmediumconst=MEDIUMCONST \
  -pconst=CONST -AFARRAM=00h-00h -ACONFIG=07FF8h-07FFDh -pconfig=CONFIG \
  -pjflash_buffer=07800h \
  -prdata=COMRAM,nvrram=COMRAM,nvbit=COMRAM,rbss=COMRAM,rbit=COMRAM \
  -pfarbss=FARRAM,fardata=FARRAM,nvFARRAM=FARRAM \
  -pintsave_regs=BIGRAM,bigbss=BIGRAM,bigdata=BIGRAM -pbss=RAM \
  -pidata=CODE,irdata=CODE,ibigdata=CODE,ifardata=CODE \
  C:\Users\Ben\AppData\Local\Temp\s964.obj \
  dist/UseC18/production\Framework.X.production.obj 

Object code version is 3.11

Machine type is 18F45J10

Call graph: (short form)




                Name                               Link     Load   Length Selector   Space Scale
C:\Users\Ben\AppData\Local\Temp\s964.obj
                end_init                             C8       C8        4        C       0
                reset_vec                             0        0        4        0       0
                config                             7FF8     7FF8        6     7FF8       0
dist/UseC18/production\Framework.X.production.obj
                intcodelo                            18       18       B0        C       0
                intcode                               8        8       10        4       0
                text51                             14CA     14CA       48        C       0
                text50                              D4C      D4C       F2        C       0
                text49                             181A     181A       28        C       0
                text48                              F0E      F0E       C4        C       0
                text47                               CC       CC      658        C       0
                text46                             1938     1938       12        C       0
                text45                              B16      B16      12C        C       0
                text44                             1772     1772       2C        C       0
                text43                              FD2      FD2       B4        C       0
                text42                             1970     1970        A        C       0
                text41                             1988     1988        6        C       0
                text40                             16BC     16BC       30        C       0
                text39                             18D2     18D2       1E        C       0
                text38                             161A     161A       38        C       0
                text37                             1982     1982        6        C       0
                text36                             195A     195A        C        C       0
                text35                             16EC     16EC       2E        C       0
                text34                             188C     188C       24        C       0
                text33                             147C     147C       4E        C       0
                intcode_body                       11E0     11E0       A8        C       0
                text31                             159C     159C       40        C       0
                text30                             1136     1136       AA        C       0
                text29                             18B0     18B0       22        C       0
                text28                             1926     1926       12        C       0
                text27                             17C8     17C8       2A        C       0
                text26                              E3E      E3E       D0        C       0
                text25                             1842     1842       26        C       0
                text24                             194A     194A       10        C       0
                text23                             17F2     17F2       28        C       0
                text21                             197A     197A        8        C       0
                text20                             1914     1914       12        C       0
                text19                             1288     1288       7A        C       0
                text18                             136A     136A       66        C       0
                text17                             1688     1688       34        C       0
                text16                             1902     1902       12        C       0
                text15                             1512     1512       46        C       0
                text14                             1558     1558       44        C       0
                text13                             1652     1652       36        C       0
                text12                             18F0     18F0       12        C       0
                text11                             1086     1086       B0        C       0
                text10                             142E     142E       4E        C       0
                text9                               9EA      9EA      12C        C       0
                text8                              1746     1746       2C        C       0
                text7                              1966     1966        A        C       0
                text6                               C42      C42      10A        C       0
                text5                              171A     171A       2C        C       0
                text4                              1868     1868       24        C       0
                text3                              13D0     13D0       5E        C       0
                text2                              1302     1302       68        C       0
                text1                              15DC     15DC       3E        C       0
                cstackCOMRAM                          1        1       36        1       1
                cstackBANK0                          80       80       4B       80       1
                cstackBANK1                         1D8      1D8       16      100       1
                bssBANK1                            100      100       D8      100       1
                bssBANK0                             CB       CB        3       80       1
                bssCOMRAM                            37       37       1A        1       1
                cinit                              179E     179E       2A        C       0
                text0                               724      724      2C6        C       0

TOTAL           Name                               Link     Load   Length     Space
        CLASS   CODE           
                end_init                             C8       C8        4         0
                intcodelo                            18       18       B0         0
                intcode                               8        8       10         0
                reset_vec                             0        0        4         0
                text51                             14CA     14CA       48         0
                text50                              D4C      D4C       F2         0
                text49                             181A     181A       28         0
                text48                              F0E      F0E       C4         0
                text47                               CC       CC      658         0
                text46                             1938     1938       12         0
                text45                              B16      B16      12C         0
                text44                             1772     1772       2C         0
                text43                              FD2      FD2       B4         0
                text42                             1970     1970        A         0
                text41                             1988     1988        6         0
                text40                             16BC     16BC       30         0
                text39                             18D2     18D2       1E         0
                text38                             161A     161A       38         0
                text37                             1982     1982        6         0
                text36                             195A     195A        C         0
                text35                             16EC     16EC       2E         0
                text34                             188C     188C       24         0
                text33                             147C     147C       4E         0
                intcode_body                       11E0     11E0       A8         0
                text31                             159C     159C       40         0
                text30                             1136     1136       AA         0
                text29                             18B0     18B0       22         0
                text28                             1926     1926       12         0
                text27                             17C8     17C8       2A         0
                text26                              E3E      E3E       D0         0
                text25                             1842     1842       26         0
                text24                             194A     194A       10         0
                text23                             17F2     17F2       28         0
                text21                             197A     197A        8         0
                text20                             1914     1914       12         0
                text19                             1288     1288       7A         0
                text18                             136A     136A       66         0
                text17                             1688     1688       34         0
                text16                             1902     1902       12         0
                text15                             1512     1512       46         0
                text14                             1558     1558       44         0
                text13                             1652     1652       36         0
                text12                             18F0     18F0       12         0
                text11                             1086     1086       B0         0
                text10                             142E     142E       4E         0
                text9                               9EA      9EA      12C         0
                text8                              1746     1746       2C         0
                text7                              1966     1966        A         0
                text6                               C42      C42      10A         0
                text5                              171A     171A       2C         0
                text4                              1868     1868       24         0
                text3                              13D0     13D0       5E         0
                text2                              1302     1302       68         0
                text1                              15DC     15DC       3E         0
                cinit                              179E     179E       2A         0
                text0                               724      724      2C6         0

        CLASS   CONST          

        CLASS   SMALLCONST     

        CLASS   MEDIUMCONST    

        CLASS   COMRAM         
                cstackCOMRAM                          1        1       36         1
                bssCOMRAM                            37       37       1A         1

        CLASS   ABS1           

        CLASS   BIGRAM         

        CLASS   RAM            

        CLASS   BANK0          
                cstackBANK0                          80       80       4B         1
                bssBANK0                             CB       CB        3         1

        CLASS   BANK1          
                cstackBANK1                         1D8      1D8       16         1
                bssBANK1                            100      100       D8         1

        CLASS   BANK2          

        CLASS   BANK3          

        CLASS   SFR            

        CLASS   FARRAM         

        CLASS   CONFIG         
                config                             7FF8     7FF8        6         0

        CLASS   IDLOC          



SEGMENTS        Name                           Load    Length   Top    Selector   Space  Class

                reset_vec                      000000  000004  000004         0       0  CODE    
                cstackCOMRAM                   000001  000050  000051         1       1  COMRAM  
                intcode                        000008  000010  000018         4       0  CODE    
                intcodelo                      000018  001976  00198E         C       0  CODE    
                cstackBANK0                    000080  00004E  0000CE        80       1  BANK0   
                bssBANK1                       000100  0000EE  0001EE       100       1  BANK1   
                config                         007FF8  000006  007FFE      7FF8       0  CONFIG  


UNUSED ADDRESS RANGES

        Name                Unused          Largest block    Delta
        BANK0            000CE-000FF              32
        BANK1            001EE-001FF              12
        BANK2            00200-002FF             100
        BANK3            00300-003FF             100
        BIGRAM           00051-0007F              2F
                         000CE-000FF              32
                         001EE-003FF             212
        CODE             00004-00007               4
                         0198E-07FF7            666A
        COMRAM           00051-0007F              2F
        CONST            00004-00007               4
                         0198E-07FF7            666A
        MEDIUMCONST      0198E-07FF7            666A
        RAM              000CE-000FF              32
                         001EE-003FF             100
        SFR              00F80-00FFF              80
        SMALLCONST       0198E-07FF7             100

                                  Symbol Table

?_Delay1KTCYx                    cstackBANK0   000AD
?_FromMainHigh_recvmsg           cstackCOMRAM  00019
?_OpenI2C1                       cstackBANK0   000AD
?_OpenTimer1                     cstackBANK0   000AD
?_ReadADC                        cstackCOMRAM  00030
?_ToMainHigh_recvmsg             cstackBANK0   000C5
?_ToMainHigh_sendmsg             cstackBANK0   0008F
?_ToMainLow_recvmsg              cstackBANK0   000C5
?_ToMainLow_sendmsg              cstackCOMRAM  00017
?_WriteI2C1                      cstackBANK0   000AD
?_WriteTimer0                    cstackCOMRAM  00030
?_WriteTimer1                    cstackCOMRAM  00001
?_WriteUSART                     cstackCOMRAM  00001
?_check_msg                      cstackBANK0   000AD
?_handle_start                   cstackCOMRAM  00030
?_in_high_int                    cstackBANK0   000AD
?_in_low_int                     cstackBANK0   000AF
?_in_main                        cstackBANK0   000B1
?_init_queue                     cstackBANK0   000AD
?_init_timer1_lthread            cstackBANK0   000AD
?_memcpy                         cstackBANK0   000AD
?_recv_msg                       cstackBANK0   000B7
?_send_msg                       cstackCOMRAM  0000B
?_start_i2c_slave_reply          cstackBANK0   000AD
?_timer0_lthread                 cstackBANK0   000AD
?_timer1_lthread                 cstackBANK0   000AF
?_uart_lthread                   cstackBANK0   000AD
?i1_memcpy                       cstackCOMRAM  00001
?i1_recv_msg                     cstackCOMRAM  0000B
?i2_FromMainHigh_recvmsg         cstackBANK0   00092
?i2_check_msg                    cstackCOMRAM  00030
?i2_in_high_int                  cstackCOMRAM  00030
?i2_in_low_int                   cstackCOMRAM  00032
?i2_memcpy                       cstackCOMRAM  00030
?i2_recv_msg                     cstackBANK0   00084
?i2_send_msg                     cstackBANK0   00084
Delay1KTCYx@unit                 cstackBANK0   000AD
FromMainHigh_recvmsg@data        cstackCOMRAM  0001C
FromMainHigh_recvmsg@maxlength   cstackCOMRAM  00019
FromMainHigh_recvmsg@msgtype     cstackCOMRAM  0001A
OpenI2C1@slew                    cstackBANK0   000AE
OpenI2C1@sync_mode               cstackBANK0   000AD
OpenTimer1@config                cstackBANK0   000AD
ReadUSART@data                   cstackCOMRAM  00030
ToMainHigh_recvmsg@data          cstackBANK0   000C8
ToMainHigh_recvmsg@maxlength     cstackBANK0   000C5
ToMainHigh_recvmsg@msgtype       cstackBANK0   000C6
ToMainHigh_sendmsg@data          cstackBANK0   00091
ToMainHigh_sendmsg@length        cstackBANK0   0008F
ToMainHigh_sendmsg@msgtype       cstackBANK0   00090
ToMainLow_recvmsg@data           cstackBANK0   000C8
ToMainLow_recvmsg@maxlength      cstackBANK0   000C5
ToMainLow_recvmsg@msgtype        cstackBANK0   000C6
ToMainLow_sendmsg@data           cstackCOMRAM  00019
ToMainLow_sendmsg@length         cstackCOMRAM  00017
ToMainLow_sendmsg@msgtype        cstackCOMRAM  00018
WriteI2C1@data_out               cstackBANK0   000AD
WriteTimer0@timer                cstackCOMRAM  00032
WriteTimer0@timer0               cstackCOMRAM  00030
WriteTimer1@timer                cstackCOMRAM  00003
WriteTimer1@timer1               cstackCOMRAM  00001
WriteUSART@data                  cstackCOMRAM  00001
_ADCValue                        bssCOMRAM     00037
_ADRESH                          (abs)         00FC4
_ADRESL                          (abs)         00FC3
_CloseTimer1                     text41        01988
_Delay1KTCYx                     text12        018F0
_FromMainHigh_MQ                 bssBANK1      00100
_FromMainHigh_recvmsg            text25        01842
_FromMainLow_MQ                  bssBANK1      00136
_INTCONbits                      (abs)         00FF2
_IPR1bits                        (abs)         00F9F
_InterruptHandlerHigh            intcode       00008
_InterruptHandlerLow             intcodelo     00018
_LATB                            (abs)         00F8A
_LATBbits                        (abs)         00F8A
_MQ_Main_Willing_to_block        bssCOMRAM     00041
_OSCCON                          (abs)         00FD3
_OSCCONbits                      (abs)         00FD3
_OSCTUNEbits                     (abs)         00F9B
_OpenI2C1                        text4         01868
_OpenTimer1                      text17        01688
_PIE1bits                        (abs)         00F9D
_PIR1bits                        (abs)         00F9E
_RCONbits                        (abs)         00FD0
_RCREG                           (abs)         00FAE
_RCSTAbits                       (abs)         00FAB
_ReadADC                         text42        01970
_ReadUSART                       text39        018D2
_SSP1BUF                         (abs)         00FC9
_SSP1CON1                        (abs)         00FC6
_SSP1CON1bits                    (abs)         00FC6
_SSP1CON2                        (abs)         00FC5
_SSP1CON2bits                    (abs)         00FC5
_SSP1STAT                        (abs)         00FC7
_SSP1STATbits                    (abs)         00FC7
_SSPADD                          (abs)         00FC8
_SSPBUF                          (abs)         00FC9
_SSPCON1                         (abs)         00FC6
_SSPCON1bits                     (abs)         00FC6
_SSPCON2                         (abs)         00FC5
_SSPCON2bits                     (abs)         00FC5
_SSPSTAT                         (abs)         00FC7
_SSPSTATbits                     (abs)         00FC7
_SleepIfOkay                     text33        0147C
_T1CON                           (abs)         00FCD
_T1CONbits                       (abs)         00FCD
_TMR0H                           (abs)         00FD7
_TMR0L                           (abs)         00FD6
_TMR1H                           (abs)         00FCF
_TMR1L                           (abs)         00FCE
_TRISB                           (abs)         00F93
_TRISCbits                       (abs)         00F94
_TXREG                           (abs)         00FAD
_TXSTAbits                       (abs)         00FAC
_ToMainHigh_MQ                   bssBANK1      0016C
_ToMainHigh_recvmsg              text8         01746
_ToMainHigh_sendmsg              text49        0181A
_ToMainLow_MQ                    bssBANK1      001A2
_ToMainLow_recvmsg               text5         0171A
_ToMainLow_sendmsg               text29        018B0
_USART_Status                    bssCOMRAM     00042
_WriteI2C1                       text3         013D0
_WriteTimer0                     text46        01938
_WriteTimer1                     text28        01926
_WriteUSART                      text24        0194A
__CFG_CCP2MX$DEFAULT             (abs)         00000
__CFG_CP0$OFF                    (abs)         00000
__CFG_FCMEN$ON                   (abs)         00000
__CFG_FOSC$HSPLL                 (abs)         00000
__CFG_FOSC2$ON                   (abs)         00000
__CFG_IESO$ON                    (abs)         00000
__CFG_STVREN$OFF                 (abs)         00000
__CFG_WDTEN$OFF                  (abs)         00000
__CFG_WDTPS$32768                (abs)         00000
__CFG_XINST$OFF                  (abs)         00000
__HRAM                           (abs)         00000
__Habs1                          abs1          00000
__Hbank0                         bank0         00000
__Hbank1                         bank1         00000
__Hbank2                         bank2         00000
__Hbank3                         bank3         00000
__Hbigbss                        bigbss        00000
__Hbigdata                       bigdata       00000
__Hbigram                        bigram        00000
__Hbss                           bss           00000
__HbssBANK0                      bssBANK0      00000
__HbssBANK1                      bssBANK1      00000
__HbssCOMRAM                     bssCOMRAM     00000
__Hcinit                         cinit         00000
__Hclrtext                       clrtext       00000
__Hcomram                        comram        00000
__Hconfig                        config        07FFE
__Hconst                         const         00000
__HcstackBANK0                   cstackBANK0   00000
__HcstackBANK1                   cstackBANK1   00000
__HcstackCOMRAM                  cstackCOMRAM  00000
__Hdata                          data          00000
__Hend_init                      end_init      000CC
__Hfarbss                        farbss        00000
__Hfardata                       fardata       00000
__Hibigdata                      ibigdata      00000
__Hidata                         idata         00000
__Hidloc                         idloc         00000
__Hifardata                      ifardata      00000
__Hinit                          init          000C8
__Hintcode                       intcode       00018
__Hintcode_body                  intcode_body  00000
__Hintcodelo                     intcodelo     000C8
__Hintentry                      intentry      00000
__Hintret                        intret        00000
__Hintsave_regs                  intsave_regs  00000
__Hirdata                        irdata        00000
__Hjflash_buffer                 jflash_buffer 07800
__Hmediumconst                   mediumconst   00000
__HnvFARRAM                      nvFARRAM      00000
__Hnvbit                         nvbit         00000
__Hnvrram                        nvrram        00000
__Hparam                         rparam        00000
__Hpowerup                       powerup       000C8
__Hram                           ram           00000
__Hramtop                        ramtop        00400
__Hrbit                          rbit          00000
__Hrbss                          rbss          00000
__Hrdata                         rdata         00000
__Hreset_vec                     reset_vec     00004
__Hrparam                        rparam        00000
__Hsfr                           sfr           00000
__Hsmallconst                    smallconst    00000
__Hstruct                        struct        00000
__Htemp                          temp          00000
__Htext                          text          00000
__Htext0                         text0         00000
__Htext1                         text1         00000
__Htext10                        text10        00000
__Htext11                        text11        00000
__Htext12                        text12        00000
__Htext13                        text13        00000
__Htext14                        text14        00000
__Htext15                        text15        00000
__Htext16                        text16        00000
__Htext17                        text17        00000
__Htext18                        text18        00000
__Htext19                        text19        00000
__Htext2                         text2         00000
__Htext20                        text20        00000
__Htext21                        text21        00000
__Htext23                        text23        00000
__Htext24                        text24        00000
__Htext25                        text25        00000
__Htext26                        text26        00000
__Htext27                        text27        00000
__Htext28                        text28        00000
__Htext29                        text29        00000
__Htext3                         text3         00000
__Htext30                        text30        00000
__Htext31                        text31        00000
__Htext33                        text33        00000
__Htext34                        text34        00000
__Htext35                        text35        00000
__Htext36                        text36        00000
__Htext37                        text37        00000
__Htext38                        text38        00000
__Htext39                        text39        00000
__Htext4                         text4         00000
__Htext40                        text40        00000
__Htext41                        text41        00000
__Htext42                        text42        00000
__Htext43                        text43        00000
__Htext44                        text44        00000
__Htext45                        text45        00000
__Htext46                        text46        00000
__Htext47                        text47        00000
__Htext48                        text48        00000
__Htext49                        text49        00000
__Htext5                         text5         00000
__Htext50                        text50        00000
__Htext51                        text51        00000
__Htext6                         text6         00000
__Htext7                         text7         00000
__Htext8                         text8         00000
__Htext9                         text9         00000
__LRAM                           (abs)         00001
__Labs1                          abs1          00000
__Lbank0                         bank0         00000
__Lbank1                         bank1         00000
__Lbank2                         bank2         00000
__Lbank3                         bank3         00000
__Lbigbss                        bigbss        00000
__Lbigdata                       bigdata       00000
__Lbigram                        bigram        00000
__Lbss                           bss           00000
__LbssBANK0                      bssBANK0      00000
__LbssBANK1                      bssBANK1      00000
__LbssCOMRAM                     bssCOMRAM     00000
__Lcinit                         cinit         00000
__Lclrtext                       clrtext       00000
__Lcomram                        comram        00000
__Lconfig                        config        07FF8
__Lconst                         const         00000
__LcstackBANK0                   cstackBANK0   00000
__LcstackBANK1                   cstackBANK1   00000
__LcstackCOMRAM                  cstackCOMRAM  00000
__Ldata                          data          00000
__Lend_init                      end_init      000C8
__Lfarbss                        farbss        00000
__Lfardata                       fardata       00000
__Libigdata                      ibigdata      00000
__Lidata                         idata         00000
__Lidloc                         idloc         00000
__Lifardata                      ifardata      00000
__Linit                          init          000C8
__Lintcode                       intcode       00008
__Lintcode_body                  intcode_body  00000
__Lintcodelo                     intcodelo     00018
__Lintentry                      intentry      00000
__Lintret                        intret        00000
__Lintsave_regs                  intsave_regs  00000
__Lirdata                        irdata        00000
__Ljflash_buffer                 jflash_buffer 07800
__Lmediumconst                   mediumconst   00000
__LnvFARRAM                      nvFARRAM      00000
__Lnvbit                         nvbit         00000
__Lnvrram                        nvrram        00000
__Lparam                         rparam        00000
__Lpowerup                       powerup       000C8
__Lram                           ram           00000
__Lramtop                        ramtop        00400
__Lrbit                          rbit          00000
__Lrbss                          rbss          00000
__Lrdata                         rdata         00000
__Lreset_vec                     reset_vec     00000
__Lrparam                        rparam        00000
__Lsfr                           sfr           00000
__Lsmallconst                    smallconst    00000
__Lstruct                        struct        00000
__Ltemp                          temp          00000
__Ltext                          text          00000
__Ltext0                         text0         00000
__Ltext1                         text1         00000
__Ltext10                        text10        00000
__Ltext11                        text11        00000
__Ltext12                        text12        00000
__Ltext13                        text13        00000
__Ltext14                        text14        00000
__Ltext15                        text15        00000
__Ltext16                        text16        00000
__Ltext17                        text17        00000
__Ltext18                        text18        00000
__Ltext19                        text19        00000
__Ltext2                         text2         00000
__Ltext20                        text20        00000
__Ltext21                        text21        00000
__Ltext23                        text23        00000
__Ltext24                        text24        00000
__Ltext25                        text25        00000
__Ltext26                        text26        00000
__Ltext27                        text27        00000
__Ltext28                        text28        00000
__Ltext29                        text29        00000
__Ltext3                         text3         00000
__Ltext30                        text30        00000
__Ltext31                        text31        00000
__Ltext33                        text33        00000
__Ltext34                        text34        00000
__Ltext35                        text35        00000
__Ltext36                        text36        00000
__Ltext37                        text37        00000
__Ltext38                        text38        00000
__Ltext39                        text39        00000
__Ltext4                         text4         00000
__Ltext40                        text40        00000
__Ltext41                        text41        00000
__Ltext42                        text42        00000
__Ltext43                        text43        00000
__Ltext44                        text44        00000
__Ltext45                        text45        00000
__Ltext46                        text46        00000
__Ltext47                        text47        00000
__Ltext48                        text48        00000
__Ltext49                        text49        00000
__Ltext5                         text5         00000
__Ltext50                        text50        00000
__Ltext51                        text51        00000
__Ltext6                         text6         00000
__Ltext7                         text7         00000
__Ltext8                         text8         00000
__Ltext9                         text9         00000
__S0                             (abs)         07FFE
__S1                             (abs)         001EE
___extmem_base                   (abs)         20000
__accesstop                      (abs)         00080
__activetblptr                   (abs)         00002
__end_of_CloseTimer1             text41        0198E
__end_of_Delay1KTCYx             text12        01902
__end_of_FromMainHigh_recvmsg    text25        01868
__end_of_InterruptHandlerHigh    intcode_body  01288
__end_of_InterruptHandlerLow     intcodelo     000C8
__end_of_OpenI2C1                text4         0188C
__end_of_OpenTimer1              text17        016BC
__end_of_ReadADC                 text42        0197A
__end_of_ReadUSART               text39        018F0
__end_of_SleepIfOkay             text33        014CA
__end_of_ToMainHigh_recvmsg      text8         01772
__end_of_ToMainHigh_sendmsg      text49        01842
__end_of_ToMainLow_recvmsg       text5         01746
__end_of_ToMainLow_sendmsg       text29        018D2
__end_of_WriteI2C1               text3         0142E
__end_of_WriteTimer0             text46        0194A
__end_of_WriteTimer1             text28        01938
__end_of_WriteUSART              text24        0195A
__end_of__initialization         cinit         017BE
__end_of_adc_int_handler         text40        016EC
__end_of_block_on_To_msgqueues   text11        01136
__end_of_check_msg               text13        01688
__end_of_enable_interrupts       text21        01982
__end_of_enter_sleep_mode        text37        01988
__end_of_handle_start            text48        00FD2
__end_of_i2c_int_handler         text47        00724
__end_of_in_high_int             text16        01914
__end_of_in_low_int              text15        01558
__end_of_in_main                 text14        0159C
__end_of_init_queue              text19        01302
__end_of_init_queues             text18        013D0
__end_of_init_timer1_lthread     text20        01926
__end_of_main                    text0         009EA
__end_of_memcpy                  text10        0147C
__end_of_recv_msg                text9         00B16
__end_of_send_msg                text30        011E0
__end_of_start_i2c_slave_reply   text6         00D4C
__end_of_timer0_int_handler      text43        01086
__end_of_timer0_lthread          text7         01970
__end_of_timer1_int_handler      text27        017F2
__end_of_timer1_lthread          text2         0136A
__end_of_uart_lthread            text1         0161A
__end_of_uart_rx_int_handler     text38        01652
__end_of_uart_tx_int_handler     text23        0181A
__end_ofi1_memcpy                text31        015DC
__end_ofi1_recv_msg              text26        00F0E
__end_ofi2_FromMainHigh_recvmsg  text44        0179E
__end_ofi2_check_msg             text34        018B0
__end_ofi2_in_high_int           text36        01966
__end_ofi2_in_low_int            text35        0171A
__end_ofi2_memcpy                text51        01512
__end_ofi2_recv_msg              text45        00C42
__end_ofi2_send_msg              text50        00E3E
__initialization                 cinit         0179E
__mediumconst                    mediumconst   00000
__pbssBANK0                      bssBANK0      000CB
__pbssBANK1                      bssBANK1      00100
__pbssCOMRAM                     bssCOMRAM     00037
__pcinit                         cinit         0179E
__pcstackBANK0                   cstackBANK0   00080
__pcstackBANK1                   cstackBANK1   001D8
__pcstackCOMRAM                  cstackCOMRAM  00001
__pintcode                       intcode       00008
__pintcode_body                  intcode_body  011E0
__pintcodelo                     intcodelo     00018
__ptext0                         text0         00724
__ptext1                         text1         015DC
__ptext10                        text10        0142E
__ptext11                        text11        01086
__ptext12                        text12        018F0
__ptext13                        text13        01652
__ptext14                        text14        01558
__ptext15                        text15        01512
__ptext16                        text16        01902
__ptext17                        text17        01688
__ptext18                        text18        0136A
__ptext19                        text19        01288
__ptext2                         text2         01302
__ptext20                        text20        01914
__ptext21                        text21        0197A
__ptext23                        text23        017F2
__ptext24                        text24        0194A
__ptext25                        text25        01842
__ptext26                        text26        00E3E
__ptext27                        text27        017C8
__ptext28                        text28        01926
__ptext29                        text29        018B0
__ptext3                         text3         013D0
__ptext30                        text30        01136
__ptext31                        text31        0159C
__ptext33                        text33        0147C
__ptext34                        text34        0188C
__ptext35                        text35        016EC
__ptext36                        text36        0195A
__ptext37                        text37        01982
__ptext38                        text38        0161A
__ptext39                        text39        018D2
__ptext4                         text4         01868
__ptext40                        text40        016BC
__ptext41                        text41        01988
__ptext42                        text42        01970
__ptext43                        text43        00FD2
__ptext44                        text44        01772
__ptext45                        text45        00B16
__ptext46                        text46        01938
__ptext47                        text47        000CC
__ptext48                        text48        00F0E
__ptext49                        text49        0181A
__ptext5                         text5         0171A
__ptext50                        text50        00D4C
__ptext51                        text51        014CA
__ptext6                         text6         00C42
__ptext7                         text7         01966
__ptext8                         text8         01746
__ptext9                         text9         009EA
__ramtop                         ramtop        00400
__size_of_CloseTimer1            (abs)         00000
__size_of_Delay1KTCYx            (abs)         00000
__size_of_FromMainHigh_recvmsg   (abs)         00000
__size_of_InterruptHandlerHigh   (abs)         00000
__size_of_InterruptHandlerLow    (abs)         00000
__size_of_OpenI2C1               (abs)         00000
__size_of_OpenTimer1             (abs)         00000
__size_of_ReadADC                (abs)         00000
__size_of_ReadUSART              (abs)         00000
__size_of_SleepIfOkay            (abs)         00000
__size_of_ToMainHigh_recvmsg     (abs)         00000
__size_of_ToMainHigh_sendmsg     (abs)         00000
__size_of_ToMainLow_recvmsg      (abs)         00000
__size_of_ToMainLow_sendmsg      (abs)         00000
__size_of_WriteI2C1              (abs)         00000
__size_of_WriteTimer0            (abs)         00000
__size_of_WriteTimer1            (abs)         00000
__size_of_WriteUSART             (abs)         00000
__size_of_adc_int_handler        (abs)         00000
__size_of_block_on_To_msgqueues  (abs)         00000
__size_of_check_msg              (abs)         00000
__size_of_enable_interrupts      (abs)         00000
__size_of_enter_sleep_mode       (abs)         00000
__size_of_handle_start           (abs)         00000
__size_of_i2c_int_handler        (abs)         00000
__size_of_in_high_int            (abs)         00000
__size_of_in_low_int             (abs)         00000
__size_of_in_main                (abs)         00000
__size_of_init_queue             (abs)         00000
__size_of_init_queues            (abs)         00000
__size_of_init_timer1_lthread    (abs)         00000
__size_of_main                   (abs)         00000
__size_of_memcpy                 (abs)         00000
__size_of_recv_msg               (abs)         00000
__size_of_send_msg               (abs)         00000
__size_of_start_i2c_slave_reply  (abs)         00000
__size_of_timer0_int_handler     (abs)         00000
__size_of_timer0_lthread         (abs)         00000
__size_of_timer1_int_handler     (abs)         00000
__size_of_timer1_lthread         (abs)         00000
__size_of_uart_lthread           (abs)         00000
__size_of_uart_rx_int_handler    (abs)         00000
__size_of_uart_tx_int_handler    (abs)         00000
__size_ofi1_memcpy               (abs)         00000
__size_ofi1_recv_msg             (abs)         00000
__size_ofi2_FromMainHigh_recvmsg (abs)         00000
__size_ofi2_check_msg            (abs)         00000
__size_ofi2_in_high_int          (abs)         00000
__size_ofi2_in_low_int           (abs)         00000
__size_ofi2_memcpy               (abs)         00000
__size_ofi2_recv_msg             (abs)         00000
__size_ofi2_send_msg             (abs)         00000
__smallconst                     smallconst    00000
_adc_int_handler                 text40        016BC
_block_on_To_msgqueues           text11        01086
_check_msg                       text13        01652
_counter2                        bssCOMRAM     00039
_enable_interrupts               text21        0197A
_enter_sleep_mode                text37        01982
_handle_start                    text48        00F0E
_i2c_int_handler                 text47        000CC
_ic_ptr                          bssBANK0      000CB
_in_high_int                     text16        01902
_in_low_int                      text15        01512
_in_main                         text14        01558
_init_queue                      text19        01288
_init_queues                     text18        0136A
_init_timer1_lthread             text20        01914
_last_reg_recvd                  bssCOMRAM     00043
_length                          bssCOMRAM     0003B
_main                            text0         00724
_memcpy                          text10        0142E
_message                         bssBANK0      000CD
_msgbuffer                       bssCOMRAM     00045
_msgtype                         bssCOMRAM     00050
_recv_msg                        text9         009EA
_send_msg                        text30        01136
_start_i2c_slave_reply           text6         00C42
_test                            bssCOMRAM     0003D
_testbuffer                      bssCOMRAM     00044
_timer0_int_handler              text43        00FD2
_timer0_lthread                  text7         01966
_timer1_int_handler              text27        017C8
_timer1_lthread                  text2         01302
_uart_lthread                    text1         015DC
_uart_rx_int_handler             text38        0161A
_uart_tx_int_handler             text23        017F2
_uc_ptr                          bssCOMRAM     0003F
check_msg@qptr                   cstackBANK0   000AD
end_of_initialization            cinit         017BE
handle_start@data_read           cstackCOMRAM  00030
i1_memcpy                        text31        0159C
i1_recv_msg                      text26        00E3E
i1memcpy@d                       cstackCOMRAM  00007
i1memcpy@d1                      cstackCOMRAM  00001
i1memcpy@n                       cstackCOMRAM  00005
i1memcpy@s                       cstackCOMRAM  00009
i1memcpy@s1                      cstackCOMRAM  00003
i1recv_msg@data                  cstackCOMRAM  00010
i1recv_msg@maxlength             cstackCOMRAM  0000D
i1recv_msg@msgtype               cstackCOMRAM  0000E
i1recv_msg@qmsg                  cstackCOMRAM  00017
i1recv_msg@qptr                  cstackCOMRAM  0000B
i1recv_msg@slot                  cstackCOMRAM  00014
i1recv_msg@tlength               cstackCOMRAM  00015
i2FromMainHigh_recvmsg@data      cstackBANK0   00095
i2FromMainHigh_recvmsg@maxlength cstackBANK0   00092
i2FromMainHigh_recvmsg@msgtype   cstackBANK0   00093
i2_FromMainHigh_recvmsg          text44        01772
i2_check_msg                     text34        0188C
i2_in_high_int                   text36        0195A
i2_in_low_int                    text35        016EC
i2_memcpy                        text51        014CA
i2_recv_msg                      text45        00B16
i2_send_msg                      text50        00D4C
i2c_int_handler@data_read        cstackBANK0   0009D
i2c_int_handler@data_written     cstackBANK0   00098
i2c_int_handler@error_buf        cstackBANK0   00095
i2c_int_handler@i2c_data         cstackBANK0   0009B
i2c_int_handler@msg_ready        cstackBANK0   0009C
i2c_int_handler@msg_to_send      cstackBANK0   0009A
i2c_int_handler@overrun_error    cstackBANK0   00099
i2check_msg@qptr                 cstackCOMRAM  00030
i2memcpy@d                       cstackBANK0   00080
i2memcpy@d1                      cstackCOMRAM  00030
i2memcpy@n                       cstackCOMRAM  00034
i2memcpy@s                       cstackBANK0   00082
i2memcpy@s1                      cstackCOMRAM  00032
i2recv_msg@data                  cstackBANK0   00089
i2recv_msg@maxlength             cstackBANK0   00086
i2recv_msg@msgtype               cstackBANK0   00087
i2recv_msg@qmsg                  cstackBANK0   00090
i2recv_msg@qptr                  cstackBANK0   00084
i2recv_msg@slot                  cstackBANK0   0008D
i2recv_msg@tlength               cstackBANK0   0008E
i2send_msg@data                  cstackBANK0   00088
i2send_msg@length                cstackBANK0   00086
i2send_msg@msgtype               cstackBANK0   00087
i2send_msg@qmsg                  cstackBANK0   0008D
i2send_msg@qptr                  cstackBANK0   00084
i2send_msg@slot                  cstackBANK0   0008C
i2send_msg@tlength               cstackBANK0   0008A
init_queue@i                     cstackBANK0   000B0
init_queue@qptr                  cstackBANK0   000AD
init_timer1_lthread@tptr         cstackBANK0   000AD
int_func                         intcode_body  011E0
intlevel0                        text          00000
intlevel1                        text          00000
intlevel2                        text          00000
intlevel3                        text          00000
main@last_reg_recvd              cstackBANK1   001E7
main@length                      cstackBANK1   001ED
main@msgbuffer                   cstackBANK1   001D8
main@msgtype                     cstackBANK1   001EC
main@t0thread_data               cstackBANK1   001E5
main@t1thread_data               cstackBANK1   001EA
main@test_var                    cstackBANK1   001E8
main@uthread_data                cstackBANK1   001E3
memcpy@d                         cstackBANK0   000B3
memcpy@d1                        cstackBANK0   000AD
memcpy@n                         cstackBANK0   000B1
memcpy@s                         cstackBANK0   000B5
memcpy@s1                        cstackBANK0   000AF
recv_msg@data                    cstackBANK0   000BC
recv_msg@maxlength               cstackBANK0   000B9
recv_msg@msgtype                 cstackBANK0   000BA
recv_msg@qmsg                    cstackBANK0   000C3
recv_msg@qptr                    cstackBANK0   000B7
recv_msg@slot                    cstackBANK0   000C0
recv_msg@tlength                 cstackBANK0   000C1
send_msg@data                    cstackCOMRAM  0000F
send_msg@length                  cstackCOMRAM  0000D
send_msg@msgtype                 cstackCOMRAM  0000E
send_msg@qmsg                    cstackCOMRAM  00015
send_msg@qptr                    cstackCOMRAM  0000B
send_msg@slot                    cstackCOMRAM  00014
send_msg@tlength                 cstackCOMRAM  00012
start                            init          000C8
start_i2c_slave_reply@length     cstackBANK0   000AD
start_i2c_slave_reply@msg        cstackBANK0   000AE
start_initialization             cinit         0179E
timer0_int_handler@length        cstackBANK0   00099
timer0_int_handler@msgtype       cstackBANK0   0009B
timer0_int_handler@val           cstackBANK0   0009D
timer0_lthread@msgbuffer         cstackBANK0   000B3
timer0_lthread@msgval            cstackBANK0   000B5
uart_lthread@length              cstackBANK0   000B1
uart_lthread@msgbuffer           cstackBANK0   000B3
uart_lthread@msgtype             cstackBANK0   000AF


FUNCTION INFORMATION:

 *************** function _main *****************
 Defined at:
		line 85 in file "../src/main.c"
 Parameters:    Size  Location     Type
		None
 Auto vars:     Size  Location     Type
  ic             28    0        struct __i2c_comm
  msgbuffer      11    0[BANK1 ] unsigned char [11]
  uc              5    0        struct __uart_comm
  t1thread_dat    2   18[BANK1 ] struct __timer1_thread_s
  test_var        2   16[BANK1 ] int 
  t0thread_dat    2   13[BANK1 ] struct __timer0_thread_s
  uthread_data    2   11[BANK1 ] struct __uart_thread_str
  length          1   21[BANK1 ] char 
  msgtype         1   20[BANK1 ] unsigned char 
  last_reg_rec    1   15[BANK1 ] unsigned char 
  i               1    0        unsigned char 
  c               1    0        unsigned char 
 Return value:  Size  Location     Type
		None               void
 Registers used:
		wreg, fsr1l, fsr1h, fsr2l, fsr2h, status,2, status,0, prodl, prodh, cstack
 Tracked objects:
		On entry : 
		On exit  : 
		Unchanged: 
 Data sizes:     COMRAM   BANK0   BANK1   BANK2   BANK3
      Params:         0       0       0       0       0
      Locals:         0       0      22       0       0
      Temps:          0       1       0       0       0
      Totals:         0       1      22       0       0
Total ram usage:       23 bytes
 Hardware stack levels required when called:   14
 This function calls:
		_enable_interrupts
		_init_timer1_lthread
		_init_queues
		_OpenTimer1
		_block_on_To_msgqueues
		_ToMainHigh_recvmsg
		_timer0_lthread
		_start_i2c_slave_reply
		_ToMainLow_recvmsg
		_timer1_lthread
		_uart_lthread
 This function is called by:
		Startup code after reset
 This function uses a non-reentrant model


 *************** function _uart_lthread *****************
 Defined at:
		line 9 in file "../src/uart_thread.c"
 Parameters:    Size  Location     Type
  uptr            2   45[BANK0 ] PTR struct __uart_thread
		 -> main@uthread_data(2), 
  msgtype         2   47[BANK0 ] int 
  length          2   49[BANK0 ] int 
  msgbuffer       2   51[BANK0 ] PTR unsigned char 
		 -> main@msgbuffer(11), 
 Auto vars:     Size  Location     Type
		None
 Return value:  Size  Location     Type
                  2   45[BANK0 ] int 
 Registers used:
		wreg, fsr2l, fsr2h, status,2, status,0
 Tracked objects:
		On entry : 
		On exit  : 
		Unchanged: 
 Data sizes:     COMRAM   BANK0   BANK1   BANK2   BANK3
      Params:         0       8       0       0       0
      Locals:         0       0       0       0       0
      Temps:          0       0       0       0       0
      Totals:         0       8       0       0       0
Total ram usage:        8 bytes
 Hardware stack levels used:    1
 Hardware stack levels required when called:   10
 This function calls:
		Nothing
 This function is called by:
		_main
 This function uses a non-reentrant model


 *************** function _timer1_lthread *****************
 Defined at:
		line 19 in file "../src/timer1_thread.c"
 Parameters:    Size  Location     Type
  tptr            2   47[BANK0 ] PTR struct __timer1_thre
		 -> main@t1thread_data(2), 
  msgtype         2   49[BANK0 ] int 
  length          2   51[BANK0 ] int 
  msgbuffer       2   53[BANK0 ] PTR unsigned char 
		 -> main@msgbuffer(11), 
 Auto vars:     Size  Location     Type
  retval          1    0        char 
 Return value:  Size  Location     Type
                  2   47[BANK0 ] int 
 Registers used:
		wreg, status,2, status,0, cstack
 Tracked objects:
		On entry : 
		On exit  : 
		Unchanged: 
 Data sizes:     COMRAM   BANK0   BANK1   BANK2   BANK3
      Params:         0       8       0       0       0
      Locals:         0       0       0       0       0
      Temps:          0       2       0       0       0
      Totals:         0      10       0       0       0
Total ram usage:       10 bytes
 Hardware stack levels used:    1
 Hardware stack levels required when called:   11
 This function calls:
		_OpenI2C1
		_WriteI2C1
 This function is called by:
		_main
 This function uses a non-reentrant model


 *************** function _WriteI2C1 *****************
 Defined at:
		line 13 in file "C:\Program Files (x86)\Microchip\xc8\v1.20\sources\pic18\plib\i2c\i2c1writ.c"
 Parameters:    Size  Location     Type
  data_out        1   45[BANK0 ] unsigned char 
 Auto vars:     Size  Location     Type
		None
 Return value:  Size  Location     Type
                  1    wreg      char 
 Registers used:
		wreg, status,2, status,0
 Tracked objects:
		On entry : 
		On exit  : 
		Unchanged: 
 Data sizes:     COMRAM   BANK0   BANK1   BANK2   BANK3
      Params:         0       1       0       0       0
      Locals:         0       0       0       0       0
      Temps:          0       1       0       0       0
      Totals:         0       2       0       0       0
Total ram usage:        2 bytes
 Hardware stack levels used:    1
 Hardware stack levels required when called:   10
 This function calls:
		Nothing
 This function is called by:
		_timer1_lthread
 This function uses a non-reentrant model


 *************** function _OpenI2C1 *****************
 Defined at:
		line 14 in file "C:\Program Files (x86)\Microchip\xc8\v1.20\sources\pic18\plib\i2c\i2c1open.c"
 Parameters:    Size  Location     Type
  sync_mode       1   45[BANK0 ] unsigned char 
  slew            1   46[BANK0 ] unsigned char 
 Auto vars:     Size  Location     Type
		None
 Return value:  Size  Location     Type
		None               void
 Registers used:
		wreg, status,2, status,0
 Tracked objects:
		On entry : 
		On exit  : 
		Unchanged: 
 Data sizes:     COMRAM   BANK0   BANK1   BANK2   BANK3
      Params:         0       2       0       0       0
      Locals:         0       0       0       0       0
      Temps:          0       0       0       0       0
      Totals:         0       2       0       0       0
Total ram usage:        2 bytes
 Hardware stack levels used:    1
 Hardware stack levels required when called:   10
 This function calls:
		Nothing
 This function is called by:
		_timer1_lthread
 This function uses a non-reentrant model


 *************** function _ToMainLow_recvmsg *****************
 Defined at:
		line 112 in file "../src/messages.c"
 Parameters:    Size  Location     Type
  maxlength       1   69[BANK0 ] unsigned char 
  msgtype         2   70[BANK0 ] PTR unsigned char 
		 -> main@msgtype(1), 
  data            2   72[BANK0 ] PTR void 
		 -> main@msgbuffer(11), 
 Auto vars:     Size  Location     Type
		None
 Return value:  Size  Location     Type
                  1    wreg      char 
 Registers used:
		wreg, fsr1l, fsr1h, fsr2l, fsr2h, status,2, status,0, prodl, prodh, cstack
 Tracked objects:
		On entry : 
		On exit  : 
		Unchanged: 
 Data sizes:     COMRAM   BANK0   BANK1   BANK2   BANK3
      Params:         0       5       0       0       0
      Locals:         0       0       0       0       0
      Temps:          0       0       0       0       0
      Totals:         0       5       0       0       0
Total ram usage:        5 bytes
 Hardware stack levels used:    1
 Hardware stack levels required when called:   12
 This function calls:
		_recv_msg
 This function is called by:
		_main
 This function uses a non-reentrant model


 *************** function _start_i2c_slave_reply *****************
 Defined at:
		line 56 in file "../src/my_i2c.c"
 Parameters:    Size  Location     Type
  length          1   45[BANK0 ] unsigned char 
  msg             2   46[BANK0 ] PTR unsigned char 
		 -> main@msgbuffer(11), 
 Auto vars:     Size  Location     Type
		None
 Return value:  Size  Location     Type
		None               void
 Registers used:
		wreg, fsr1l, fsr1h, fsr2l, fsr2h, status,2, status,0, prodl, prodh
 Tracked objects:
		On entry : 
		On exit  : 
		Unchanged: 
 Data sizes:     COMRAM   BANK0   BANK1   BANK2   BANK3
      Params:         0       3       0       0       0
      Locals:         0       0       0       0       0
      Temps:          0       2       0       0       0
      Totals:         0       5       0       0       0
Total ram usage:        5 bytes
 Hardware stack levels used:    1
 Hardware stack levels required when called:   10
 This function calls:
		Nothing
 This function is called by:
		_main
 This function uses a non-reentrant model


 *************** function _timer0_lthread *****************
 Defined at:
		line 9 in file "../src/timer0_thread.c"
 Parameters:    Size  Location     Type
  tptr            2   45[BANK0 ] PTR struct __timer0_thre
		 -> main@t0thread_data(2), 
  msgtype         2   47[BANK0 ] int 
  length          2   49[BANK0 ] int 
  msgbuffer       2   51[BANK0 ] PTR unsigned char 
		 -> main@msgbuffer(11), 
 Auto vars:     Size  Location     Type
  msgval          2   53[BANK0 ] PTR unsigned int 
		 -> main@msgbuffer(11), 
 Return value:  Size  Location     Type
                  2   45[BANK0 ] int 
 Registers used:
		None
 Tracked objects:
		On entry : 
		On exit  : 
		Unchanged: 
 Data sizes:     COMRAM   BANK0   BANK1   BANK2   BANK3
      Params:         0       8       0       0       0
      Locals:         0       2       0       0       0
      Temps:          0       0       0       0       0
      Totals:         0      10       0       0       0
Total ram usage:       10 bytes
 Hardware stack levels used:    1
 Hardware stack levels required when called:   10
 This function calls:
		Nothing
 This function is called by:
		_main
 This function uses a non-reentrant model


 *************** function _ToMainHigh_recvmsg *****************
 Defined at:
		line 135 in file "../src/messages.c"
 Parameters:    Size  Location     Type
  maxlength       1   69[BANK0 ] unsigned char 
  msgtype         2   70[BANK0 ] PTR unsigned char 
		 -> main@msgtype(1), 
  data            2   72[BANK0 ] PTR void 
		 -> main@msgbuffer(11), 
 Auto vars:     Size  Location     Type
		None
 Return value:  Size  Location     Type
                  1    wreg      char 
 Registers used:
		wreg, fsr1l, fsr1h, fsr2l, fsr2h, status,2, status,0, prodl, prodh, cstack
 Tracked objects:
		On entry : 
		On exit  : 
		Unchanged: 
 Data sizes:     COMRAM   BANK0   BANK1   BANK2   BANK3
      Params:         0       5       0       0       0
      Locals:         0       0       0       0       0
      Temps:          0       0       0       0       0
      Totals:         0       5       0       0       0
Total ram usage:        5 bytes
 Hardware stack levels used:    1
 Hardware stack levels required when called:   12
 This function calls:
		_recv_msg
 This function is called by:
		_main
 This function uses a non-reentrant model


 *************** function _recv_msg *****************
 Defined at:
		line 63 in file "../src/messages.c"
 Parameters:    Size  Location     Type
  qptr            2   55[BANK0 ] PTR struct __msg_queue
		 -> FromMainHigh_MQ(54), FromMainLow_MQ(54), ToMainHigh_MQ(54), ToMainLow_MQ(54), 
  maxlength       1   57[BANK0 ] unsigned char 
  msgtype         2   58[BANK0 ] PTR unsigned char 
		 -> msgtype(1), timer0_int_handler@msgtype(2), main@msgtype(1), 
  data            2   60[BANK0 ] PTR void 
		 -> msgbuffer(11), timer0_int_handler@val(2), main@msgbuffer(11), 
 Auto vars:     Size  Location     Type
  qmsg            2   67[BANK0 ] PTR struct __msg
		 -> FromMainHigh_MQ(54), FromMainLow_MQ(54), ToMainHigh_MQ(54), ToMainLow_MQ(54), 
  tlength         2   65[BANK0 ] unsigned int 
  slot            1   64[BANK0 ] unsigned char 
 Return value:  Size  Location     Type
                  1    wreg      char 
 Registers used:
		wreg, fsr1l, fsr1h, fsr2l, fsr2h, status,2, status,0, prodl, prodh, cstack
 Tracked objects:
		On entry : 
		On exit  : 
		Unchanged: 
 Data sizes:     COMRAM   BANK0   BANK1   BANK2   BANK3
      Params:         0       7       0       0       0
      Locals:         0       5       0       0       0
      Temps:          0       2       0       0       0
      Totals:         0      14       0       0       0
Total ram usage:       14 bytes
 Hardware stack levels used:    1
 Hardware stack levels required when called:   11
 This function calls:
		_memcpy
 This function is called by:
		_ToMainLow_recvmsg
		_ToMainHigh_recvmsg
		_FromMainLow_recvmsg
 This function uses a non-reentrant model


 *************** function _memcpy *****************
 Defined at:
		line 13 in file "C:\Program Files (x86)\Microchip\xc8\v1.20\sources\common\memcpy.c"
 Parameters:    Size  Location     Type
  d1              2   45[BANK0 ] PTR void 
		 -> msgbuffer(11), timer0_int_handler@val(2), FromMainHigh_MQ(54), FromMainLow_MQ(54), 
		 -> ToMainHigh_MQ(54), ToMainLow_MQ(54), main@msgbuffer(11), 
  s1              2   47[BANK0 ] PTR const void 
		 -> RAM(1023), timer0_int_handler@val(2), NULL(0), i2c_int_handler@error_buf(3), 
		 -> FromMainHigh_MQ(54), FromMainLow_MQ(54), ToMainHigh_MQ(54), ToMainLow_MQ(54), 
  n               2   49[BANK0 ] unsigned int 
 Auto vars:     Size  Location     Type
  s               2   53[BANK0 ] PTR const unsigned char 
		 -> RAM(1023), timer0_int_handler@val(2), NULL(0), i2c_int_handler@error_buf(3), 
		 -> FromMainHigh_MQ(54), FromMainLow_MQ(54), ToMainHigh_MQ(54), ToMainLow_MQ(54), 
  d               2   51[BANK0 ] PTR unsigned char 
		 -> msgbuffer(11), timer0_int_handler@val(2), FromMainHigh_MQ(54), FromMainLow_MQ(54), 
		 -> ToMainHigh_MQ(54), ToMainLow_MQ(54), main@msgbuffer(11), 
 Return value:  Size  Location     Type
                  2   45[BANK0 ] PTR void 
 Registers used:
		wreg, fsr1l, fsr1h, fsr2l, fsr2h, status,2, status,0
 Tracked objects:
		On entry : 
		On exit  : 
		Unchanged: 
 Data sizes:     COMRAM   BANK0   BANK1   BANK2   BANK3
      Params:         0       6       0       0       0
      Locals:         0       4       0       0       0
      Temps:          0       0       0       0       0
      Totals:         0      10       0       0       0
Total ram usage:       10 bytes
 Hardware stack levels used:    1
 Hardware stack levels required when called:   10
 This function calls:
		Nothing
 This function is called by:
		_recv_msg
 This function uses a non-reentrant model


 *************** function _block_on_To_msgqueues *****************
 Defined at:
		line 258 in file "../src/messages.c"
 Parameters:    Size  Location     Type
		None
 Auto vars:     Size  Location     Type
		None
 Return value:  Size  Location     Type
		None               void
 Registers used:
		wreg, fsr2l, fsr2h, status,2, status,0, prodl, prodh, cstack
 Tracked objects:
		On entry : 
		On exit  : 
		Unchanged: 
 Data sizes:     COMRAM   BANK0   BANK1   BANK2   BANK3
      Params:         0       0       0       0       0
      Locals:         0       0       0       0       0
      Temps:          0       1       0       0       0
      Totals:         0       1       0       0       0
Total ram usage:        1 bytes
 Hardware stack levels used:    1
 Hardware stack levels required when called:   13
 This function calls:
		_in_main
		_check_msg
		_Delay1KTCYx
 This function is called by:
		_main
 This function uses a non-reentrant model


 *************** function _Delay1KTCYx *****************
 Defined at:
		line 9 in file "C:\Program Files (x86)\Microchip\xc8\v1.20\sources\pic18\d1ktcyx.c"
 Parameters:    Size  Location     Type
  unit            1   45[BANK0 ] unsigned char 
 Auto vars:     Size  Location     Type
		None
 Return value:  Size  Location     Type
		None               void
 Registers used:
		wreg
 Tracked objects:
		On entry : 
		On exit  : 
		Unchanged: 
 Data sizes:     COMRAM   BANK0   BANK1   BANK2   BANK3
      Params:         0       1       0       0       0
      Locals:         0       0       0       0       0
      Temps:          0       0       0       0       0
      Totals:         0       1       0       0       0
Total ram usage:        1 bytes
 Hardware stack levels used:    1
 Hardware stack levels required when called:   10
 This function calls:
		Nothing
 This function is called by:
		_block_on_To_msgqueues
 This function uses a non-reentrant model


 *************** function _check_msg *****************
 Defined at:
		line 222 in file "../src/messages.c"
 Parameters:    Size  Location     Type
  qptr            2   45[BANK0 ] PTR struct __msg_queue
		 -> ToMainHigh_MQ(54), ToMainLow_MQ(54), 
 Auto vars:     Size  Location     Type
		None
 Return value:  Size  Location     Type
                  1    wreg      unsigned char 
 Registers used:
		wreg, fsr2l, fsr2h, status,2, status,0, prodl, prodh
 Tracked objects:
		On entry : 
		On exit  : 
		Unchanged: 
 Data sizes:     COMRAM   BANK0   BANK1   BANK2   BANK3
      Params:         0       2       0       0       0
      Locals:         0       0       0       0       0
      Temps:          0       1       0       0       0
      Totals:         0       3       0       0       0
Total ram usage:        3 bytes
 Hardware stack levels used:    1
 Hardware stack levels required when called:   10
 This function calls:
		Nothing
 This function is called by:
		_block_on_To_msgqueues
 This function uses a non-reentrant model


 *************** function _in_main *****************
 Defined at:
		line 43 in file "../src/interrupts.c"
 Parameters:    Size  Location     Type
		None
 Auto vars:     Size  Location     Type
		None
 Return value:  Size  Location     Type
                  2   49[BANK0 ] int 
 Registers used:
		wreg, status,2, status,0, cstack
 Tracked objects:
		On entry : 
		On exit  : 
		Unchanged: 
 Data sizes:     COMRAM   BANK0   BANK1   BANK2   BANK3
      Params:         0       2       0       0       0
      Locals:         0       0       0       0       0
      Temps:          0       0       0       0       0
      Totals:         0       2       0       0       0
Total ram usage:        2 bytes
 Hardware stack levels used:    1
 Hardware stack levels required when called:   12
 This function calls:
		_in_high_int
		_in_low_int
 This function is called by:
		_block_on_To_msgqueues
 This function uses a non-reentrant model


 *************** function _in_low_int *****************
 Defined at:
		line 33 in file "../src/interrupts.c"
 Parameters:    Size  Location     Type
		None
 Auto vars:     Size  Location     Type
		None
 Return value:  Size  Location     Type
                  2   47[BANK0 ] int 
 Registers used:
		wreg, status,2, status,0, cstack
 Tracked objects:
		On entry : 
		On exit  : 
		Unchanged: 
 Data sizes:     COMRAM   BANK0   BANK1   BANK2   BANK3
      Params:         0       2       0       0       0
      Locals:         0       0       0       0       0
      Temps:          0       0       0       0       0
      Totals:         0       2       0       0       0
Total ram usage:        2 bytes
 Hardware stack levels used:    1
 Hardware stack levels required when called:   11
 This function calls:
		_in_high_int
 This function is called by:
		_in_main
 This function uses a non-reentrant model


 *************** function _in_high_int *****************
 Defined at:
		line 25 in file "../src/interrupts.c"
 Parameters:    Size  Location     Type
		None
 Auto vars:     Size  Location     Type
		None
 Return value:  Size  Location     Type
                  2   45[BANK0 ] int 
 Registers used:
		wreg, status,2
 Tracked objects:
		On entry : 
		On exit  : 
		Unchanged: 
 Data sizes:     COMRAM   BANK0   BANK1   BANK2   BANK3
      Params:         0       2       0       0       0
      Locals:         0       0       0       0       0
      Temps:          0       0       0       0       0
      Totals:         0       2       0       0       0
Total ram usage:        2 bytes
 Hardware stack levels used:    1
 Hardware stack levels required when called:   10
 This function calls:
		Nothing
 This function is called by:
		_in_low_int
		_in_main
 This function uses a non-reentrant model


 *************** function _OpenTimer1 *****************
 Defined at:
		line 17 in file "C:\Program Files (x86)\Microchip\xc8\v1.20\sources\pic18\plib\Timers\t1open.c"
 Parameters:    Size  Location     Type
  config          1   45[BANK0 ] unsigned char 
 Auto vars:     Size  Location     Type
		None
 Return value:  Size  Location     Type
		None               void
 Registers used:
		wreg, status,2, status,0
 Tracked objects:
		On entry : 
		On exit  : 
		Unchanged: 
 Data sizes:     COMRAM   BANK0   BANK1   BANK2   BANK3
      Params:         0       1       0       0       0
      Locals:         0       0       0       0       0
      Temps:          0       0       0       0       0
      Totals:         0       1       0       0       0
Total ram usage:        1 bytes
 Hardware stack levels used:    1
 Hardware stack levels required when called:   10
 This function calls:
		Nothing
 This function is called by:
		_main
 This function uses a non-reentrant model


 *************** function _init_queues *****************
 Defined at:
		line 194 in file "../src/messages.c"
 Parameters:    Size  Location     Type
		None
 Auto vars:     Size  Location     Type
		None
 Return value:  Size  Location     Type
		None               void
 Registers used:
		wreg, fsr2l, fsr2h, status,2, status,0, prodl, prodh, cstack
 Tracked objects:
		On entry : 
		On exit  : 
		Unchanged: 
 Data sizes:     COMRAM   BANK0   BANK1   BANK2   BANK3
      Params:         0       0       0       0       0
      Locals:         0       0       0       0       0
      Temps:          0       1       0       0       0
      Totals:         0       1       0       0       0
Total ram usage:        1 bytes
 Hardware stack levels used:    1
 Hardware stack levels required when called:   11
 This function calls:
		_init_queue
 This function is called by:
		_main
 This function uses a non-reentrant model


 *************** function _init_queue *****************
 Defined at:
		line 14 in file "../src/messages.c"
 Parameters:    Size  Location     Type
  qptr            2   45[BANK0 ] PTR struct __msg_queue
		 -> FromMainHigh_MQ(54), FromMainLow_MQ(54), ToMainHigh_MQ(54), ToMainLow_MQ(54), 
 Auto vars:     Size  Location     Type
  i               1   48[BANK0 ] unsigned char 
 Return value:  Size  Location     Type
		None               void
 Registers used:
		wreg, fsr2l, fsr2h, status,2, status,0, prodl, prodh
 Tracked objects:
		On entry : 
		On exit  : 
		Unchanged: 
 Data sizes:     COMRAM   BANK0   BANK1   BANK2   BANK3
      Params:         0       2       0       0       0
      Locals:         0       1       0       0       0
      Temps:          0       1       0       0       0
      Totals:         0       4       0       0       0
Total ram usage:        4 bytes
 Hardware stack levels used:    1
 Hardware stack levels required when called:   10
 This function calls:
		Nothing
 This function is called by:
		_init_queues
 This function uses a non-reentrant model


 *************** function _init_timer1_lthread *****************
 Defined at:
		line 6 in file "../src/timer1_thread.c"
 Parameters:    Size  Location     Type
  tptr            2   45[BANK0 ] PTR struct __timer1_thre
		 -> main@t1thread_data(2), 
 Auto vars:     Size  Location     Type
		None
 Return value:  Size  Location     Type
		None               void
 Registers used:
		wreg, fsr2l, fsr2h
 Tracked objects:
		On entry : 
		On exit  : 
		Unchanged: 
 Data sizes:     COMRAM   BANK0   BANK1   BANK2   BANK3
      Params:         0       2       0       0       0
      Locals:         0       0       0       0       0
      Temps:          0       0       0       0       0
      Totals:         0       2       0       0       0
Total ram usage:        2 bytes
 Hardware stack levels used:    1
 Hardware stack levels required when called:   10
 This function calls:
		Nothing
 This function is called by:
		_main
 This function uses a non-reentrant model


 *************** function _enable_interrupts *****************
 Defined at:
		line 17 in file "../src/interrupts.c"
 Parameters:    Size  Location     Type
		None
 Auto vars:     Size  Location     Type
		None
 Return value:  Size  Location     Type
		None               void
 Registers used:
		None
 Tracked objects:
		On entry : 
		On exit  : 
		Unchanged: 
 Data sizes:     COMRAM   BANK0   BANK1   BANK2   BANK3
      Params:         0       0       0       0       0
      Locals:         0       0       0       0       0
      Temps:          0       0       0       0       0
      Totals:         0       0       0       0       0
Total ram usage:        0 bytes
 Hardware stack levels used:    1
 Hardware stack levels required when called:   10
 This function calls:
		Nothing
 This function is called by:
		_main
 This function uses a non-reentrant model


 *************** function _InterruptHandlerLow *****************
 Defined at:
		line 140 in file "../src/interrupts.c"
 Parameters:    Size  Location     Type
		None
 Auto vars:     Size  Location     Type
		None
 Return value:  Size  Location     Type
		None               void
 Registers used:
		wreg, fsr1l, fsr1h, fsr2l, fsr2h, status,2, status,0, prodl, prodh, cstack
 Tracked objects:
		On entry : 
		On exit  : 
		Unchanged: 
 Data sizes:     COMRAM   BANK0   BANK1   BANK2   BANK3
      Params:         0       0       0       0       0
      Locals:         0       0       0       0       0
      Temps:         17       0       0       0       0
      Totals:        17       0       0       0       0
Total ram usage:       17 bytes
 Hardware stack levels used:    1
 Hardware stack levels required when called:    9
 This function calls:
		_timer1_int_handler
		_uart_tx_int_handler
 This function is called by:
		Interrupt level 1
 This function uses a non-reentrant model


 *************** function _uart_tx_int_handler *****************
 Defined at:
		line 70 in file "../src/user_interrupts.c"
 Parameters:    Size  Location     Type
		None
 Auto vars:     Size  Location     Type
		None
 Return value:  Size  Location     Type
		None               void
 Registers used:
		wreg, fsr1l, fsr1h, fsr2l, fsr2h, status,2, status,0, prodl, prodh, cstack
 Tracked objects:
		On entry : 
		On exit  : 
		Unchanged: 
 Data sizes:     COMRAM   BANK0   BANK1   BANK2   BANK3
      Params:         0       0       0       0       0
      Locals:         0       0       0       0       0
      Temps:          1       0       0       0       0
      Totals:         1       0       0       0       0
Total ram usage:        1 bytes
 Hardware stack levels used:    1
 Hardware stack levels required when called:    8
 This function calls:
		_FromMainHigh_recvmsg
		_WriteUSART
 This function is called by:
		_InterruptHandlerLow
 This function uses a non-reentrant model


 *************** function _WriteUSART *****************
 Defined at:
		line 14 in file "C:\Program Files (x86)\Microchip\xc8\v1.20\sources\pic18\plib\USART\uwrite.c"
 Parameters:    Size  Location     Type
  data            1    0[COMRAM] unsigned char 
 Auto vars:     Size  Location     Type
		None
 Return value:  Size  Location     Type
		None               void
 Registers used:
		None
 Tracked objects:
		On entry : 
		On exit  : 
		Unchanged: 
 Data sizes:     COMRAM   BANK0   BANK1   BANK2   BANK3
      Params:         1       0       0       0       0
      Locals:         0       0       0       0       0
      Temps:          0       0       0       0       0
      Totals:         1       0       0       0       0
Total ram usage:        1 bytes
 Hardware stack levels used:    1
 Hardware stack levels required when called:    5
 This function calls:
		Nothing
 This function is called by:
		_uart_tx_int_handler
 This function uses a non-reentrant model


 *************** function _FromMainHigh_recvmsg *****************
 Defined at:
		line 183 in file "../src/messages.c"
 Parameters:    Size  Location     Type
  maxlength       1   24[COMRAM] unsigned char 
  msgtype         2   25[COMRAM] PTR unsigned char 
		 -> msgtype(1), timer0_int_handler@msgtype(2), 
  data            2   27[COMRAM] PTR void 
		 -> msgbuffer(11), timer0_int_handler@val(2), 
 Auto vars:     Size  Location     Type
		None
 Return value:  Size  Location     Type
                  1    wreg      char 
 Registers used:
		wreg, fsr1l, fsr1h, fsr2l, fsr2h, status,2, status,0, prodl, prodh, cstack
 Tracked objects:
		On entry : 
		On exit  : 
		Unchanged: 
 Data sizes:     COMRAM   BANK0   BANK1   BANK2   BANK3
[...]
		None
 Return value:  Size  Location     Type
		None               void
 Registers used:
		wreg, fsr0l, fsr0h, fsr1l, fsr1h, fsr1l, fsr1h, fsr2l, fsr2h, status,2, status,0, pclat, btemp, btemp+1, btemp+2, btemp+3, btemp+4, btemp+5, btemp+6, btemp+7, tosl, structret, tblptrl, tblptrh, tblptru, prodl, prodh, bsr, cstack
 Tracked objects:
		On entry : 
		On exit  : 
		Unchanged: 
 Data sizes:     COMRAM   BANK0   BANK1   BANK2   BANK3
      Params:         0       0       0       0       0
      Locals:         0       0       0       0       0
      Temps:          0       0       0       0       0
      Totals:         0       0       0       0       0
Total ram usage:        0 bytes
 Hardware stack levels used:    1
 Hardware stack levels required when called:    1
 This function calls:
		_ReadADC
		_CloseTimer1
 This function is called by:
		_InterruptHandlerHigh
 This function uses a non-reentrant model


 *************** function _CloseTimer1 *****************
 Defined at:
		line 16 in file "C:\Program Files (x86)\Microchip\xc8\v1.20\sources\pic18\plib\Timers\t1close.c"
 Parameters:    Size  Location     Type
		None
 Auto vars:     Size  Location     Type
		None
 Return value:  Size  Location     Type
		None               void
 Registers used:
		None
 Tracked objects:
		On entry : 
		On exit  : 
		Unchanged: 
 Data sizes:     COMRAM   BANK0   BANK1   BANK2   BANK3
      Params:         0       0       0       0       0
      Locals:         0       0       0       0       0
      Temps:          0       0       0       0       0
      Totals:         0       0       0       0       0
Total ram usage:        0 bytes
 Hardware stack levels used:    1
 This function calls:
		Nothing
 This function is called by:
		_adc_int_handler
 This function uses a non-reentrant model


 *************** function _ReadADC *****************
 Defined at:
		line 25 in file "C:\Program Files (x86)\Microchip\xc8\v1.20\sources\pic18\plib\ADC\adcread.c"
 Parameters:    Size  Location     Type
		None
 Auto vars:     Size  Location     Type
		None
 Return value:  Size  Location     Type
                  2   47[COMRAM] int 
 Registers used:
		wreg, status,2
 Tracked objects:
		On entry : 
		On exit  : 
		Unchanged: 
 Data sizes:     COMRAM   BANK0   BANK1   BANK2   BANK3
      Params:         2       0       0       0       0
      Locals:         0       0       0       0       0
      Temps:          0       0       0       0       0
      Totals:         2       0       0       0       0
Total ram usage:        2 bytes
 Hardware stack levels used:    1
 This function calls:
		Nothing
 This function is called by:
		_adc_int_handler
 This function uses a non-reentrant model


 *************** function _timer0_int_handler *****************
 Defined at:
		line 19 in file "../src/user_interrupts.c"
 Parameters:    Size  Location     Type
		None
 Auto vars:     Size  Location     Type
  val             2   29[BANK0 ] unsigned int 
  msgtype         2   27[BANK0 ] int 
  length          2   25[BANK0 ] int 
 Return value:  Size  Location     Type
		None               void
 Registers used:
		wreg, fsr1l, fsr1h, fsr2l, fsr2h, status,2, status,0, prodl, prodh, cstack
 Tracked objects:
		On entry : 
		On exit  : 
		Unchanged: 
 Data sizes:     COMRAM   BANK0   BANK1   BANK2   BANK3
      Params:         0       0       0       0       0
      Locals:         0       6       0       0       0
      Temps:          0       2       0       0       0
      Totals:         0       8       0       0       0
Total ram usage:        8 bytes
 Hardware stack levels used:    1
 Hardware stack levels required when called:    3
 This function calls:
		_ToMainHigh_sendmsg
		_WriteTimer0
		i2_FromMainHigh_recvmsg
 This function is called by:
		_InterruptHandlerHigh
 This function uses a non-reentrant model


 *************** function i2_FromMainHigh_recvmsg *****************
 Defined at:
		line 183 in file "../src/messages.c"
 Parameters:    Size  Location     Type
  FromMainHigh    1   18[BANK0 ] unsigned char 
  FromMainHigh    2   19[BANK0 ] PTR unsigned char 
		 -> msgtype(1), timer0_int_handler@msgtype(2), 
  FromMainHigh    2   21[BANK0 ] PTR void 
		 -> msgbuffer(11), timer0_int_handler@val(2), 
 Auto vars:     Size  Location     Type
		None
 Return value:  Size  Location     Type
                  1    wreg      char 
 Registers used:
		wreg, fsr1l, fsr1h, fsr2l, fsr2h, status,2, status,0, prodl, prodh, cstack
 Tracked objects:
		On entry : 
		On exit  : 
		Unchanged: 
 Data sizes:     COMRAM   BANK0   BANK1   BANK2   BANK3
      Params:         0       5       0       0       0
      Locals:         0       0       0       0       0
      Temps:          0       0       0       0       0
      Totals:         0       5       0       0       0
Total ram usage:        5 bytes
 Hardware stack levels used:    1
 Hardware stack levels required when called:    2
 This function calls:
		i2_recv_msg
 This function is called by:
		_timer0_int_handler
 This function uses a non-reentrant model


 *************** function i2_recv_msg *****************
 Defined at:
		line 63 in file "../src/messages.c"
 Parameters:    Size  Location     Type
  recv_msg        2    4[BANK0 ] PTR struct __msg_queue
		 -> FromMainHigh_MQ(54), FromMainLow_MQ(54), ToMainHigh_MQ(54), ToMainLow_MQ(54), 
  recv_msg        1    6[BANK0 ] unsigned char 
  recv_msg        2    7[BANK0 ] PTR unsigned char 
		 -> msgtype(1), timer0_int_handler@msgtype(2), main@msgtype(1), 
  recv_msg        2    9[BANK0 ] PTR void 
		 -> msgbuffer(11), timer0_int_handler@val(2), main@msgbuffer(11), 
 Auto vars:     Size  Location     Type
  recv_msg        2   16[BANK0 ] PTR struct __msg
		 -> FromMainHigh_MQ(54), FromMainLow_MQ(54), ToMainHigh_MQ(54), ToMainLow_MQ(54), 
  recv_msg        2   14[BANK0 ] unsigned int 
  recv_msg        1   13[BANK0 ] unsigned char 
 Return value:  Size  Location     Type
                  1    wreg      char 
 Registers used:
		wreg, fsr1l, fsr1h, fsr2l, fsr2h, status,2, status,0, prodl, prodh, cstack
 Tracked objects:
		On entry : 
		On exit  : 
		Unchanged: 
 Data sizes:     COMRAM   BANK0   BANK1   BANK2   BANK3
      Params:         0       7       0       0       0
      Locals:         0       5       0       0       0
      Temps:          0       2       0       0       0
      Totals:         0      14       0       0       0
Total ram usage:       14 bytes
 Hardware stack levels used:    1
 Hardware stack levels required when called:    1
 This function calls:
		i2_memcpy
 This function is called by:
		i2_FromMainHigh_recvmsg
 This function uses a non-reentrant model


 *************** function _WriteTimer0 *****************
 Defined at:
		line 17 in file "C:\Program Files (x86)\Microchip\xc8\v1.20\sources\pic18\plib\Timers\t0write.c"
 Parameters:    Size  Location     Type
  timer0          2   47[COMRAM] unsigned int 
 Auto vars:     Size  Location     Type
  timer           2   49[COMRAM] struct Timers
 Return value:  Size  Location     Type
		None               void
 Registers used:
		None
 Tracked objects:
		On entry : 
		On exit  : 
		Unchanged: 
 Data sizes:     COMRAM   BANK0   BANK1   BANK2   BANK3
      Params:         2       0       0       0       0
      Locals:         2       0       0       0       0
      Temps:          0       0       0       0       0
      Totals:         4       0       0       0       0
Total ram usage:        4 bytes
 Hardware stack levels used:    1
 This function calls:
		Nothing
 This function is called by:
		_timer0_int_handler
 This function uses a non-reentrant model


 *************** function _i2c_int_handler *****************
 Defined at:
		line 103 in file "../src/my_i2c.c"
 Parameters:    Size  Location     Type
		None
 Auto vars:     Size  Location     Type
  error_buf       3   21[BANK0 ] unsigned char [3]
  data_read       1   29[BANK0 ] unsigned char 
  msg_ready       1   28[BANK0 ] unsigned char 
  i2c_data        1   27[BANK0 ] unsigned char 
  msg_to_send     1   26[BANK0 ] unsigned char 
  overrun_erro    1   25[BANK0 ] unsigned char 
  data_written    1   24[BANK0 ] unsigned char 
 Return value:  Size  Location     Type
		None               void
 Registers used:
		wreg, fsr1l, fsr1h, fsr2l, fsr2h, status,2, status,0, prodl, prodh, cstack
 Tracked objects:
		On entry : 
		On exit  : 
		Unchanged: 
 Data sizes:     COMRAM   BANK0   BANK1   BANK2   BANK3
      Params:         0       0       0       0       0
      Locals:         0       9       0       0       0
      Temps:          0       2       0       0       0
      Totals:         0      11       0       0       0
Total ram usage:       11 bytes
 Hardware stack levels used:    1
 Hardware stack levels required when called:    3
 This function calls:
		_ToMainHigh_sendmsg
		_handle_start
 This function is called by:
		_InterruptHandlerHigh
 This function uses a non-reentrant model


 *************** function _handle_start *****************
 Defined at:
		line 74 in file "../src/my_i2c.c"
 Parameters:    Size  Location     Type
  data_read       1   47[COMRAM] unsigned char 
 Auto vars:     Size  Location     Type
		None
 Return value:  Size  Location     Type
		None               void
 Registers used:
		wreg, fsr2l, fsr2h, status,2, status,0
 Tracked objects:
		On entry : 
		On exit  : 
		Unchanged: 
 Data sizes:     COMRAM   BANK0   BANK1   BANK2   BANK3
      Params:         1       0       0       0       0
      Locals:         0       0       0       0       0
      Temps:          0       0       0       0       0
      Totals:         1       0       0       0       0
Total ram usage:        1 bytes
 Hardware stack levels used:    1
 This function calls:
		Nothing
 This function is called by:
		_i2c_int_handler
 This function uses a non-reentrant model


 *************** function _ToMainHigh_sendmsg *****************
 Defined at:
		line 126 in file "../src/messages.c"
 Parameters:    Size  Location     Type
  length          1   15[BANK0 ] unsigned char 
  msgtype         1   16[BANK0 ] unsigned char 
  data            2   17[BANK0 ] PTR void 
		 -> RAM(1023), timer0_int_handler@val(2), NULL(0), i2c_int_handler@error_buf(3), 
 Auto vars:     Size  Location     Type
		None
 Return value:  Size  Location     Type
                  1    wreg      char 
 Registers used:
		wreg, fsr1l, fsr1h, fsr2l, fsr2h, status,2, status,0, prodl, prodh, cstack
 Tracked objects:
		On entry : 
		On exit  : 
		Unchanged: 
 Data sizes:     COMRAM   BANK0   BANK1   BANK2   BANK3
      Params:         0       4       0       0       0
      Locals:         0       0       0       0       0
      Temps:          0       0       0       0       0
      Totals:         0       4       0       0       0
Total ram usage:        4 bytes
 Hardware stack levels used:    1
 Hardware stack levels required when called:    2
 This function calls:
		i2_send_msg
 This function is called by:
		_i2c_int_handler
		_timer0_int_handler
		_uart_rx_int_handler
 This function uses a non-reentrant model


 *************** function i2_send_msg *****************
 Defined at:
		line 24 in file "../src/messages.c"
 Parameters:    Size  Location     Type
  send_msg        2    4[BANK0 ] PTR struct __msg_queue
		 -> FromMainHigh_MQ(54), FromMainLow_MQ(54), ToMainHigh_MQ(54), ToMainLow_MQ(54), 
  send_msg        1    6[BANK0 ] unsigned char 
  send_msg        1    7[BANK0 ] unsigned char 
  send_msg        2    8[BANK0 ] PTR void 
		 -> RAM(1023), timer0_int_handler@val(2), NULL(0), i2c_int_handler@error_buf(3), 
 Auto vars:     Size  Location     Type
  send_msg        2   13[BANK0 ] PTR struct __msg
		 -> FromMainHigh_MQ(54), FromMainLow_MQ(54), ToMainHigh_MQ(54), ToMainLow_MQ(54), 
  send_msg        2   10[BANK0 ] unsigned int 
  send_msg        1   12[BANK0 ] unsigned char 
 Return value:  Size  Location     Type
                  1    wreg      char 
 Registers used:
		wreg, fsr1l, fsr1h, fsr2l, fsr2h, status,2, status,0, prodl, prodh, cstack
 Tracked objects:
		On entry : 
		On exit  : 
		Unchanged: 
 Data sizes:     COMRAM   BANK0   BANK1   BANK2   BANK3
      Params:         0       6       0       0       0
      Locals:         0       5       0       0       0
      Temps:          1       0       0       0       0
      Totals:         1      11       0       0       0
Total ram usage:       12 bytes
 Hardware stack levels used:    1
 Hardware stack levels required when called:    1
 This function calls:
		i2_memcpy
 This function is called by:
		_ToMainHigh_sendmsg
 This function uses a non-reentrant model


 *************** function i2_memcpy *****************
 Defined at:
		line 13 in file "C:\Program Files (x86)\Microchip\xc8\v1.20\sources\common\memcpy.c"
 Parameters:    Size  Location     Type
  memcpy          2   47[COMRAM] PTR void 
		 -> msgbuffer(11), timer0_int_handler@val(2), FromMainHigh_MQ(54), FromMainLow_MQ(54), 
		 -> ToMainHigh_MQ(54), ToMainLow_MQ(54), main@msgbuffer(11), 
  memcpy          2   49[COMRAM] PTR const void 
		 -> RAM(1023), timer0_int_handler@val(2), NULL(0), i2c_int_handler@error_buf(3), 
		 -> FromMainHigh_MQ(54), FromMainLow_MQ(54), ToMainHigh_MQ(54), ToMainLow_MQ(54), 
  memcpy          2   51[COMRAM] unsigned int 
 Auto vars:     Size  Location     Type
  memcpy          2    2[BANK0 ] PTR const unsigned char 
		 -> RAM(1023), timer0_int_handler@val(2), NULL(0), i2c_int_handler@error_buf(3), 
		 -> FromMainHigh_MQ(54), FromMainLow_MQ(54), ToMainHigh_MQ(54), ToMainLow_MQ(54), 
  memcpy          2    0[BANK0 ] PTR unsigned char 
		 -> msgbuffer(11), timer0_int_handler@val(2), FromMainHigh_MQ(54), FromMainLow_MQ(54), 
		 -> ToMainHigh_MQ(54), ToMainLow_MQ(54), main@msgbuffer(11), 
 Return value:  Size  Location     Type
                  2   47[COMRAM] PTR void 
 Registers used:
		wreg, fsr1l, fsr1h, fsr2l, fsr2h, status,2, status,0
 Tracked objects:
		On entry : 
		On exit  : 
		Unchanged: 
 Data sizes:     COMRAM   BANK0   BANK1   BANK2   BANK3
      Params:         6       0       0       0       0
      Locals:         0       4       0       0       0
      Temps:          0       0       0       0       0
      Totals:         6       4       0       0       0
Total ram usage:       10 bytes
 Hardware stack levels used:    1
 This function calls:
		Nothing
 This function is called by:
		i2_send_msg
		i2_recv_msg
 This function uses a non-reentrant model



MODULE INFORMATION

Module		Function		Class		Link	Load	Size
C:\Program Files (x86)\Microchip\xc8\v1.20\sources\pic18\plib\Timers\t0write.c
		_WriteTimer0   		CODE           	1938	0000	18

C:\Program Files (x86)\Microchip\xc8\v1.20\sources\pic18\plib\Timers\t0write.c estimated size: 18

C:\Program Files (x86)\Microchip\xc8\v1.20\sources\pic18\plib\Timers\t1write.c
		_WriteTimer1   		CODE           	1926	0000	18

C:\Program Files (x86)\Microchip\xc8\v1.20\sources\pic18\plib\Timers\t1write.c estimated size: 18

../src/user_interrupts.c
		_timer0_int_han		CODE           	0FD2	0000	180
		_uart_tx_int_ha		CODE           	17F2	0000	40
		_timer1_int_han		CODE           	17C8	0000	42
		_uart_rx_int_ha		CODE           	161A	0000	56
		_adc_int_handle		CODE           	16BC	0000	48

../src/user_interrupts.c estimated size: 366

C:\Program Files (x86)\Microchip\xc8\v1.20\sources\pic18\plib\i2c\i2c1open.c
		_OpenI2C1      		CODE           	1868	0000	36

C:\Program Files (x86)\Microchip\xc8\v1.20\sources\pic18\plib\i2c\i2c1open.c estimated size: 36

../src/timer0_thread.c
		_timer0_lthread		CODE           	1966	0000	10

../src/timer0_thread.c estimated size: 10

shared
		i2_send_msg    		CODE           	0D4C	0000	242
		i2_FromMainHigh		CODE           	1772	0000	44
		i2_in_high_int 		CODE           	195A	0000	12
		i1_recv_msg    		CODE           	0E3E	0000	208
		i2_recv_msg    		CODE           	0B16	0000	300
		__initializatio		CODE           	179E	0000	32
		i2_in_low_int  		CODE           	16EC	0000	46
		i1_memcpy      		CODE           	159C	0000	64
		i2_memcpy      		CODE           	14CA	0000	72
		i2_check_msg   		CODE           	188C	0000	36

shared estimated size: 1056

C:\Program Files (x86)\Microchip\xc8\v1.20\sources\pic18\plib\Timers\t1close.c
		_CloseTimer1   		CODE           	1988	0000	6

C:\Program Files (x86)\Microchip\xc8\v1.20\sources\pic18\plib\Timers\t1close.c estimated size: 6

../src/timer1_thread.c
		_timer1_lthread		CODE           	1302	0000	104
		_init_timer1_lt		CODE           	1914	0000	18

../src/timer1_thread.c estimated size: 122

../src/my_i2c.c
		_start_i2c_slav		CODE           	0C42	0000	266
		_handle_start  		CODE           	0F0E	0000	196
		_i2c_int_handle		CODE           	00CC	0000	1624

../src/my_i2c.c estimated size: 2086

C:\Program Files (x86)\Microchip\xc8\v1.20\sources\pic18\d1ktcyx.c
		_Delay1KTCYx   		CODE           	18F0	0000	18

C:\Program Files (x86)\Microchip\xc8\v1.20\sources\pic18\d1ktcyx.c estimated size: 18

C:\Program Files (x86)\Microchip\xc8\v1.20\sources\pic18\plib\USART\uread.c
		_ReadUSART     		CODE           	18D2	0000	30

C:\Program Files (x86)\Microchip\xc8\v1.20\sources\pic18\plib\USART\uread.c estimated size: 30

C:\Program Files (x86)\Microchip\xc8\v1.20\sources\pic18\plib\Timers\t1open.c
		_OpenTimer1    		CODE           	1688	0000	52

C:\Program Files (x86)\Microchip\xc8\v1.20\sources\pic18\plib\Timers\t1open.c estimated size: 52

C:\Program Files (x86)\Microchip\xc8\v1.20\sources\common\memcpy.c
		_memcpy        		CODE           	142E	0000	78

C:\Program Files (x86)\Microchip\xc8\v1.20\sources\common\memcpy.c estimated size: 78

../src/uart_thread.c
		_uart_lthread  		CODE           	15DC	0000	62

../src/uart_thread.c estimated size: 62

C:\Program Files (x86)\Microchip\xc8\v1.20\sources\pic18\plib\i2c\i2c1writ.c
		_WriteI2C1     		CODE           	13D0	0000	94

C:\Program Files (x86)\Microchip\xc8\v1.20\sources\pic18\plib\i2c\i2c1writ.c estimated size: 94

../src/interrupts.c
		_enable_interru		CODE           	197A	0000	8
		_in_low_int    		CODE           	1512	0000	70
		_in_main       		CODE           	1558	0000	68
		_in_high_int   		CODE           	1902	0000	18
		_InterruptHandl		CODE           	0018	0000	176
		_InterruptHandl		CODE           	0008	0000	4736

../src/interrupts.c estimated size: 5076

C:\Program Files (x86)\Microchip\xc8\v1.20\sources\pic18\plib\USART\uwrite.c
		_WriteUSART    		CODE           	194A	0000	16

C:\Program Files (x86)\Microchip\xc8\v1.20\sources\pic18\plib\USART\uwrite.c estimated size: 16

../src/messages.c
		_ToMainHigh_sen		CODE           	181A	0000	40
		_ToMainHigh_rec		CODE           	1746	0000	44
		_block_on_To_ms		CODE           	1086	0000	176
		_check_msg     		CODE           	1652	0000	54
		_ToMainLow_send		CODE           	18B0	0000	34
		_ToMainLow_recv		CODE           	171A	0000	44
		_enter_sleep_mo		CODE           	1982	0000	6
		_send_msg      		CODE           	1136	0000	170
		_FromMainHigh_r		CODE           	1842	0000	38
		_init_queue    		CODE           	1288	0000	122
		_init_queues   		CODE           	136A	0000	102
		_recv_msg      		CODE           	09EA	0000	300
		_SleepIfOkay   		CODE           	147C	0000	78

../src/messages.c estimated size: 1208

C:\Program Files (x86)\Microchip\xc8\v1.20\sources\pic18\plib\ADC\adcread.c
		_ReadADC       		CODE           	1970	0000	10

C:\Program Files (x86)\Microchip\xc8\v1.20\sources\pic18\plib\ADC\adcread.c estimated size: 10

../src/main.c
		_main          		CODE           	0724	0000	710

../src/main.c estimated size: 710

