Microchip MPLAB XC8 Compiler V1.20 ()

Linker command line:

--edf=C:\Program Files (x86)\Microchip\xc8\v1.20\dat\en_msgs.txt -cs \
  -h+dist/UseC18/debug\Framework.X.debug.sym \
  --cmf=dist/UseC18/debug\Framework.X.debug.cmf -z -Q18F45J10 \
  -oC:\Users\Ben\AppData\Local\Temp\s5r8.6 \
  -Mdist/UseC18/debug/Framework.X.debug.map -E1 -ver=XC8 -ACODE=00h-07FF7h \
  -ACONST=00h-07FF7h -ASMALLCONST=0400h-04FFhx123,07F00h-07FF7h \
  -AMEDIUMCONST=0400h-07FF7h -ACOMRAM=01h-07Fh -AABS1=00h-03FFh \
  -ABIGRAM=01h-03FFh -ARAM=080h-0FFh,0100h-01FFhx3 -ABANK0=080h-0FFh \
  -ABANK1=0100h-01FFh -ABANK2=0200h-02FFh -ABANK3=0300h-03FFh \
  -ASFR=0F80h-0FFCh \
  -preset_vec=00h,intcode=08h,intcodelo=018h,powerup,init,end_init \
  -pramtop=0400h -psmallconst=SMALLCONST -pmediumconst=MEDIUMCONST \
  -pconst=CONST -AFARRAM=00h-00h -ACONFIG=07FF8h-07FFDh -pconfig=CONFIG \
  -pjflash_buffer=07800h \
  -prdata=COMRAM,nvrram=COMRAM,nvbit=COMRAM,rbss=COMRAM,rbit=COMRAM \
  -pfarbss=FARRAM,fardata=FARRAM,nvFARRAM=FARRAM \
  -pintsave_regs=BIGRAM,bigbss=BIGRAM,bigdata=BIGRAM -pbss=RAM \
  -pidata=CODE,irdata=CODE,ibigdata=CODE,ifardata=CODE \
  C:\Users\Ben\AppData\Local\Temp\s5r8.obj \
  dist/UseC18/debug\Framework.X.debug.obj 

Object code version is 3.11

Machine type is 18F45J10

Call graph: (short form)




                Name                               Link     Load   Length Selector   Space Scale
C:\Users\Ben\AppData\Local\Temp\s5r8.obj
                end_init                             C2       C2        4        C       0
                reset_vec                             0        0        6        0       0
                config                             7FF8     7FF8        6     7FF8       0
dist/UseC18/debug\Framework.X.debug.obj
                intcodelo                            18       18       AA        C       0
                intcode                               8        8       10        4       0
                text49                             1616     1616       40        C       0
                text48                              DAC      DAC       F2        C       0
                text47                             17E6     17E6       28        C       0
                text46                              E9E      E9E       C4        C       0
                text45                               C6       C6      63A        C       0
                text44                              B82      B82      120        C       0
                text43                             17BA     17BA       2C        C       0
                text42                             18F0     18F0       12        C       0
                text41                             10BC     10BC       A6        C       0
                text40                             1928     1928        A        C       0
                text39                             1940     1940        6        C       0
                text38                             14FE     14FE       4E        C       0
                text37                             193A     193A        6        C       0
                text36                             1912     1912        C        C       0
                text35                             1734     1734       2E        C       0
                text34                             1832     1832       24        C       0
                text33                             14B0     14B0       4E        C       0
                intcode_body                       1206     1206       9A        C       0
                text31                             1946     1946        4        C       0
                text30                             18DE     18DE       12        C       0
                text29                             18CC     18CC       12        C       0
                text28                             15D6     15D6       40        C       0
                text27                             1012     1012       AA        C       0
                text26                             1856     1856       22        C       0
                text25                             1878     1878       1E        C       0
                text24                             1162     1162       A4        C       0
                text22                             1932     1932        8        C       0
                text21                             1400     1400       62        C       0
                text20                             18BA     18BA       12        C       0
                text19                             1320     1320       7A        C       0
                text18                             139A     139A       66        C       0
                text17                             1700     1700       34        C       0
                text16                             12A0     12A0       80        C       0
                text15                             180E     180E       24        C       0
                text14                             18A8     18A8       12        C       0
                text13                             154C     154C       46        C       0
                text12                             1592     1592       44        C       0
                text11                             16CA     16CA       36        C       0
                text10                             1896     1896       12        C       0
                text9                               F62      F62       B0        C       0
                text8                              1462     1462       4E        C       0
                text7                               A56      A56      12C        C       0
                text6                              178E     178E       2C        C       0
                text5                              191E     191E        A        C       0
                text4                               CA2      CA2      10A        C       0
                text3                              1762     1762       2C        C       0
                text2                              1902     1902       10        C       0
                text1                              1656     1656       3E        C       0
                text0                               700      700      356        C       0
                cstackCOMRAM                          1        1       3C        1       1
                cstackBANK0                          80       80       47       80       1
                cstackBANK2                         200      200       32      200       1
                bssBIGRAM                           232      232      190      232       1
                bssBANK1                            100      100       D8      100       1
                bssCOMRAM                            3D       3D       16        1       1
                cinit                              1694     1694       36        C       0
                nvBANK0                              C7       C7        2       80       1

TOTAL           Name                               Link     Load   Length     Space
        CLASS   CODE           
                end_init                             C2       C2        4         0
                intcodelo                            18       18       AA         0
                intcode                               8        8       10         0
                reset_vec                             0        0        6         0
                text49                             1616     1616       40         0
                text48                              DAC      DAC       F2         0
                text47                             17E6     17E6       28         0
                text46                              E9E      E9E       C4         0
                text45                               C6       C6      63A         0
                text44                              B82      B82      120         0
                text43                             17BA     17BA       2C         0
                text42                             18F0     18F0       12         0
                text41                             10BC     10BC       A6         0
                text40                             1928     1928        A         0
                text39                             1940     1940        6         0
                text38                             14FE     14FE       4E         0
                text37                             193A     193A        6         0
                text36                             1912     1912        C         0
                text35                             1734     1734       2E         0
                text34                             1832     1832       24         0
                text33                             14B0     14B0       4E         0
                intcode_body                       1206     1206       9A         0
                text31                             1946     1946        4         0
                text30                             18DE     18DE       12         0
                text29                             18CC     18CC       12         0
                text28                             15D6     15D6       40         0
                text27                             1012     1012       AA         0
                text26                             1856     1856       22         0
                text25                             1878     1878       1E         0
                text24                             1162     1162       A4         0
                text22                             1932     1932        8         0
                text21                             1400     1400       62         0
                text20                             18BA     18BA       12         0
                text19                             1320     1320       7A         0
                text18                             139A     139A       66         0
                text17                             1700     1700       34         0
                text16                             12A0     12A0       80         0
                text15                             180E     180E       24         0
                text14                             18A8     18A8       12         0
                text13                             154C     154C       46         0
                text12                             1592     1592       44         0
                text11                             16CA     16CA       36         0
                text10                             1896     1896       12         0
                text9                               F62      F62       B0         0
                text8                              1462     1462       4E         0
                text7                               A56      A56      12C         0
                text6                              178E     178E       2C         0
                text5                              191E     191E        A         0
                text4                               CA2      CA2      10A         0
                text3                              1762     1762       2C         0
                text2                              1902     1902       10         0
                text1                              1656     1656       3E         0
                text0                               700      700      356         0
                cinit                              1694     1694       36         0

        CLASS   CONST          

        CLASS   SMALLCONST     

        CLASS   MEDIUMCONST    

        CLASS   COMRAM         
                cstackCOMRAM                          1        1       3C         1
                bssCOMRAM                            3D       3D       16         1

        CLASS   ABS1           

        CLASS   BIGRAM         
                bssBIGRAM                           232      232      190         1

        CLASS   RAM            

        CLASS   BANK0          
                cstackBANK0                          80       80       47         1
                nvBANK0                              C7       C7        2         1

        CLASS   BANK1          
                bssBANK1                            100      100       D8         1

        CLASS   BANK2          
                cstackBANK2                         200      200       32         1

        CLASS   BANK3          

        CLASS   SFR            

        CLASS   FARRAM         

        CLASS   CONFIG         
                config                             7FF8     7FF8        6         0

        CLASS   IDLOC          



SEGMENTS        Name                           Load    Length   Top    Selector   Space  Class

                reset_vec                      000000  000006  000006         0       0  CODE    
                cstackCOMRAM                   000001  000052  000053         1       1  COMRAM  
                intcode                        000008  000010  000018         4       0  CODE    
                intcodelo                      000018  001932  00194A         C       0  CODE    
                cstackBANK0                    000080  000049  0000C9        80       1  BANK0   
                bssBANK1                       000100  0000D8  0001D8       100       1  BANK1   
                cstackBANK2                    000200  000032  000232       200       1  BANK2   
                bssBIGRAM                      000232  000190  0003C2       232       1  BIGRAM  
                config                         007FF8  000006  007FFE      7FF8       0  CONFIG  


UNUSED ADDRESS RANGES

        Name                Unused          Largest block    Delta
        BANK0            000C9-000FF              37
        BANK1            001D8-001FF              28
        BANK3            003C2-003FF              3E
        BIGRAM           00053-0007F              2D
                         000C9-000FF              37
                         001D8-001FF              28
                         003C2-003FF              3E
        CODE             00006-00007               2
                         0194A-07FF7            66AE
        COMRAM           00053-0007F              2D
        CONST            00006-00007               2
                         0194A-07FF7            66AE
        MEDIUMCONST      0194A-07FF7            66AE
        RAM              000C9-000FF              37
                         001D8-001FF              28
                         003C2-003FF              3E
        SFR              00F80-00FFC              7D
        SMALLCONST       0194A-07FF7             100

                                  Symbol Table

?_Delay1KTCYx                   cstackBANK0   000A7
?_FromMainHigh_recvmsg          cstackBANK0   0008C
?_OpenADC                       cstackBANK0   000A7
?_OpenTimer1                    cstackBANK0   000A7
?_ReadADC                       cstackCOMRAM  0002E
?_ToMainHigh_recvmsg            cstackBANK0   000BF
?_ToMainHigh_sendmsg            cstackCOMRAM  00039
?_ToMainLow_recvmsg             cstackBANK0   000BF
?_ToMainLow_sendmsg             cstackCOMRAM  00017
?_WriteTimer0                   cstackCOMRAM  0002E
?_WriteTimer1                   cstackCOMRAM  00001
?_check_msg                     cstackBANK0   000A7
?_handle_start                  cstackCOMRAM  0002E
?_i2c_configure_slave           cstackBANK0   000A7
?_in_high_int                   cstackBANK0   000A7
?_in_low_int                    cstackBANK0   000A9
?_in_main                       cstackBANK0   000AB
?_init_i2c                      cstackBANK0   000A7
?_init_queue                    cstackBANK0   000A7
?_init_timer1_lthread           cstackBANK0   000A7
?_memcpy                        cstackBANK0   000A7
?_recv_msg                      cstackBANK0   000B1
?_send_msg                      cstackCOMRAM  0000B
?_start_i2c_slave_reply         cstackBANK0   000A7
?_timer0_lthread                cstackBANK0   000A7
?_timer1_lthread                cstackBANK0   000A7
?_uart_lthread                  cstackBANK0   000A7
?i1_memcpy                      cstackCOMRAM  00001
?i2_check_msg                   cstackCOMRAM  0002E
?i2_in_high_int                 cstackCOMRAM  0002E
?i2_in_low_int                  cstackCOMRAM  00030
?i2_memcpy                      cstackCOMRAM  0002E
?i2_recv_msg                    cstackBANK0   00080
?i2_send_msg                    cstackBANK0   00080
Delay1KTCYx@unit                cstackBANK0   000A7
FromMainHigh_recvmsg@data       cstackBANK0   0008F
FromMainHigh_recvmsg@maxlength  cstackBANK0   0008C
FromMainHigh_recvmsg@msgtype    cstackBANK0   0008D
OpenADC@config                  cstackBANK0   000A7
OpenADC@config2                 cstackBANK0   000A8
OpenADC@portconfig              cstackBANK0   000A9
OpenTimer1@config               cstackBANK0   000A7
ReadUSART@data                  cstackCOMRAM  00001
ToMainHigh_recvmsg@data         cstackBANK0   000C2
ToMainHigh_recvmsg@maxlength    cstackBANK0   000BF
ToMainHigh_recvmsg@msgtype      cstackBANK0   000C0
ToMainHigh_sendmsg@data         cstackCOMRAM  0003B
ToMainHigh_sendmsg@length       cstackCOMRAM  00039
ToMainHigh_sendmsg@msgtype      cstackCOMRAM  0003A
ToMainLow_recvmsg@data          cstackBANK0   000C2
ToMainLow_recvmsg@maxlength     cstackBANK0   000BF
ToMainLow_recvmsg@msgtype       cstackBANK0   000C0
ToMainLow_sendmsg@data          cstackCOMRAM  00019
ToMainLow_sendmsg@length        cstackCOMRAM  00017
ToMainLow_sendmsg@msgtype       cstackCOMRAM  00018
WriteTimer0@timer               cstackCOMRAM  00030
WriteTimer0@timer0              cstackCOMRAM  0002E
WriteTimer1@timer               cstackCOMRAM  00003
WriteTimer1@timer1              cstackCOMRAM  00001
_ADCON0                         (abs)         00FC2
_ADCON0bits                     (abs)         00FC2
_ADCON1                         (abs)         00FC1
_ADCON2                         (abs)         00FC0
_ADCValue                       bssCOMRAM     00048
_ADRESH                         (abs)         00FC4
_ADRESL                         (abs)         00FC3
_CloseTimer1                    text39        01940
_ConvertADC                     text31        01946
_Delay1KTCYx                    text10        01896
_FromMainHigh_MQ                bssBANK1      00100
_FromMainHigh_recvmsg           text43        017BA
_FromMainLow_MQ                 bssBANK1      00136
_INTCONbits                     (abs)         00FF2
_IPR1bits                       (abs)         00F9F
_InterruptHandlerHigh           intcode       00008
_InterruptHandlerLow            intcodelo     00018
_LATB                           (abs)         00F8A
_LATBbits                       (abs)         00F8A
_MQ_Main_Willing_to_block       bssCOMRAM     00050
_OSCCON                         (abs)         00FD3
_OSCCONbits                     (abs)         00FD3
_OSCTUNEbits                    (abs)         00F9B
_OpenADC                        text16        012A0
_OpenTimer1                     text17        01700
_PIE1bits                       (abs)         00F9D
_PIR1bits                       (abs)         00F9E
_RCONbits                       (abs)         00FD0
_RCREG                          (abs)         00FAE
_RCSTAbits                      (abs)         00FAB
_ReadADC                        text40        01928
_ReadUSART                      text25        01878
_SSPADD                         (abs)         00FC8
_SSPBUF                         (abs)         00FC9
_SSPCON1                        (abs)         00FC6
_SSPCON1bits                    (abs)         00FC6
_SSPCON2                        (abs)         00FC5
_SSPCON2bits                    (abs)         00FC5
_SSPSTAT                        (abs)         00FC7
_SSPSTATbits                    (abs)         00FC7
_SleepIfOkay                    text33        014B0
_T1CON                          (abs)         00FCD
_T1CONbits                      (abs)         00FCD
_TMR0H                          (abs)         00FD7
_TMR0L                          (abs)         00FD6
_TMR1H                          (abs)         00FCF
_TMR1L                          (abs)         00FCE
_TRISB                          (abs)         00F93
_TRISCbits                      (abs)         00F94
_ToMainHigh_MQ                  bssBANK1      0016C
_ToMainHigh_recvmsg             text6         0178E
_ToMainHigh_sendmsg             text47        017E6
_ToMainLow_MQ                   bssBANK1      001A2
_ToMainLow_recvmsg              text3         01762
_ToMainLow_sendmsg              text26        01856
_USART_Status                   bssCOMRAM     00051
_WriteTimer0                    text42        018F0
_WriteTimer1                    text30        018DE
__CFG_CCP2MX$DEFAULT            (abs)         00000
__CFG_CP0$OFF                   (abs)         00000
__CFG_FCMEN$ON                  (abs)         00000
__CFG_FOSC$HSPLL                (abs)         00000
__CFG_FOSC2$ON                  (abs)         00000
__CFG_IESO$ON                   (abs)         00000
__CFG_STVREN$OFF                (abs)         00000
__CFG_WDTEN$OFF                 (abs)         00000
__CFG_WDTPS$32768               (abs)         00000
__CFG_XINST$OFF                 (abs)         00000
__HRAM                          (abs)         00000
__Habs1                         abs1          00000
__Hbank0                        bank0         00000
__Hbank1                        bank1         00000
__Hbank2                        bank2         00000
__Hbank3                        bank3         00000
__Hbigbss                       bigbss        00000
__Hbigdata                      bigdata       00000
__Hbigram                       bigram        00000
__Hbss                          bss           00000
__HbssBANK1                     bssBANK1      00000
__HbssBIGRAM                    bssBIGRAM     00000
__HbssCOMRAM                    bssCOMRAM     00000
__Hcinit                        cinit         00000
__Hclrtext                      clrtext       00000
__Hcomram                       comram        00000
__Hconfig                       config        07FFE
__Hconst                        const         00000
__HcstackBANK0                  cstackBANK0   00000
__HcstackBANK2                  cstackBANK2   00000
__HcstackCOMRAM                 cstackCOMRAM  00000
__Hdata                         data          00000
__Hend_init                     end_init      000C6
__Hfarbss                       farbss        00000
__Hfardata                      fardata       00000
__Hibigdata                     ibigdata      00000
__Hidata                        idata         00000
__Hidloc                        idloc         00000
__Hifardata                     ifardata      00000
__Hinit                         init          000C2
__Hintcode                      intcode       00018
__Hintcode_body                 intcode_body  00000
__Hintcodelo                    intcodelo     000C2
__Hintentry                     intentry      00000
__Hintret                       intret        00000
__Hintsave_regs                 intsave_regs  00000
__Hirdata                       irdata        00000
__Hjflash_buffer                jflash_buffer 07800
__Hmediumconst                  mediumconst   00000
__HnvBANK0                      nvBANK0       00000
__HnvFARRAM                     nvFARRAM      00000
__Hnvbit                        nvbit         00000
__Hnvrram                       nvrram        00000
__Hparam                        rparam        00000
__Hpowerup                      powerup       000C2
__Hram                          ram           00000
__Hramtop                       ramtop        00400
__Hrbit                         rbit          00000
__Hrbss                         rbss          00000
__Hrdata                        rdata         00000
__Hreset_vec                    reset_vec     00006
__Hrparam                       rparam        00000
__Hsfr                          sfr           00000
__Hsmallconst                   smallconst    00000
__Hstruct                       struct        00000
__Htemp                         temp          00000
__Htext                         text          00000
__Htext0                        text0         00000
__Htext1                        text1         00000
__Htext10                       text10        00000
__Htext11                       text11        00000
__Htext12                       text12        00000
__Htext13                       text13        00000
__Htext14                       text14        00000
__Htext15                       text15        00000
__Htext16                       text16        00000
__Htext17                       text17        00000
__Htext18                       text18        00000
__Htext19                       text19        00000
__Htext2                        text2         00000
__Htext20                       text20        00000
__Htext21                       text21        00000
__Htext22                       text22        00000
__Htext24                       text24        00000
__Htext25                       text25        00000
__Htext26                       text26        00000
__Htext27                       text27        00000
__Htext28                       text28        00000
__Htext29                       text29        00000
__Htext3                        text3         00000
__Htext30                       text30        00000
__Htext31                       text31        00000
__Htext33                       text33        00000
__Htext34                       text34        00000
__Htext35                       text35        00000
__Htext36                       text36        00000
__Htext37                       text37        00000
__Htext38                       text38        00000
__Htext39                       text39        00000
__Htext4                        text4         00000
__Htext40                       text40        00000
__Htext41                       text41        00000
__Htext42                       text42        00000
__Htext43                       text43        00000
__Htext44                       text44        00000
__Htext45                       text45        00000
__Htext46                       text46        00000
__Htext47                       text47        00000
__Htext48                       text48        00000
__Htext49                       text49        00000
__Htext5                        text5         00000
__Htext6                        text6         00000
__Htext7                        text7         00000
__Htext8                        text8         00000
__Htext9                        text9         00000
__LRAM                          (abs)         00001
__Labs1                         abs1          00000
__Lbank0                        bank0         00000
__Lbank1                        bank1         00000
__Lbank2                        bank2         00000
__Lbank3                        bank3         00000
__Lbigbss                       bigbss        00000
__Lbigdata                      bigdata       00000
__Lbigram                       bigram        00000
__Lbss                          bss           00000
__LbssBANK1                     bssBANK1      00000
__LbssBIGRAM                    bssBIGRAM     00000
__LbssCOMRAM                    bssCOMRAM     00000
__Lcinit                        cinit         00000
__Lclrtext                      clrtext       00000
__Lcomram                       comram        00000
__Lconfig                       config        07FF8
__Lconst                        const         00000
__LcstackBANK0                  cstackBANK0   00000
__LcstackBANK2                  cstackBANK2   00000
__LcstackCOMRAM                 cstackCOMRAM  00000
__Ldata                         data          00000
__Lend_init                     end_init      000C2
__Lfarbss                       farbss        00000
__Lfardata                      fardata       00000
__Libigdata                     ibigdata      00000
__Lidata                        idata         00000
__Lidloc                        idloc         00000
__Lifardata                     ifardata      00000
__Linit                         init          000C2
__Lintcode                      intcode       00008
__Lintcode_body                 intcode_body  00000
__Lintcodelo                    intcodelo     00018
__Lintentry                     intentry      00000
__Lintret                       intret        00000
__Lintsave_regs                 intsave_regs  00000
__Lirdata                       irdata        00000
__Ljflash_buffer                jflash_buffer 07800
__Lmediumconst                  mediumconst   00000
__LnvBANK0                      nvBANK0       00000
__LnvFARRAM                     nvFARRAM      00000
__Lnvbit                        nvbit         00000
__Lnvrram                       nvrram        00000
__Lparam                        rparam        00000
__Lpowerup                      powerup       000C2
__Lram                          ram           00000
__Lramtop                       ramtop        00400
__Lrbit                         rbit          00000
__Lrbss                         rbss          00000
__Lrdata                        rdata         00000
__Lreset_vec                    reset_vec     00000
__Lrparam                       rparam        00000
__Lsfr                          sfr           00000
__Lsmallconst                   smallconst    00000
__Lstruct                       struct        00000
__Ltemp                         temp          00000
__Ltext                         text          00000
__Ltext0                        text0         00000
__Ltext1                        text1         00000
__Ltext10                       text10        00000
__Ltext11                       text11        00000
__Ltext12                       text12        00000
__Ltext13                       text13        00000
__Ltext14                       text14        00000
__Ltext15                       text15        00000
__Ltext16                       text16        00000
__Ltext17                       text17        00000
__Ltext18                       text18        00000
__Ltext19                       text19        00000
__Ltext2                        text2         00000
__Ltext20                       text20        00000
__Ltext21                       text21        00000
__Ltext22                       text22        00000
__Ltext24                       text24        00000
__Ltext25                       text25        00000
__Ltext26                       text26        00000
__Ltext27                       text27        00000
__Ltext28                       text28        00000
__Ltext29                       text29        00000
__Ltext3                        text3         00000
__Ltext30                       text30        00000
__Ltext31                       text31        00000
__Ltext33                       text33        00000
__Ltext34                       text34        00000
__Ltext35                       text35        00000
__Ltext36                       text36        00000
__Ltext37                       text37        00000
__Ltext38                       text38        00000
__Ltext39                       text39        00000
__Ltext4                        text4         00000
__Ltext40                       text40        00000
__Ltext41                       text41        00000
__Ltext42                       text42        00000
__Ltext43                       text43        00000
__Ltext44                       text44        00000
__Ltext45                       text45        00000
__Ltext46                       text46        00000
__Ltext47                       text47        00000
__Ltext48                       text48        00000
__Ltext49                       text49        00000
__Ltext5                        text5         00000
__Ltext6                        text6         00000
__Ltext7                        text7         00000
__Ltext8                        text8         00000
__Ltext9                        text9         00000
__S0                            (abs)         07FFE
__S1                            (abs)         003C2
___extmem_base                  (abs)         20000
__accesstop                     (abs)         00080
__activetblptr                  (abs)         00002
__end_of_CloseTimer1            text39        01946
__end_of_ConvertADC             text31        0194A
__end_of_Delay1KTCYx            text10        018A8
__end_of_FromMainHigh_recvmsg   text43        017E6
__end_of_InterruptHandlerHigh   intcode_body  012A0
__end_of_InterruptHandlerLow    intcodelo     000C2
__end_of_OpenADC                text16        01320
__end_of_OpenTimer1             text17        01734
__end_of_ReadADC                text40        01932
__end_of_ReadUSART              text25        01896
__end_of_SleepIfOkay            text33        014FE
__end_of_ToMainHigh_recvmsg     text6         017BA
__end_of_ToMainHigh_sendmsg     text47        0180E
__end_of_ToMainLow_recvmsg      text3         0178E
__end_of_ToMainLow_sendmsg      text26        01878
__end_of_WriteTimer0            text42        01902
__end_of_WriteTimer1            text30        018F0
__end_of__initialization        cinit         016C0
__end_of_adc_int_handler        text38        0154C
__end_of_block_on_To_msgqueues  text9         01012
__end_of_check_msg              text11        01700
__end_of_enable_interrupts      text22        0193A
__end_of_enter_sleep_mode       text37        01940
__end_of_handle_start           text46        00F62
__end_of_i2c_configure_slave    text15        01832
__end_of_i2c_int_handler        text45        00700
__end_of_in_high_int            text14        018BA
__end_of_in_low_int             text13        01592
__end_of_in_main                text12        015D6
__end_of_init_i2c               text21        01462
__end_of_init_queue             text19        0139A
__end_of_init_queues            text18        01400
__end_of_init_timer1_lthread    text20        018CC
__end_of_main                   text0         00A56
__end_of_memcpy                 text8         014B0
__end_of_recv_msg               text7         00B82
__end_of_send_msg               text27        010BC
__end_of_start_i2c_slave_reply  text4         00DAC
__end_of_timer0_int_handler     text41        01162
__end_of_timer0_lthread         text5         01928
__end_of_timer1_int_handler     text29        018DE
__end_of_timer1_lthread         text2         01912
__end_of_uart_lthread           text1         01694
__end_of_uart_recv_int_handler  text24        01206
__end_ofi1_memcpy               text28        01616
__end_ofi2_check_msg            text34        01856
__end_ofi2_in_high_int          text36        0191E
__end_ofi2_in_low_int           text35        01762
__end_ofi2_memcpy               text49        01656
__end_ofi2_recv_msg             text44        00CA2
__end_ofi2_send_msg             text48        00E9E
__initialization                cinit         01694
__mediumconst                   mediumconst   00000
__pbssBANK1                     bssBANK1      00100
__pbssBIGRAM                    bssBIGRAM     00232
__pbssCOMRAM                    bssCOMRAM     0003D
__pcinit                        cinit         01694
__pcstackBANK0                  cstackBANK0   00080
__pcstackBANK2                  cstackBANK2   00200
__pcstackCOMRAM                 cstackCOMRAM  00001
__pintcode                      intcode       00008
__pintcode_body                 intcode_body  01206
__pintcodelo                    intcodelo     00018
__pnvBANK0                      nvBANK0       000C7
__ptext0                        text0         00700
__ptext1                        text1         01656
__ptext10                       text10        01896
__ptext11                       text11        016CA
__ptext12                       text12        01592
__ptext13                       text13        0154C
__ptext14                       text14        018A8
__ptext15                       text15        0180E
__ptext16                       text16        012A0
__ptext17                       text17        01700
__ptext18                       text18        0139A
__ptext19                       text19        01320
__ptext2                        text2         01902
__ptext20                       text20        018BA
__ptext21                       text21        01400
__ptext22                       text22        01932
__ptext24                       text24        01162
__ptext25                       text25        01878
__ptext26                       text26        01856
__ptext27                       text27        01012
__ptext28                       text28        015D6
__ptext29                       text29        018CC
__ptext3                        text3         01762
__ptext30                       text30        018DE
__ptext31                       text31        01946
__ptext33                       text33        014B0
__ptext34                       text34        01832
__ptext35                       text35        01734
__ptext36                       text36        01912
__ptext37                       text37        0193A
__ptext38                       text38        014FE
__ptext39                       text39        01940
__ptext4                        text4         00CA2
__ptext40                       text40        01928
__ptext41                       text41        010BC
__ptext42                       text42        018F0
__ptext43                       text43        017BA
__ptext44                       text44        00B82
__ptext45                       text45        000C6
__ptext46                       text46        00E9E
__ptext47                       text47        017E6
__ptext48                       text48        00DAC
__ptext49                       text49        01616
__ptext5                        text5         0191E
__ptext6                        text6         0178E
__ptext7                        text7         00A56
__ptext8                        text8         01462
__ptext9                        text9         00F62
__ramtop                        ramtop        00400
__size_of_CloseTimer1           (abs)         00000
__size_of_ConvertADC            (abs)         00000
__size_of_Delay1KTCYx           (abs)         00000
__size_of_FromMainHigh_recvmsg  (abs)         00000
__size_of_InterruptHandlerHigh  (abs)         00000
__size_of_InterruptHandlerLow   (abs)         00000
__size_of_OpenADC               (abs)         00000
__size_of_OpenTimer1            (abs)         00000
__size_of_ReadADC               (abs)         00000
__size_of_ReadUSART             (abs)         00000
__size_of_SleepIfOkay           (abs)         00000
__size_of_ToMainHigh_recvmsg    (abs)         00000
__size_of_ToMainHigh_sendmsg    (abs)         00000
__size_of_ToMainLow_recvmsg     (abs)         00000
__size_of_ToMainLow_sendmsg     (abs)         00000
__size_of_WriteTimer0           (abs)         00000
__size_of_WriteTimer1           (abs)         00000
__size_of_adc_int_handler       (abs)         00000
__size_of_block_on_To_msgqueues (abs)         00000
__size_of_check_msg             (abs)         00000
__size_of_enable_interrupts     (abs)         00000
__size_of_enter_sleep_mode      (abs)         00000
__size_of_handle_start          (abs)         00000
__size_of_i2c_configure_slave   (abs)         00000
__size_of_i2c_int_handler       (abs)         00000
__size_of_in_high_int           (abs)         00000
__size_of_in_low_int            (abs)         00000
__size_of_in_main               (abs)         00000
__size_of_init_i2c              (abs)         00000
__size_of_init_queue            (abs)         00000
__size_of_init_queues           (abs)         00000
__size_of_init_timer1_lthread   (abs)         00000
__size_of_main                  (abs)         00000
__size_of_memcpy                (abs)         00000
__size_of_recv_msg              (abs)         00000
__size_of_send_msg              (abs)         00000
__size_of_start_i2c_slave_reply (abs)         00000
__size_of_timer0_int_handler    (abs)         00000
__size_of_timer0_lthread        (abs)         00000
__size_of_timer1_int_handler    (abs)         00000
__size_of_timer1_lthread        (abs)         00000
__size_of_uart_lthread          (abs)         00000
__size_of_uart_recv_int_handler (abs)         00000
__size_ofi1_memcpy              (abs)         00000
__size_ofi2_check_msg           (abs)         00000
__size_ofi2_in_high_int         (abs)         00000
__size_ofi2_in_low_int          (abs)         00000
__size_ofi2_memcpy              (abs)         00000
__size_ofi2_recv_msg            (abs)         00000
__size_ofi2_send_msg            (abs)         00000
__smallconst                    smallconst    00000
_adc_int_handler                text38        014FE
_block_on_To_msgqueues          text9         00F62
_check_msg                      text11        016CA
_counter2                       bssCOMRAM     0004A
_enable_interrupts              text22        01932
_enter_sleep_mode               text37        0193A
_handle_start                   text46        00E9E
_i2c_configure_slave            text15        0180E
_i2c_int_handler                text45        000C6
_ic_ptr                         nvBANK0       000C7
_in_high_int                    text14        018A8
_in_low_int                     text13        0154C
_in_main                        text12        01592
_init_i2c                       text21        01400
_init_queue                     text19        01320
_init_queues                    text18        0139A
_init_timer1_lthread            text20        018BA
_last_reg_recvd                 bssCOMRAM     00052
_length                         bssCOMRAM     0004C
_main                           text0         00700
_memcpy                         text8         01462
_msgbuffer                      bssCOMRAM     0003D
_recv_msg                       text7         00A56
_send_msg                       text27        01012
_start_i2c_slave_reply          text4         00CA2
_timer0_int_handler             text41        010BC
_timer0_lthread                 text5         0191E
_timer1_int_handler             text29        018CC
_timer1_lthread                 text2         01902
_uart_lthread                   text1         01656
_uart_recv_int_handler          text24        01162
_uc_ptr                         bssCOMRAM     0004E
_x                              bssBIGRAM     00232
check_msg@qptr                  cstackBANK0   000A7
end_of_initialization           cinit         016C0
handle_start@data_read          cstackCOMRAM  0002E
i1_memcpy                       text28        015D6
i1memcpy@d                      cstackCOMRAM  00007
i1memcpy@d1                     cstackCOMRAM  00001
i1memcpy@n                      cstackCOMRAM  00005
i1memcpy@s                      cstackCOMRAM  00009
i1memcpy@s1                     cstackCOMRAM  00003
i2_check_msg                    text34        01832
i2_in_high_int                  text36        01912
i2_in_low_int                   text35        01734
i2_memcpy                       text49        01616
i2_recv_msg                     text44        00B82
i2_send_msg                     text48        00DAC
i2c_configure_slave@addr        cstackBANK0   000A7
i2c_int_handler@data_read       cstackBANK0   00095
i2c_int_handler@data_written    cstackBANK0   00090
i2c_int_handler@error_buf       cstackBANK0   0008D
i2c_int_handler@i2c_data        cstackBANK0   00093
i2c_int_handler@msg_ready       cstackBANK0   00094
i2c_int_handler@msg_to_send     cstackBANK0   00092
i2c_int_handler@overrun_error   cstackBANK0   00091
i2check_msg@qptr                cstackCOMRAM  0002E
i2memcpy@d                      cstackCOMRAM  00034
i2memcpy@d1                     cstackCOMRAM  0002E
i2memcpy@n                      cstackCOMRAM  00032
i2memcpy@s                      cstackCOMRAM  00036
i2memcpy@s1                     cstackCOMRAM  00030
i2recv_msg@data                 cstackBANK0   00085
i2recv_msg@maxlength            cstackBANK0   00082
i2recv_msg@msgtype              cstackBANK0   00083
i2recv_msg@qmsg                 cstackBANK0   0008A
i2recv_msg@qptr                 cstackBANK0   00080
i2recv_msg@slot                 cstackBANK0   00087
i2recv_msg@tlength              cstackBANK0   00088
i2send_msg@data                 cstackBANK0   00084
i2send_msg@length               cstackBANK0   00082
i2send_msg@msgtype              cstackBANK0   00083
i2send_msg@qmsg                 cstackBANK0   00089
i2send_msg@qptr                 cstackBANK0   00080
i2send_msg@slot                 cstackBANK0   00088
i2send_msg@tlength              cstackBANK0   00086
init_i2c@ic                     cstackBANK0   000A7
init_queue@i                    cstackBANK0   000AA
init_queue@qptr                 cstackBANK0   000A7
init_timer1_lthread@tptr        cstackBANK0   000A7
int_func                        intcode_body  01206
intlevel0                       text          00000
intlevel1                       text          00000
intlevel2                       text          00000
intlevel3                       text          00000
main@ic                         cstackBANK2   00216
main@last_reg_recvd             cstackBANK2   0020F
main@length                     cstackBANK2   00215
main@msgbuffer                  cstackBANK2   00200
main@msgtype                    cstackBANK2   00214
main@t0thread_data              cstackBANK2   0020D
main@t1thread_data              cstackBANK2   00212
main@test_var                   cstackBANK2   00210
main@uthread_data               cstackBANK2   0020B
memcpy@d                        cstackBANK0   000AD
memcpy@d1                       cstackBANK0   000A7
memcpy@n                        cstackBANK0   000AB
memcpy@s                        cstackBANK0   000AF
memcpy@s1                       cstackBANK0   000A9
recv_msg@data                   cstackBANK0   000B6
recv_msg@maxlength              cstackBANK0   000B3
recv_msg@msgtype                cstackBANK0   000B4
recv_msg@qmsg                   cstackBANK0   000BD
recv_msg@qptr                   cstackBANK0   000B1
recv_msg@slot                   cstackBANK0   000BA
recv_msg@tlength                cstackBANK0   000BB
send_msg@data                   cstackCOMRAM  0000F
send_msg@length                 cstackCOMRAM  0000D
send_msg@msgtype                cstackCOMRAM  0000E
send_msg@qmsg                   cstackCOMRAM  00015
send_msg@qptr                   cstackCOMRAM  0000B
send_msg@slot                   cstackCOMRAM  00014
send_msg@tlength                cstackCOMRAM  00012
start                           init          000C2
start_i2c_slave_reply@length    cstackBANK0   000A7
start_i2c_slave_reply@msg       cstackBANK0   000A8
start_initialization            cinit         01694
timer0_int_handler@length       cstackBANK0   00093
timer0_int_handler@msgtype      cstackBANK0   00095
timer0_int_handler@val          cstackBANK0   00097
timer0_lthread@msgbuffer        cstackBANK0   000AD
timer0_lthread@msgval           cstackBANK0   000AF
timer1_lthread@tptr             cstackBANK0   000A7
uart_lthread@length             cstackBANK0   000AB
uart_lthread@msgbuffer          cstackBANK0   000AD
uart_lthread@msgtype            cstackBANK0   000A9


FUNCTION INFORMATION:

 *************** function _main *****************
 Defined at:
		line 85 in file "../src/main.c"
 Parameters:    Size  Location     Type
		None
 Auto vars:     Size  Location     Type
  ic             28   22[BANK2 ] struct __i2c_comm
  msgbuffer      11    0[BANK2 ] unsigned char [11]
  uc              5    0        struct __uart_comm
  t1thread_dat    2   18[BANK2 ] struct __timer1_thread_s
  test_var        2   16[BANK2 ] int 
  t0thread_dat    2   13[BANK2 ] struct __timer0_thread_s
  uthread_data    2   11[BANK2 ] struct __uart_thread_str
  length          1   21[BANK2 ] char 
  msgtype         1   20[BANK2 ] unsigned char 
  last_reg_rec    1   15[BANK2 ] unsigned char 
  i               1    0        unsigned char 
  c               1    0        unsigned char 
 Return value:  Size  Location     Type
		None               void
 Registers used:
		wreg, fsr1l, fsr1h, fsr2l, fsr2h, status,2, status,0, prodl, prodh, cstack
 Tracked objects:
		On entry : 
		On exit  : 
		Unchanged: 
 Data sizes:     COMRAM   BANK0   BANK1   BANK2   BANK3
      Params:         0       0       0       0       0
      Locals:         0       0       0      50       0
      Temps:          0       3       0       0       0
      Totals:         0       3       0      50       0
Total ram usage:       53 bytes
 Hardware stack levels required when called:   14
 This function calls:
		_enable_interrupts
		_init_i2c
		_init_timer1_lthread
		_init_queues
		_OpenTimer1
		_OpenADC
		_i2c_configure_slave
		_block_on_To_msgqueues
		_ToMainHigh_recvmsg
		_timer0_lthread
		_start_i2c_slave_reply
		_ToMainLow_recvmsg
		_timer1_lthread
		_uart_lthread
 This function is called by:
		Startup code after reset
 This function uses a non-reentrant model


 *************** function _uart_lthread *****************
 Defined at:
		line 9 in file "../src/uart_thread.c"
 Parameters:    Size  Location     Type
  uptr            2   39[BANK0 ] PTR struct __uart_thread
		 -> main@uthread_data(2), 
  msgtype         2   41[BANK0 ] int 
  length          2   43[BANK0 ] int 
  msgbuffer       2   45[BANK0 ] PTR unsigned char 
		 -> main@msgbuffer(11), 
 Auto vars:     Size  Location     Type
		None
 Return value:  Size  Location     Type
                  2   39[BANK0 ] int 
 Registers used:
		wreg, fsr2l, fsr2h, status,2, status,0
 Tracked objects:
		On entry : 
		On exit  : 
		Unchanged: 
 Data sizes:     COMRAM   BANK0   BANK1   BANK2   BANK3
      Params:         0       8       0       0       0
      Locals:         0       0       0       0       0
      Temps:          0       0       0       0       0
      Totals:         0       8       0       0       0
Total ram usage:        8 bytes
 Hardware stack levels used:    1
 Hardware stack levels required when called:   10
 This function calls:
		Nothing
 This function is called by:
		_main
 This function uses a non-reentrant model


 *************** function _timer1_lthread *****************
 Defined at:
		line 16 in file "../src/timer1_thread.c"
 Parameters:    Size  Location     Type
  tptr            2   39[BANK0 ] PTR struct __timer1_thre
		 -> main@t1thread_data(2), 
  msgtype         2   41[BANK0 ] int 
  length          2   43[BANK0 ] int 
  msgbuffer       2   45[BANK0 ] PTR unsigned char 
		 -> main@msgbuffer(11), 
 Auto vars:     Size  Location     Type
  retval          1    0        char 
 Return value:  Size  Location     Type
                  2   39[BANK0 ] int 
 Registers used:
		wreg, fsr2l, fsr2h, status,2, status,0
 Tracked objects:
		On entry : 
		On exit  : 
		Unchanged: 
 Data sizes:     COMRAM   BANK0   BANK1   BANK2   BANK3
      Params:         0       8       0       0       0
      Locals:         0       0       0       0       0
      Temps:          0       0       0       0       0
      Totals:         0       8       0       0       0
Total ram usage:        8 bytes
 Hardware stack levels used:    1
 Hardware stack levels required when called:   10
 This function calls:
		Nothing
 This function is called by:
		_main
 This function uses a non-reentrant model


 *************** function _ToMainLow_recvmsg *****************
 Defined at:
		line 112 in file "../src/messages.c"
 Parameters:    Size  Location     Type
  maxlength       1   63[BANK0 ] unsigned char 
  msgtype         2   64[BANK0 ] PTR unsigned char 
		 -> main@msgtype(1), 
  data            2   66[BANK0 ] PTR void 
		 -> main@msgbuffer(11), 
 Auto vars:     Size  Location     Type
		None
 Return value:  Size  Location     Type
                  1    wreg      char 
 Registers used:
		wreg, fsr1l, fsr1h, fsr2l, fsr2h, status,2, status,0, prodl, prodh, cstack
 Tracked objects:
		On entry : 
		On exit  : 
		Unchanged: 
 Data sizes:     COMRAM   BANK0   BANK1   BANK2   BANK3
      Params:         0       5       0       0       0
      Locals:         0       0       0       0       0
      Temps:          0       0       0       0       0
      Totals:         0       5       0       0       0
Total ram usage:        5 bytes
 Hardware stack levels used:    1
 Hardware stack levels required when called:   12
 This function calls:
		_recv_msg
 This function is called by:
		_main
 This function uses a non-reentrant model


 *************** function _start_i2c_slave_reply *****************
 Defined at:
		line 56 in file "../src/my_i2c.c"
 Parameters:    Size  Location     Type
  length          1   39[BANK0 ] unsigned char 
  msg             2   40[BANK0 ] PTR unsigned char 
		 -> main@msgbuffer(11), 
 Auto vars:     Size  Location     Type
		None
 Return value:  Size  Location     Type
		None               void
 Registers used:
		wreg, fsr1l, fsr1h, fsr2l, fsr2h, status,2, status,0, prodl, prodh
 Tracked objects:
		On entry : 
		On exit  : 
		Unchanged: 
 Data sizes:     COMRAM   BANK0   BANK1   BANK2   BANK3
      Params:         0       3       0       0       0
      Locals:         0       0       0       0       0
      Temps:          0       2       0       0       0
      Totals:         0       5       0       0       0
Total ram usage:        5 bytes
 Hardware stack levels used:    1
 Hardware stack levels required when called:   10
 This function calls:
		Nothing
 This function is called by:
		_main
 This function uses a non-reentrant model


 *************** function _timer0_lthread *****************
 Defined at:
		line 9 in file "../src/timer0_thread.c"
 Parameters:    Size  Location     Type
  tptr            2   39[BANK0 ] PTR struct __timer0_thre
		 -> main@t0thread_data(2), 
  msgtype         2   41[BANK0 ] int 
  length          2   43[BANK0 ] int 
  msgbuffer       2   45[BANK0 ] PTR unsigned char 
		 -> main@msgbuffer(11), 
 Auto vars:     Size  Location     Type
  msgval          2   47[BANK0 ] PTR unsigned int 
		 -> main@msgbuffer(11), 
 Return value:  Size  Location     Type
                  2   39[BANK0 ] int 
 Registers used:
		None
 Tracked objects:
		On entry : 
		On exit  : 
		Unchanged: 
 Data sizes:     COMRAM   BANK0   BANK1   BANK2   BANK3
      Params:         0       8       0       0       0
      Locals:         0       2       0       0       0
      Temps:          0       0       0       0       0
      Totals:         0      10       0       0       0
Total ram usage:       10 bytes
 Hardware stack levels used:    1
 Hardware stack levels required when called:   10
 This function calls:
		Nothing
 This function is called by:
		_main
 This function uses a non-reentrant model


 *************** function _ToMainHigh_recvmsg *****************
 Defined at:
		line 135 in file "../src/messages.c"
 Parameters:    Size  Location     Type
  maxlength       1   63[BANK0 ] unsigned char 
  msgtype         2   64[BANK0 ] PTR unsigned char 
		 -> main@msgtype(1), 
  data            2   66[BANK0 ] PTR void 
		 -> main@msgbuffer(11), 
 Auto vars:     Size  Location     Type
		None
 Return value:  Size  Location     Type
                  1    wreg      char 
 Registers used:
		wreg, fsr1l, fsr1h, fsr2l, fsr2h, status,2, status,0, prodl, prodh, cstack
 Tracked objects:
		On entry : 
		On exit  : 
		Unchanged: 
 Data sizes:     COMRAM   BANK0   BANK1   BANK2   BANK3
      Params:         0       5       0       0       0
      Locals:         0       0       0       0       0
      Temps:          0       0       0       0       0
      Totals:         0       5       0       0       0
Total ram usage:        5 bytes
 Hardware stack levels used:    1
 Hardware stack levels required when called:   12
 This function calls:
		_recv_msg
 This function is called by:
		_main
 This function uses a non-reentrant model


 *************** function _recv_msg *****************
 Defined at:
		line 63 in file "../src/messages.c"
 Parameters:    Size  Location     Type
  qptr            2   49[BANK0 ] PTR struct __msg_queue
		 -> FromMainHigh_MQ(54), FromMainLow_MQ(54), ToMainHigh_MQ(54), ToMainLow_MQ(54), 
  maxlength       1   51[BANK0 ] unsigned char 
  msgtype         2   52[BANK0 ] PTR unsigned char 
		 -> timer0_int_handler@msgtype(2), main@msgtype(1), 
  data            2   54[BANK0 ] PTR void 
		 -> timer0_int_handler@val(2), main@msgbuffer(11), 
 Auto vars:     Size  Location     Type
  qmsg            2   61[BANK0 ] PTR struct __msg
		 -> FromMainHigh_MQ(54), FromMainLow_MQ(54), ToMainHigh_MQ(54), ToMainLow_MQ(54), 
  tlength         2   59[BANK0 ] unsigned int 
  slot            1   58[BANK0 ] unsigned char 
 Return value:  Size  Location     Type
                  1    wreg      char 
 Registers used:
		wreg, fsr1l, fsr1h, fsr2l, fsr2h, status,2, status,0, prodl, prodh, cstack
 Tracked objects:
		On entry : 
		On exit  : 
		Unchanged: 
 Data sizes:     COMRAM   BANK0   BANK1   BANK2   BANK3
      Params:         0       7       0       0       0
      Locals:         0       5       0       0       0
      Temps:          0       2       0       0       0
      Totals:         0      14       0       0       0
Total ram usage:       14 bytes
 Hardware stack levels used:    1
 Hardware stack levels required when called:   11
 This function calls:
		_memcpy
 This function is called by:
		_ToMainLow_recvmsg
		_ToMainHigh_recvmsg
		_FromMainLow_recvmsg
 This function uses a non-reentrant model


 *************** function _memcpy *****************
 Defined at:
		line 13 in file "C:\Program Files (x86)\Microchip\xc8\v1.20\sources\common\memcpy.c"
 Parameters:    Size  Location     Type
  d1              2   39[BANK0 ] PTR void 
		 -> timer0_int_handler@val(2), FromMainHigh_MQ(54), FromMainLow_MQ(54), ToMainHigh_MQ(54), 
		 -> ToMainLow_MQ(54), main@msgbuffer(11), 
  s1              2   41[BANK0 ] PTR const void 
		 -> timer0_int_handler@val(2), NULL(0), i2c_int_handler@error_buf(3), FromMainHigh_MQ(54), 
		 -> FromMainLow_MQ(54), ToMainHigh_MQ(54), ToMainLow_MQ(54), main@ic(28), 
  n               2   43[BANK0 ] unsigned int 
 Auto vars:     Size  Location     Type
  s               2   47[BANK0 ] PTR const unsigned char 
		 -> timer0_int_handler@val(2), NULL(0), i2c_int_handler@error_buf(3), FromMainHigh_MQ(54), 
		 -> FromMainLow_MQ(54), ToMainHigh_MQ(54), ToMainLow_MQ(54), main@ic(28), 
  d               2   45[BANK0 ] PTR unsigned char 
		 -> timer0_int_handler@val(2), FromMainHigh_MQ(54), FromMainLow_MQ(54), ToMainHigh_MQ(54), 
		 -> ToMainLow_MQ(54), main@msgbuffer(11), 
 Return value:  Size  Location     Type
                  2   39[BANK0 ] PTR void 
 Registers used:
		wreg, fsr1l, fsr1h, fsr2l, fsr2h, status,2, status,0
 Tracked objects:
		On entry : 
		On exit  : 
		Unchanged: 
 Data sizes:     COMRAM   BANK0   BANK1   BANK2   BANK3
      Params:         0       6       0       0       0
      Locals:         0       4       0       0       0
      Temps:          0       0       0       0       0
      Totals:         0      10       0       0       0
Total ram usage:       10 bytes
 Hardware stack levels used:    1
 Hardware stack levels required when called:   10
 This function calls:
		Nothing
 This function is called by:
		_recv_msg
 This function uses a non-reentrant model


 *************** function _block_on_To_msgqueues *****************
 Defined at:
		line 258 in file "../src/messages.c"
 Parameters:    Size  Location     Type
		None
 Auto vars:     Size  Location     Type
		None
 Return value:  Size  Location     Type
		None               void
 Registers used:
		wreg, fsr2l, fsr2h, status,2, status,0, prodl, prodh, cstack
 Tracked objects:
		On entry : 
		On exit  : 
		Unchanged: 
 Data sizes:     COMRAM   BANK0   BANK1   BANK2   BANK3
      Params:         0       0       0       0       0
      Locals:         0       0       0       0       0
      Temps:          0       1       0       0       0
      Totals:         0       1       0       0       0
Total ram usage:        1 bytes
 Hardware stack levels used:    1
 Hardware stack levels required when called:   13
 This function calls:
		_in_main
		_check_msg
		_Delay1KTCYx
 This function is called by:
		_main
 This function uses a non-reentrant model


 *************** function _Delay1KTCYx *****************
 Defined at:
		line 9 in file "C:\Program Files (x86)\Microchip\xc8\v1.20\sources\pic18\d1ktcyx.c"
 Parameters:    Size  Location     Type
  unit            1   39[BANK0 ] unsigned char 
 Auto vars:     Size  Location     Type
		None
 Return value:  Size  Location     Type
		None               void
 Registers used:
		wreg
 Tracked objects:
		On entry : 
		On exit  : 
		Unchanged: 
 Data sizes:     COMRAM   BANK0   BANK1   BANK2   BANK3
      Params:         0       1       0       0       0
      Locals:         0       0       0       0       0
      Temps:          0       0       0       0       0
      Totals:         0       1       0       0       0
Total ram usage:        1 bytes
 Hardware stack levels used:    1
 Hardware stack levels required when called:   10
 This function calls:
		Nothing
 This function is called by:
		_block_on_To_msgqueues
 This function uses a non-reentrant model


 *************** function _check_msg *****************
 Defined at:
		line 222 in file "../src/messages.c"
 Parameters:    Size  Location     Type
  qptr            2   39[BANK0 ] PTR struct __msg_queue
		 -> ToMainHigh_MQ(54), ToMainLow_MQ(54), 
 Auto vars:     Size  Location     Type
		None
 Return value:  Size  Location     Type
                  1    wreg      unsigned char 
 Registers used:
		wreg, fsr2l, fsr2h, status,2, status,0, prodl, prodh
 Tracked objects:
		On entry : 
		On exit  : 
		Unchanged: 
 Data sizes:     COMRAM   BANK0   BANK1   BANK2   BANK3
      Params:         0       2       0       0       0
      Locals:         0       0       0       0       0
      Temps:          0       1       0       0       0
      Totals:         0       3       0       0       0
Total ram usage:        3 bytes
 Hardware stack levels used:    1
 Hardware stack levels required when called:   10
 This function calls:
		Nothing
 This function is called by:
		_block_on_To_msgqueues
 This function uses a non-reentrant model


 *************** function _in_main *****************
 Defined at:
		line 40 in file "../src/interrupts.c"
 Parameters:    Size  Location     Type
		None
 Auto vars:     Size  Location     Type
		None
 Return value:  Size  Location     Type
                  2   43[BANK0 ] int 
 Registers used:
		wreg, status,2, status,0, cstack
 Tracked objects:
		On entry : 
		On exit  : 
		Unchanged: 
 Data sizes:     COMRAM   BANK0   BANK1   BANK2   BANK3
      Params:         0       2       0       0       0
      Locals:         0       0       0       0       0
      Temps:          0       0       0       0       0
      Totals:         0       2       0       0       0
Total ram usage:        2 bytes
 Hardware stack levels used:    1
 Hardware stack levels required when called:   12
 This function calls:
		_in_high_int
		_in_low_int
 This function is called by:
		_block_on_To_msgqueues
 This function uses a non-reentrant model


 *************** function _in_low_int *****************
 Defined at:
		line 30 in file "../src/interrupts.c"
 Parameters:    Size  Location     Type
		None
 Auto vars:     Size  Location     Type
		None
 Return value:  Size  Location     Type
                  2   41[BANK0 ] int 
 Registers used:
		wreg, status,2, status,0, cstack
 Tracked objects:
		On entry : 
		On exit  : 
		Unchanged: 
 Data sizes:     COMRAM   BANK0   BANK1   BANK2   BANK3
      Params:         0       2       0       0       0
      Locals:         0       0       0       0       0
      Temps:          0       0       0       0       0
      Totals:         0       2       0       0       0
Total ram usage:        2 bytes
 Hardware stack levels used:    1
 Hardware stack levels required when called:   11
 This function calls:
		_in_high_int
 This function is called by:
		_in_main
 This function uses a non-reentrant model


 *************** function _in_high_int *****************
 Defined at:
		line 22 in file "../src/interrupts.c"
 Parameters:    Size  Location     Type
		None
 Auto vars:     Size  Location     Type
		None
 Return value:  Size  Location     Type
                  2   39[BANK0 ] int 
 Registers used:
		wreg, status,2
 Tracked objects:
		On entry : 
		On exit  : 
		Unchanged: 
 Data sizes:     COMRAM   BANK0   BANK1   BANK2   BANK3
      Params:         0       2       0       0       0
      Locals:         0       0       0       0       0
      Temps:          0       0       0       0       0
      Totals:         0       2       0       0       0
Total ram usage:        2 bytes
 Hardware stack levels used:    1
 Hardware stack levels required when called:   10
 This function calls:
		Nothing
 This function is called by:
		_in_low_int
		_in_main
 This function uses a non-reentrant model


 *************** function _i2c_configure_slave *****************
 Defined at:
		line 309 in file "../src/my_i2c.c"
 Parameters:    Size  Location     Type
  addr            1   39[BANK0 ] unsigned char 
 Auto vars:     Size  Location     Type
		None
 Return value:  Size  Location     Type
		None               void
 Registers used:
		wreg, status,2, status,0
 Tracked objects:
		On entry : 
		On exit  : 
		Unchanged: 
 Data sizes:     COMRAM   BANK0   BANK1   BANK2   BANK3
      Params:         0       1       0       0       0
      Locals:         0       0       0       0       0
      Temps:          0       0       0       0       0
      Totals:         0       1       0       0       0
Total ram usage:        1 bytes
 Hardware stack levels used:    1
 Hardware stack levels required when called:   10
 This function calls:
		Nothing
 This function is called by:
		_main
 This function uses a non-reentrant model


 *************** function _OpenADC *****************
 Defined at:
		line 71 in file "C:\Program Files (x86)\Microchip\xc8\v1.20\sources\pic18\plib\ADC\adcopen.c"
 Parameters:    Size  Location     Type
  config          1   39[BANK0 ] unsigned char 
  config2         1   40[BANK0 ] unsigned char 
  portconfig      1   41[BANK0 ] unsigned char 
 Auto vars:     Size  Location     Type
		None
 Return value:  Size  Location     Type
		None               void
 Registers used:
		wreg, status,2, status,0
 Tracked objects:
		On entry : 
		On exit  : 
		Unchanged: 
 Data sizes:     COMRAM   BANK0   BANK1   BANK2   BANK3
      Params:         0       3       0       0       0
      Locals:         0       0       0       0       0
      Temps:          0       2       0       0       0
      Totals:         0       5       0       0       0
Total ram usage:        5 bytes
 Hardware stack levels used:    1
 Hardware stack levels required when called:   10
 This function calls:
		Nothing
 This function is called by:
		_main
 This function uses a non-reentrant model


 *************** function _OpenTimer1 *****************
 Defined at:
		line 17 in file "C:\Program Files (x86)\Microchip\xc8\v1.20\sources\pic18\plib\Timers\t1open.c"
 Parameters:    Size  Location     Type
  config          1   39[BANK0 ] unsigned char 
 Auto vars:     Size  Location     Type
		None
 Return value:  Size  Location     Type
		None               void
 Registers used:
		wreg, status,2, status,0
 Tracked objects:
		On entry : 
		On exit  : 
		Unchanged: 
 Data sizes:     COMRAM   BANK0   BANK1   BANK2   BANK3
      Params:         0       1       0       0       0
      Locals:         0       0       0       0       0
      Temps:          0       0       0       0       0
      Totals:         0       1       0       0       0
Total ram usage:        1 bytes
 Hardware stack levels used:    1
 Hardware stack levels required when called:   10
 This function calls:
		Nothing
 This function is called by:
		_main
 This function uses a non-reentrant model


 *************** function _init_queues *****************
 Defined at:
		line 194 in file "../src/messages.c"
 Parameters:    Size  Location     Type
		None
 Auto vars:     Size  Location     Type
		None
 Return value:  Size  Location     Type
		None               void
 Registers used:
		wreg, fsr2l, fsr2h, status,2, status,0, prodl, prodh, cstack
 Tracked objects:
		On entry : 
		On exit  : 
		Unchanged: 
 Data sizes:     COMRAM   BANK0   BANK1   BANK2   BANK3
      Params:         0       0       0       0       0
      Locals:         0       0       0       0       0
      Temps:          0       1       0       0       0
      Totals:         0       1       0       0       0
Total ram usage:        1 bytes
 Hardware stack levels used:    1
 Hardware stack levels required when called:   11
 This function calls:
		_init_queue
 This function is called by:
		_main
 This function uses a non-reentrant model


 *************** function _init_queue *****************
 Defined at:
		line 14 in file "../src/messages.c"
 Parameters:    Size  Location     Type
  qptr            2   39[BANK0 ] PTR struct __msg_queue
		 -> FromMainHigh_MQ(54), FromMainLow_MQ(54), ToMainHigh_MQ(54), ToMainLow_MQ(54), 
 Auto vars:     Size  Location     Type
  i               1   42[BANK0 ] unsigned char 
 Return value:  Size  Location     Type
		None               void
 Registers used:
		wreg, fsr2l, fsr2h, status,2, status,0, prodl, prodh
 Tracked objects:
		On entry : 
		On exit  : 
		Unchanged: 
 Data sizes:     COMRAM   BANK0   BANK1   BANK2   BANK3
      Params:         0       2       0       0       0
      Locals:         0       1       0       0       0
      Temps:          0       1       0       0       0
      Totals:         0       4       0       0       0
Total ram usage:        4 bytes
 Hardware stack levels used:    1
 Hardware stack levels required when called:   10
 This function calls:
		Nothing
 This function is called by:
		_init_queues
 This function uses a non-reentrant model


 *************** function _init_timer1_lthread *****************
 Defined at:
		line 6 in file "../src/timer1_thread.c"
 Parameters:    Size  Location     Type
  tptr            2   39[BANK0 ] PTR struct __timer1_thre
		 -> main@t1thread_data(2), 
 Auto vars:     Size  Location     Type
		None
 Return value:  Size  Location     Type
		None               void
 Registers used:
		wreg, fsr2l, fsr2h
 Tracked objects:
		On entry : 
		On exit  : 
		Unchanged: 
 Data sizes:     COMRAM   BANK0   BANK1   BANK2   BANK3
      Params:         0       2       0       0       0
      Locals:         0       0       0       0       0
      Temps:          0       0       0       0       0
      Totals:         0       2       0       0       0
Total ram usage:        2 bytes
 Hardware stack levels used:    1
 Hardware stack levels required when called:   10
 This function calls:
		Nothing
 This function is called by:
		_main
 This function uses a non-reentrant model


 *************** function _init_i2c *****************
 Defined at:
		line 298 in file "../src/my_i2c.c"
 Parameters:    Size  Location     Type
  ic              2   39[BANK0 ] PTR struct __i2c_comm
		 -> main@ic(28), 
 Auto vars:     Size  Location     Type
		None
 Return value:  Size  Location     Type
		None               void
 Registers used:
		wreg, fsr2l, fsr2h, status,2, status,0
 Tracked objects:
		On entry : 
		On exit  : 
		Unchanged: 
 Data sizes:     COMRAM   BANK0   BANK1   BANK2   BANK3
      Params:         0       2       0       0       0
      Locals:         0       0       0       0       0
      Temps:          0       0       0       0       0
      Totals:         0       2       0       0       0
Total ram usage:        2 bytes
 Hardware stack levels used:    1
 Hardware stack levels required when called:   10
 This function calls:
		Nothing
 This function is called by:
		_main
 This function uses a non-reentrant model


 *************** function _enable_interrupts *****************
 Defined at:
		line 14 in file "../src/interrupts.c"
 Parameters:    Size  Location     Type
		None
 Auto vars:     Size  Location     Type
		None
 Return value:  Size  Location     Type
		None               void
 Registers used:
		None
 Tracked objects:
		On entry : 
		On exit  : 
		Unchanged: 
 Data sizes:     COMRAM   BANK0   BANK1   BANK2   BANK3
      Params:         0       0       0       0       0
      Locals:         0       0       0       0       0
      Temps:          0       0       0       0       0
      Totals:         0       0       0       0       0
Total ram usage:        0 bytes
 Hardware stack levels used:    1
 Hardware stack levels required when called:   10
 This function calls:
		Nothing
 This function is called by:
		_main
 This function uses a non-reentrant model


 *************** function _InterruptHandlerLow *****************
 Defined at:
		line 128 in file "../src/interrupts.c"
 Parameters:    Size  Location     Type
		None
 Auto vars:     Size  Location     Type
		None
 Return value:  Size  Location     Type
		None               void
 Registers used:
		wreg, fsr1l, fsr1h, fsr2l, fsr2h, status,2, status,0, prodl, prodh, cstack
 Tracked objects:
		On entry : 
		On exit  : 
		Unchanged: 
 Data sizes:     COMRAM   BANK0   BANK1   BANK2   BANK3
      Params:         0       0       0       0       0
      Locals:         0       0       0       0       0
      Temps:         17       0       0       0       0
      Totals:        17       0       0       0       0
Total ram usage:       17 bytes
 Hardware stack levels used:    1
 Hardware stack levels required when called:    9
 This function calls:
		_timer1_int_handler
		_uart_recv_int_handler
 This function is called by:
		Interrupt level 1
 This function uses a non-reentrant model


 *************** function _uart_recv_int_handler *****************
 Defined at:
		line 11 in file "../src/my_uart.c"
 Parameters:    Size  Location     Type
		None
 Auto vars:     Size  Location     Type
		None
 Return value:  Size  Location     Type
		None               void
 Registers used:
		wreg, fsr1l, fsr1h, fsr2l, fsr2h, status,2, status,0, prodl, prodh, cstack
 Tracked objects:
		On entry : 
		On exit  : 
		Unchanged: 
 Data sizes:     COMRAM   BANK0   BANK1   BANK2   BANK3
      Params:         0       0       0       0       0
      Locals:         0       0       0       0       0
      Temps:          2       0       0       0       0
      Totals:         2       0       0       0       0
Total ram usage:        2 bytes
 Hardware stack levels used:    1
 Hardware stack levels required when called:    8
 This function calls:
		_ToMainLow_sendmsg
		_ReadUSART
 This function is called by:
		_InterruptHandlerLow
 This function uses a non-reentrant model


 *************** function _ReadUSART *****************
 Defined at:
		line 16 in file "C:\Program Files (x86)\Microchip\xc8\v1.20\sources\pic18\plib\USART\uread.c"
 Parameters:    Size  Location     Type
		None
 Auto vars:     Size  Location     Type
  data            1    0[COMRAM] unsigned char 
 Return value:  Size  Location     Type
                  1    wreg      unsigned char 
 Registers used:
		wreg, status,2, status,0
 Tracked objects:
		On entry : 
		On exit  : 
		Unchanged: 
 Data sizes:     COMRAM   BANK0   BANK1   BANK2   BANK3
      Params:         0       0       0       0       0
      Locals:         1       0       0       0       0
      Temps:          0       0       0       0       0
      Totals:         1       0       0       0       0
Total ram usage:        1 bytes
 Hardware stack levels used:    1
 Hardware stack levels required when called:    5
 This function calls:
		Nothing
 This function is called by:
		_uart_recv_int_handler
 This function uses a non-reentrant model


 *************** function _ToMainLow_sendmsg *****************
 Defined at:
		line 103 in file "../src/messages.c"
 Parameters:    Size  Location     Type
  length          1   22[COMRAM] unsigned char 
  msgtype         1   23[COMRAM] unsigned char 
  data            2   24[COMRAM] PTR void 
		 -> NULL(0), 
 Auto vars:     Size  Location     Type
		None
 Return value:  Size  Location     Type
                  1    wreg      char 
 Registers used:
		wreg, fsr1l, fsr1h, fsr2l, fsr2h, status,2, status,0, prodl, prodh, cstack
 Tracked objects:
		On entry : 
		On exit  : 
		Unchanged: 
 Data sizes:     COMRAM   BANK0   BANK1   BANK2   BANK3
      Params:         4       0       0       0       0
      Locals:         0       0       0       0       0
      Temps:          0       0       0       0       0
      Totals:         4       0       0       0       0
Total ram usage:        4 bytes
 Hardware stack levels used:    1
 Hardware stack levels required when called:    7
 This function calls:
		_send_msg
 This function is called by:
		_uart_recv_int_handler
 This function uses a non-reentrant model


 *************** function _send_msg *****************
 Defined at:
		line 24 in file "../src/messages.c"
 Parameters:    Size  Location     Type
  qptr            2   10[COMRAM] PTR struct __msg_queue
		 -> FromMainHigh_MQ(54), FromMainLow_MQ(54), ToMainHigh_MQ(54), ToMainLow_MQ(54), 
  length          1   12[COMRAM] unsigned char 
  msgtype         1   13[COMRAM] unsigned char 
  data            2   14[COMRAM] PTR void 
		 -> timer0_int_handler@val(2), NULL(0), i2c_int_handler@error_buf(3), main@ic(28), 
 Auto vars:     Size  Location     Type
  qmsg            2   20[COMRAM] PTR struct __msg
[...]
 This function calls:
		Nothing
 This function is called by:
		_SleepIfOkay
 This function uses a non-reentrant model


 *************** function _adc_int_handler *****************
 Defined at:
		line 53 in file "../src/user_interrupts.c"
 Parameters:    Size  Location     Type
		None
 Auto vars:     Size  Location     Type
		None
 Return value:  Size  Location     Type
		None               void
 Registers used:
		wreg, fsr0l, fsr0h, fsr1l, fsr1h, fsr1l, fsr1h, fsr2l, fsr2h, status,2, status,0, pclat, btemp, btemp+1, btemp+2, btemp+3, btemp+4, btemp+5, btemp+6, btemp+7, tosl, structret, tblptrl, tblptrh, tblptru, prodl, prodh, bsr, cstack
 Tracked objects:
		On entry : 
		On exit  : 
		Unchanged: 
 Data sizes:     COMRAM   BANK0   BANK1   BANK2   BANK3
      Params:         0       0       0       0       0
      Locals:         0       0       0       0       0
      Temps:          2       0       0       0       0
      Totals:         2       0       0       0       0
Total ram usage:        2 bytes
 Hardware stack levels used:    1
 Hardware stack levels required when called:    1
 This function calls:
		_ReadADC
		_CloseTimer1
 This function is called by:
		_InterruptHandlerHigh
 This function uses a non-reentrant model


 *************** function _CloseTimer1 *****************
 Defined at:
		line 16 in file "C:\Program Files (x86)\Microchip\xc8\v1.20\sources\pic18\plib\Timers\t1close.c"
 Parameters:    Size  Location     Type
		None
 Auto vars:     Size  Location     Type
		None
 Return value:  Size  Location     Type
		None               void
 Registers used:
		None
 Tracked objects:
		On entry : 
		On exit  : 
		Unchanged: 
 Data sizes:     COMRAM   BANK0   BANK1   BANK2   BANK3
      Params:         0       0       0       0       0
      Locals:         0       0       0       0       0
      Temps:          0       0       0       0       0
      Totals:         0       0       0       0       0
Total ram usage:        0 bytes
 Hardware stack levels used:    1
 This function calls:
		Nothing
 This function is called by:
		_adc_int_handler
 This function uses a non-reentrant model


 *************** function _ReadADC *****************
 Defined at:
		line 25 in file "C:\Program Files (x86)\Microchip\xc8\v1.20\sources\pic18\plib\ADC\adcread.c"
 Parameters:    Size  Location     Type
		None
 Auto vars:     Size  Location     Type
		None
 Return value:  Size  Location     Type
                  2   45[COMRAM] int 
 Registers used:
		wreg, status,2
 Tracked objects:
		On entry : 
		On exit  : 
		Unchanged: 
 Data sizes:     COMRAM   BANK0   BANK1   BANK2   BANK3
      Params:         2       0       0       0       0
      Locals:         0       0       0       0       0
      Temps:          0       0       0       0       0
      Totals:         2       0       0       0       0
Total ram usage:        2 bytes
 Hardware stack levels used:    1
 This function calls:
		Nothing
 This function is called by:
		_adc_int_handler
 This function uses a non-reentrant model


 *************** function _timer0_int_handler *****************
 Defined at:
		line 16 in file "../src/user_interrupts.c"
 Parameters:    Size  Location     Type
		None
 Auto vars:     Size  Location     Type
  val             2   23[BANK0 ] unsigned int 
  msgtype         2   21[BANK0 ] int 
  length          2   19[BANK0 ] int 
 Return value:  Size  Location     Type
		None               void
 Registers used:
		wreg, fsr1l, fsr1h, fsr2l, fsr2h, status,2, status,0, prodl, prodh, cstack
 Tracked objects:
		On entry : 
		On exit  : 
		Unchanged: 
 Data sizes:     COMRAM   BANK0   BANK1   BANK2   BANK3
      Params:         0       0       0       0       0
      Locals:         0       6       0       0       0
      Temps:          0       2       0       0       0
      Totals:         0       8       0       0       0
Total ram usage:        8 bytes
 Hardware stack levels used:    1
 Hardware stack levels required when called:    3
 This function calls:
		_ToMainHigh_sendmsg
		_FromMainHigh_recvmsg
		_WriteTimer0
 This function is called by:
		_InterruptHandlerHigh
 This function uses a non-reentrant model


 *************** function _WriteTimer0 *****************
 Defined at:
		line 17 in file "C:\Program Files (x86)\Microchip\xc8\v1.20\sources\pic18\plib\Timers\t0write.c"
 Parameters:    Size  Location     Type
  timer0          2   45[COMRAM] unsigned int 
 Auto vars:     Size  Location     Type
  timer           2   47[COMRAM] struct Timers
 Return value:  Size  Location     Type
		None               void
 Registers used:
		None
 Tracked objects:
		On entry : 
		On exit  : 
		Unchanged: 
 Data sizes:     COMRAM   BANK0   BANK1   BANK2   BANK3
      Params:         2       0       0       0       0
      Locals:         2       0       0       0       0
      Temps:          0       0       0       0       0
      Totals:         4       0       0       0       0
Total ram usage:        4 bytes
 Hardware stack levels used:    1
 This function calls:
		Nothing
 This function is called by:
		_timer0_int_handler
 This function uses a non-reentrant model


 *************** function _FromMainHigh_recvmsg *****************
 Defined at:
		line 183 in file "../src/messages.c"
 Parameters:    Size  Location     Type
  maxlength       1   12[BANK0 ] unsigned char 
  msgtype         2   13[BANK0 ] PTR unsigned char 
		 -> timer0_int_handler@msgtype(2), 
  data            2   15[BANK0 ] PTR void 
		 -> timer0_int_handler@val(2), 
 Auto vars:     Size  Location     Type
		None
 Return value:  Size  Location     Type
                  1    wreg      char 
 Registers used:
		wreg, fsr1l, fsr1h, fsr2l, fsr2h, status,2, status,0, prodl, prodh, cstack
 Tracked objects:
		On entry : 
		On exit  : 
		Unchanged: 
 Data sizes:     COMRAM   BANK0   BANK1   BANK2   BANK3
      Params:         0       5       0       0       0
      Locals:         0       0       0       0       0
      Temps:          0       0       0       0       0
      Totals:         0       5       0       0       0
Total ram usage:        5 bytes
 Hardware stack levels used:    1
 Hardware stack levels required when called:    2
 This function calls:
		i2_recv_msg
 This function is called by:
		_timer0_int_handler
 This function uses a non-reentrant model


 *************** function i2_recv_msg *****************
 Defined at:
		line 63 in file "../src/messages.c"
 Parameters:    Size  Location     Type
  recv_msg        2    0[BANK0 ] PTR struct __msg_queue
		 -> FromMainHigh_MQ(54), FromMainLow_MQ(54), ToMainHigh_MQ(54), ToMainLow_MQ(54), 
  recv_msg        1    2[BANK0 ] unsigned char 
  recv_msg        2    3[BANK0 ] PTR unsigned char 
		 -> timer0_int_handler@msgtype(2), main@msgtype(1), 
  recv_msg        2    5[BANK0 ] PTR void 
		 -> timer0_int_handler@val(2), main@msgbuffer(11), 
 Auto vars:     Size  Location     Type
  recv_msg        2   10[BANK0 ] PTR struct __msg
		 -> FromMainHigh_MQ(54), FromMainLow_MQ(54), ToMainHigh_MQ(54), ToMainLow_MQ(54), 
  recv_msg        2    8[BANK0 ] unsigned int 
  recv_msg        1    7[BANK0 ] unsigned char 
 Return value:  Size  Location     Type
                  1    wreg      char 
 Registers used:
		wreg, fsr1l, fsr1h, fsr2l, fsr2h, status,2, status,0, prodl, prodh, cstack
 Tracked objects:
		On entry : 
		On exit  : 
		Unchanged: 
 Data sizes:     COMRAM   BANK0   BANK1   BANK2   BANK3
      Params:         0       7       0       0       0
      Locals:         0       5       0       0       0
      Temps:          2       0       0       0       0
      Totals:         2      12       0       0       0
Total ram usage:       14 bytes
 Hardware stack levels used:    1
 Hardware stack levels required when called:    1
 This function calls:
		i2_memcpy
 This function is called by:
		_FromMainHigh_recvmsg
 This function uses a non-reentrant model


 *************** function _i2c_int_handler *****************
 Defined at:
		line 103 in file "../src/my_i2c.c"
 Parameters:    Size  Location     Type
		None
 Auto vars:     Size  Location     Type
  error_buf       3   13[BANK0 ] unsigned char [3]
  data_read       1   21[BANK0 ] unsigned char 
  msg_ready       1   20[BANK0 ] unsigned char 
  i2c_data        1   19[BANK0 ] unsigned char 
  msg_to_send     1   18[BANK0 ] unsigned char 
  overrun_erro    1   17[BANK0 ] unsigned char 
  data_written    1   16[BANK0 ] unsigned char 
 Return value:  Size  Location     Type
		None               void
 Registers used:
		wreg, fsr1l, fsr1h, fsr2l, fsr2h, status,2, status,0, prodl, prodh, cstack
 Tracked objects:
		On entry : 
		On exit  : 
		Unchanged: 
 Data sizes:     COMRAM   BANK0   BANK1   BANK2   BANK3
      Params:         0       0       0       0       0
      Locals:         0       9       0       0       0
      Temps:          0       2       0       0       0
      Totals:         0      11       0       0       0
Total ram usage:       11 bytes
 Hardware stack levels used:    1
 Hardware stack levels required when called:    3
 This function calls:
		_ToMainHigh_sendmsg
		_handle_start
 This function is called by:
		_InterruptHandlerHigh
 This function uses a non-reentrant model


 *************** function _handle_start *****************
 Defined at:
		line 74 in file "../src/my_i2c.c"
 Parameters:    Size  Location     Type
  data_read       1   45[COMRAM] unsigned char 
 Auto vars:     Size  Location     Type
		None
 Return value:  Size  Location     Type
		None               void
 Registers used:
		wreg, fsr2l, fsr2h, status,2, status,0
 Tracked objects:
		On entry : 
		On exit  : 
		Unchanged: 
 Data sizes:     COMRAM   BANK0   BANK1   BANK2   BANK3
      Params:         1       0       0       0       0
      Locals:         0       0       0       0       0
      Temps:          0       0       0       0       0
      Totals:         1       0       0       0       0
Total ram usage:        1 bytes
 Hardware stack levels used:    1
 This function calls:
		Nothing
 This function is called by:
		_i2c_int_handler
 This function uses a non-reentrant model


 *************** function _ToMainHigh_sendmsg *****************
 Defined at:
		line 126 in file "../src/messages.c"
 Parameters:    Size  Location     Type
  length          1   56[COMRAM] unsigned char 
  msgtype         1   57[COMRAM] unsigned char 
  data            2   58[COMRAM] PTR void 
		 -> timer0_int_handler@val(2), NULL(0), i2c_int_handler@error_buf(3), main@ic(28), 
 Auto vars:     Size  Location     Type
		None
 Return value:  Size  Location     Type
                  1    wreg      char 
 Registers used:
		wreg, fsr1l, fsr1h, fsr2l, fsr2h, status,2, status,0, prodl, prodh, cstack
 Tracked objects:
		On entry : 
		On exit  : 
		Unchanged: 
 Data sizes:     COMRAM   BANK0   BANK1   BANK2   BANK3
      Params:         4       0       0       0       0
      Locals:         0       0       0       0       0
      Temps:          0       0       0       0       0
      Totals:         4       0       0       0       0
Total ram usage:        4 bytes
 Hardware stack levels used:    1
 Hardware stack levels required when called:    2
 This function calls:
		i2_send_msg
 This function is called by:
		_i2c_int_handler
		_timer0_int_handler
 This function uses a non-reentrant model


 *************** function i2_send_msg *****************
 Defined at:
		line 24 in file "../src/messages.c"
 Parameters:    Size  Location     Type
  send_msg        2    0[BANK0 ] PTR struct __msg_queue
		 -> FromMainHigh_MQ(54), FromMainLow_MQ(54), ToMainHigh_MQ(54), ToMainLow_MQ(54), 
  send_msg        1    2[BANK0 ] unsigned char 
  send_msg        1    3[BANK0 ] unsigned char 
  send_msg        2    4[BANK0 ] PTR void 
		 -> timer0_int_handler@val(2), NULL(0), i2c_int_handler@error_buf(3), main@ic(28), 
 Auto vars:     Size  Location     Type
  send_msg        2    9[BANK0 ] PTR struct __msg
		 -> FromMainHigh_MQ(54), FromMainLow_MQ(54), ToMainHigh_MQ(54), ToMainLow_MQ(54), 
  send_msg        2    6[BANK0 ] unsigned int 
  send_msg        1    8[BANK0 ] unsigned char 
 Return value:  Size  Location     Type
                  1    wreg      char 
 Registers used:
		wreg, fsr1l, fsr1h, fsr2l, fsr2h, status,2, status,0, prodl, prodh, cstack
 Tracked objects:
		On entry : 
		On exit  : 
		Unchanged: 
 Data sizes:     COMRAM   BANK0   BANK1   BANK2   BANK3
      Params:         0       6       0       0       0
      Locals:         0       5       0       0       0
      Temps:          1       0       0       0       0
      Totals:         1      11       0       0       0
Total ram usage:       12 bytes
 Hardware stack levels used:    1
 Hardware stack levels required when called:    1
 This function calls:
		i2_memcpy
 This function is called by:
		_ToMainHigh_sendmsg
 This function uses a non-reentrant model


 *************** function i2_memcpy *****************
 Defined at:
		line 13 in file "C:\Program Files (x86)\Microchip\xc8\v1.20\sources\common\memcpy.c"
 Parameters:    Size  Location     Type
  memcpy          2   45[COMRAM] PTR void 
		 -> timer0_int_handler@val(2), FromMainHigh_MQ(54), FromMainLow_MQ(54), ToMainHigh_MQ(54), 
		 -> ToMainLow_MQ(54), main@msgbuffer(11), 
  memcpy          2   47[COMRAM] PTR const void 
		 -> timer0_int_handler@val(2), NULL(0), i2c_int_handler@error_buf(3), FromMainHigh_MQ(54), 
		 -> FromMainLow_MQ(54), ToMainHigh_MQ(54), ToMainLow_MQ(54), main@ic(28), 
  memcpy          2   49[COMRAM] unsigned int 
 Auto vars:     Size  Location     Type
  memcpy          2   53[COMRAM] PTR const unsigned char 
		 -> timer0_int_handler@val(2), NULL(0), i2c_int_handler@error_buf(3), FromMainHigh_MQ(54), 
		 -> FromMainLow_MQ(54), ToMainHigh_MQ(54), ToMainLow_MQ(54), main@ic(28), 
  memcpy          2   51[COMRAM] PTR unsigned char 
		 -> timer0_int_handler@val(2), FromMainHigh_MQ(54), FromMainLow_MQ(54), ToMainHigh_MQ(54), 
		 -> ToMainLow_MQ(54), main@msgbuffer(11), 
 Return value:  Size  Location     Type
                  2   45[COMRAM] PTR void 
 Registers used:
		wreg, fsr1l, fsr1h, fsr2l, fsr2h, status,2, status,0
 Tracked objects:
		On entry : 
		On exit  : 
		Unchanged: 
 Data sizes:     COMRAM   BANK0   BANK1   BANK2   BANK3
      Params:         6       0       0       0       0
      Locals:         4       0       0       0       0
      Temps:          0       0       0       0       0
      Totals:        10       0       0       0       0
Total ram usage:       10 bytes
 Hardware stack levels used:    1
 This function calls:
		Nothing
 This function is called by:
		i2_send_msg
		i2_recv_msg
 This function uses a non-reentrant model



MODULE INFORMATION

Module		Function		Class		Link	Load	Size
C:\Program Files (x86)\Microchip\xc8\v1.20\sources\pic18\plib\Timers\t0write.c
		_WriteTimer0   		CODE           	18F0	0000	18

C:\Program Files (x86)\Microchip\xc8\v1.20\sources\pic18\plib\Timers\t0write.c estimated size: 18

C:\Program Files (x86)\Microchip\xc8\v1.20\sources\pic18\plib\Timers\t1write.c
		_WriteTimer1   		CODE           	18DE	0000	18

C:\Program Files (x86)\Microchip\xc8\v1.20\sources\pic18\plib\Timers\t1write.c estimated size: 18

../src/user_interrupts.c
		_timer0_int_han		CODE           	10BC	0000	166
		_timer1_int_han		CODE           	18CC	0000	18
		_adc_int_handle		CODE           	14FE	0000	78

../src/user_interrupts.c estimated size: 262

C:\Program Files (x86)\Microchip\xc8\v1.20\sources\pic18\plib\ADC\adcopen.c
		_OpenADC       		CODE           	12A0	0000	128

C:\Program Files (x86)\Microchip\xc8\v1.20\sources\pic18\plib\ADC\adcopen.c estimated size: 128

../src/timer0_thread.c
		_timer0_lthread		CODE           	191E	0000	10

../src/timer0_thread.c estimated size: 10

shared
		i2_send_msg    		CODE           	0DAC	0000	242
		i2_in_high_int 		CODE           	1912	0000	12
		i2_recv_msg    		CODE           	0B82	0000	288
		__initializatio		CODE           	1694	0000	44
		i2_in_low_int  		CODE           	1734	0000	46
		i1_memcpy      		CODE           	15D6	0000	64
		i2_memcpy      		CODE           	1616	0000	64
		i2_check_msg   		CODE           	1832	0000	36

shared estimated size: 796

C:\Program Files (x86)\Microchip\xc8\v1.20\sources\pic18\plib\Timers\t1close.c
		_CloseTimer1   		CODE           	1940	0000	6

C:\Program Files (x86)\Microchip\xc8\v1.20\sources\pic18\plib\Timers\t1close.c estimated size: 6

../src/timer1_thread.c
		_timer1_lthread		CODE           	1902	0000	16
		_init_timer1_lt		CODE           	18BA	0000	18

../src/timer1_thread.c estimated size: 34

../src/my_i2c.c
		_start_i2c_slav		CODE           	0CA2	0000	266
		_handle_start  		CODE           	0E9E	0000	196
		_i2c_configure_		CODE           	180E	0000	36
		_init_i2c      		CODE           	1400	0000	98
		_i2c_int_handle		CODE           	00C6	0000	1594

../src/my_i2c.c estimated size: 2190

C:\Program Files (x86)\Microchip\xc8\v1.20\sources\pic18\d1ktcyx.c
		_Delay1KTCYx   		CODE           	1896	0000	18

C:\Program Files (x86)\Microchip\xc8\v1.20\sources\pic18\d1ktcyx.c estimated size: 18

C:\Program Files (x86)\Microchip\xc8\v1.20\sources\pic18\plib\USART\uread.c
		_ReadUSART     		CODE           	1878	0000	30

C:\Program Files (x86)\Microchip\xc8\v1.20\sources\pic18\plib\USART\uread.c estimated size: 30

C:\Program Files (x86)\Microchip\xc8\v1.20\sources\pic18\plib\Timers\t1open.c
		_OpenTimer1    		CODE           	1700	0000	52

C:\Program Files (x86)\Microchip\xc8\v1.20\sources\pic18\plib\Timers\t1open.c estimated size: 52

C:\Program Files (x86)\Microchip\xc8\v1.20\sources\common\memcpy.c
		_memcpy        		CODE           	1462	0000	78

C:\Program Files (x86)\Microchip\xc8\v1.20\sources\common\memcpy.c estimated size: 78

../src/uart_thread.c
		_uart_lthread  		CODE           	1656	0000	62

../src/uart_thread.c estimated size: 62

C:\Program Files (x86)\Microchip\xc8\v1.20\sources\pic18\plib\ADC\adcconv.c
		_ConvertADC    		CODE           	1946	0000	4

C:\Program Files (x86)\Microchip\xc8\v1.20\sources\pic18\plib\ADC\adcconv.c estimated size: 4

../src/interrupts.c
		_enable_interru		CODE           	1932	0000	8
		_in_low_int    		CODE           	154C	0000	70
		_in_main       		CODE           	1592	0000	68
		_in_high_int   		CODE           	18A8	0000	18
		_InterruptHandl		CODE           	0018	0000	170
		_InterruptHandl		CODE           	0008	0000	4760

../src/interrupts.c estimated size: 5094

../src/my_uart.c
		_uart_recv_int_		CODE           	1162	0000	164

../src/my_uart.c estimated size: 164

../src/messages.c
		_ToMainHigh_sen		CODE           	17E6	0000	40
		_ToMainHigh_rec		CODE           	178E	0000	44
		_block_on_To_ms		CODE           	0F62	0000	176
		_check_msg     		CODE           	16CA	0000	54
		_ToMainLow_send		CODE           	1856	0000	34
		_ToMainLow_recv		CODE           	1762	0000	44
		_enter_sleep_mo		CODE           	193A	0000	6
		_send_msg      		CODE           	1012	0000	170
		_FromMainHigh_r		CODE           	17BA	0000	44
		_init_queue    		CODE           	1320	0000	122
		_init_queues   		CODE           	139A	0000	102
		_recv_msg      		CODE           	0A56	0000	300
		_SleepIfOkay   		CODE           	14B0	0000	78

../src/messages.c estimated size: 1214

C:\Program Files (x86)\Microchip\xc8\v1.20\sources\pic18\plib\ADC\adcread.c
		_ReadADC       		CODE           	1928	0000	10

C:\Program Files (x86)\Microchip\xc8\v1.20\sources\pic18\plib\ADC\adcread.c estimated size: 10

../src/main.c
		_main          		CODE           	0700	0000	854

../src/main.c estimated size: 854

